Component: ARM Compiler 5.06 update 4 (build 422) Tool: armlink [4d35d2]

==============================================================================

Section Cross References

    stm32f10x_it.o(i.ADC1_2_IRQHandler) refers to stm32f10x_adc.o(i.ADC_GetConversionValue) for ADC_GetConversionValue
    stm32f10x_it.o(i.ADC1_2_IRQHandler) refers to stm32f10x_it.o(.data) for ADC2ConvertedValue
    system_stm32f10x.o(i.SetSysClock) refers to system_stm32f10x.o(i.SetSysClockTo72) for SetSysClockTo72
    system_stm32f10x.o(i.SystemCoreClockUpdate) refers to system_stm32f10x.o(.data) for SystemCoreClock
    system_stm32f10x.o(i.SystemInit) refers to system_stm32f10x.o(i.SetSysClock) for SetSysClock
    startup_stm32f10x_cl.o(STACK) refers (Special) to heapauxi.o(.text) for __use_two_region_memory
    startup_stm32f10x_cl.o(HEAP) refers (Special) to heapauxi.o(.text) for __use_two_region_memory
    startup_stm32f10x_cl.o(RESET) refers (Special) to heapauxi.o(.text) for __use_two_region_memory
    startup_stm32f10x_cl.o(RESET) refers to startup_stm32f10x_cl.o(STACK) for __initial_sp
    startup_stm32f10x_cl.o(RESET) refers to startup_stm32f10x_cl.o(.text) for Reset_Handler
    startup_stm32f10x_cl.o(RESET) refers to stm32f10x_it.o(i.NMI_Handler) for NMI_Handler
    startup_stm32f10x_cl.o(RESET) refers to stm32f10x_it.o(i.HardFault_Handler) for HardFault_Handler
    startup_stm32f10x_cl.o(RESET) refers to stm32f10x_it.o(i.MemManage_Handler) for MemManage_Handler
    startup_stm32f10x_cl.o(RESET) refers to stm32f10x_it.o(i.BusFault_Handler) for BusFault_Handler
    startup_stm32f10x_cl.o(RESET) refers to stm32f10x_it.o(i.UsageFault_Handler) for UsageFault_Handler
    startup_stm32f10x_cl.o(RESET) refers to stm32f10x_it.o(i.SVC_Handler) for SVC_Handler
    startup_stm32f10x_cl.o(RESET) refers to stm32f10x_it.o(i.DebugMon_Handler) for DebugMon_Handler
    startup_stm32f10x_cl.o(RESET) refers to os_cpu_a.o(CODE) for OS_CPU_PendSVHandler
    startup_stm32f10x_cl.o(RESET) refers to os_cpu_c.o(i.OS_CPU_SysTickHandler) for OS_CPU_SysTickHandler
    startup_stm32f10x_cl.o(RESET) refers to stm32f10x_it.o(i.ADC1_2_IRQHandler) for ADC1_2_IRQHandler
    startup_stm32f10x_cl.o(.text) refers (Special) to heapauxi.o(.text) for __use_two_region_memory
    startup_stm32f10x_cl.o(.text) refers to system_stm32f10x.o(i.SystemInit) for SystemInit
    startup_stm32f10x_cl.o(.text) refers to __main.o(!!!main) for __main
    startup_stm32f10x_cl.o(.text) refers to startup_stm32f10x_cl.o(HEAP) for Heap_Mem
    startup_stm32f10x_cl.o(.text) refers to startup_stm32f10x_cl.o(STACK) for Stack_Mem
    stm32f10x_adc.o(i.ADC_DeInit) refers to stm32f10x_rcc.o(i.RCC_APB2PeriphResetCmd) for RCC_APB2PeriphResetCmd
    stm32f10x_bkp.o(i.BKP_DeInit) refers to stm32f10x_rcc.o(i.RCC_BackupResetCmd) for RCC_BackupResetCmd
    stm32f10x_can.o(i.CAN_DeInit) refers to stm32f10x_rcc.o(i.RCC_APB1PeriphResetCmd) for RCC_APB1PeriphResetCmd
    stm32f10x_can.o(i.CAN_GetITStatus) refers to stm32f10x_can.o(i.CheckITStatus) for CheckITStatus
    stm32f10x_cec.o(i.CEC_DeInit) refers to stm32f10x_rcc.o(i.RCC_APB1PeriphResetCmd) for RCC_APB1PeriphResetCmd
    stm32f10x_dac.o(i.DAC_DeInit) refers to stm32f10x_rcc.o(i.RCC_APB1PeriphResetCmd) for RCC_APB1PeriphResetCmd
    stm32f10x_flash.o(i.FLASH_EnableWriteProtection) refers to stm32f10x_flash.o(i.FLASH_WaitForLastOperation) for FLASH_WaitForLastOperation
    stm32f10x_flash.o(i.FLASH_EraseAllBank1Pages) refers to stm32f10x_flash.o(i.FLASH_WaitForLastBank1Operation) for FLASH_WaitForLastBank1Operation
    stm32f10x_flash.o(i.FLASH_EraseAllPages) refers to stm32f10x_flash.o(i.FLASH_WaitForLastOperation) for FLASH_WaitForLastOperation
    stm32f10x_flash.o(i.FLASH_EraseOptionBytes) refers to stm32f10x_flash.o(i.FLASH_GetReadOutProtectionStatus) for FLASH_GetReadOutProtectionStatus
    stm32f10x_flash.o(i.FLASH_EraseOptionBytes) refers to stm32f10x_flash.o(i.FLASH_WaitForLastOperation) for FLASH_WaitForLastOperation
    stm32f10x_flash.o(i.FLASH_ErasePage) refers to stm32f10x_flash.o(i.FLASH_WaitForLastOperation) for FLASH_WaitForLastOperation
    stm32f10x_flash.o(i.FLASH_ProgramHalfWord) refers to stm32f10x_flash.o(i.FLASH_WaitForLastOperation) for FLASH_WaitForLastOperation
    stm32f10x_flash.o(i.FLASH_ProgramOptionByteData) refers to stm32f10x_flash.o(i.FLASH_WaitForLastOperation) for FLASH_WaitForLastOperation
    stm32f10x_flash.o(i.FLASH_ProgramWord) refers to stm32f10x_flash.o(i.FLASH_WaitForLastOperation) for FLASH_WaitForLastOperation
    stm32f10x_flash.o(i.FLASH_ReadOutProtection) refers to stm32f10x_flash.o(i.FLASH_WaitForLastOperation) for FLASH_WaitForLastOperation
    stm32f10x_flash.o(i.FLASH_UserOptionByteConfig) refers to stm32f10x_flash.o(i.FLASH_WaitForLastOperation) for FLASH_WaitForLastOperation
    stm32f10x_flash.o(i.FLASH_WaitForLastBank1Operation) refers to stm32f10x_flash.o(i.FLASH_GetBank1Status) for FLASH_GetBank1Status
[...]
    Removing stm32f10x_spi.o(i.SPI_I2S_ReceiveData), (6 bytes).
    Removing stm32f10x_spi.o(i.SPI_I2S_SendData), (4 bytes).
    Removing stm32f10x_spi.o(i.SPI_Init), (60 bytes).
    Removing stm32f10x_spi.o(i.SPI_NSSInternalSoftwareConfig), (30 bytes).
    Removing stm32f10x_spi.o(i.SPI_SSOutputCmd), (24 bytes).
    Removing stm32f10x_spi.o(i.SPI_StructInit), (24 bytes).
    Removing stm32f10x_spi.o(i.SPI_TransmitCRC), (10 bytes).
    Removing stm32f10x_tim.o(i.TI1_Config), (128 bytes).
    Removing stm32f10x_tim.o(i.TI2_Config), (152 bytes).
    Removing stm32f10x_tim.o(i.TI3_Config), (144 bytes).
    Removing stm32f10x_tim.o(i.TI4_Config), (152 bytes).
    Removing stm32f10x_tim.o(i.TIM_ARRPreloadConfig), (24 bytes).
    Removing stm32f10x_tim.o(i.TIM_BDTRConfig), (32 bytes).
    Removing stm32f10x_tim.o(i.TIM_BDTRStructInit), (18 bytes).
    Removing stm32f10x_tim.o(i.TIM_CCPreloadControl), (24 bytes).
    Removing stm32f10x_tim.o(i.TIM_CCxCmd), (30 bytes).
    Removing stm32f10x_tim.o(i.TIM_CCxNCmd), (30 bytes).
    Removing stm32f10x_tim.o(i.TIM_ClearFlag), (6 bytes).
    Removing stm32f10x_tim.o(i.TIM_ClearITPendingBit), (6 bytes).
    Removing stm32f10x_tim.o(i.TIM_ClearOC1Ref), (18 bytes).
    Removing stm32f10x_tim.o(i.TIM_ClearOC2Ref), (24 bytes).
    Removing stm32f10x_tim.o(i.TIM_ClearOC3Ref), (18 bytes).
    Removing stm32f10x_tim.o(i.TIM_ClearOC4Ref), (24 bytes).
    Removing stm32f10x_tim.o(i.TIM_Cmd), (24 bytes).
    Removing stm32f10x_tim.o(i.TIM_CounterModeConfig), (18 bytes).
    Removing stm32f10x_tim.o(i.TIM_CtrlPWMOutputs), (30 bytes).
    Removing stm32f10x_tim.o(i.TIM_DMACmd), (18 bytes).
    Removing stm32f10x_tim.o(i.TIM_DMAConfig), (10 bytes).
    Removing stm32f10x_tim.o(i.TIM_DeInit), (488 bytes).
    Removing stm32f10x_tim.o(i.TIM_ETRClockMode1Config), (54 bytes).
    Removing stm32f10x_tim.o(i.TIM_ETRClockMode2Config), (32 bytes).
    Removing stm32f10x_tim.o(i.TIM_ETRConfig), (28 bytes).
    Removing stm32f10x_tim.o(i.TIM_EncoderInterfaceConfig), (66 bytes).
    Removing stm32f10x_tim.o(i.TIM_ForcedOC1Config), (18 bytes).
    Removing stm32f10x_tim.o(i.TIM_ForcedOC2Config), (26 bytes).
    Removing stm32f10x_tim.o(i.TIM_ForcedOC3Config), (18 bytes).
    Removing stm32f10x_tim.o(i.TIM_ForcedOC4Config), (26 bytes).
    Removing stm32f10x_tim.o(i.TIM_GenerateEvent), (4 bytes).
    Removing stm32f10x_tim.o(i.TIM_GetCapture1), (6 bytes).
    Removing stm32f10x_tim.o(i.TIM_GetCapture2), (6 bytes).
    Removing stm32f10x_tim.o(i.TIM_GetCapture3), (6 bytes).
    Removing stm32f10x_tim.o(i.TIM_GetCapture4), (8 bytes).
    Removing stm32f10x_tim.o(i.TIM_GetCounter), (6 bytes).
    Removing stm32f10x_tim.o(i.TIM_GetFlagStatus), (18 bytes).
    Removing stm32f10x_tim.o(i.TIM_GetITStatus), (34 bytes).
    Removing stm32f10x_tim.o(i.TIM_GetPrescaler), (6 bytes).
    Removing stm32f10x_tim.o(i.TIM_ICInit), (172 bytes).
    Removing stm32f10x_tim.o(i.TIM_ICStructInit), (18 bytes).
    Removing stm32f10x_tim.o(i.TIM_ITConfig), (18 bytes).
    Removing stm32f10x_tim.o(i.TIM_ITRxExternalClockConfig), (24 bytes).
    Removing stm32f10x_tim.o(i.TIM_InternalClockConfig), (12 bytes).
    Removing stm32f10x_tim.o(i.TIM_OC1FastConfig), (18 bytes).
    Removing stm32f10x_tim.o(i.TIM_OC1Init), (152 bytes).
    Removing stm32f10x_tim.o(i.TIM_OC1NPolarityConfig), (18 bytes).
    Removing stm32f10x_tim.o(i.TIM_OC1PolarityConfig), (18 bytes).
    Removing stm32f10x_tim.o(i.TIM_OC1PreloadConfig), (18 bytes).
    Removing stm32f10x_tim.o(i.TIM_OC2FastConfig), (26 bytes).
    Removing stm32f10x_tim.o(i.TIM_OC2Init), (164 bytes).
    Removing stm32f10x_tim.o(i.TIM_OC2NPolarityConfig), (26 bytes).
    Removing stm32f10x_tim.o(i.TIM_OC2PolarityConfig), (26 bytes).
    Removing stm32f10x_tim.o(i.TIM_OC2PreloadConfig), (26 bytes).
    Removing stm32f10x_tim.o(i.TIM_OC3FastConfig), (18 bytes).
    Removing stm32f10x_tim.o(i.TIM_OC3Init), (160 bytes).
    Removing stm32f10x_tim.o(i.TIM_OC3NPolarityConfig), (26 bytes).
    Removing stm32f10x_tim.o(i.TIM_OC3PolarityConfig), (26 bytes).
    Removing stm32f10x_tim.o(i.TIM_OC3PreloadConfig), (18 bytes).
    Removing stm32f10x_tim.o(i.TIM_OC4FastConfig), (26 bytes).
    Removing stm32f10x_tim.o(i.TIM_OC4Init), (124 bytes).
    Removing stm32f10x_tim.o(i.TIM_OC4PolarityConfig), (26 bytes).
    Removing stm32f10x_tim.o(i.TIM_OC4PreloadConfig), (26 bytes).
    Removing stm32f10x_tim.o(i.TIM_OCStructInit), (20 bytes).
    Removing stm32f10x_tim.o(i.TIM_PWMIConfig), (124 bytes).
    Removing stm32f10x_tim.o(i.TIM_PrescalerConfig), (6 bytes).
    Removing stm32f10x_tim.o(i.TIM_SelectCCDMA), (24 bytes).
    Removing stm32f10x_tim.o(i.TIM_SelectCOM), (24 bytes).
    Removing stm32f10x_tim.o(i.TIM_SelectHallSensor), (24 bytes).
    Removing stm32f10x_tim.o(i.TIM_SelectInputTrigger), (18 bytes).
    Removing stm32f10x_tim.o(i.TIM_SelectMasterSlaveMode), (18 bytes).
    Removing stm32f10x_tim.o(i.TIM_SelectOCxM), (82 bytes).
    Removing stm32f10x_tim.o(i.TIM_SelectOnePulseMode), (18 bytes).
    Removing stm32f10x_tim.o(i.TIM_SelectOutputTrigger), (18 bytes).
    Removing stm32f10x_tim.o(i.TIM_SelectSlaveMode), (18 bytes).
    Removing stm32f10x_tim.o(i.TIM_SetAutoreload), (4 bytes).
    Removing stm32f10x_tim.o(i.TIM_SetClockDivision), (18 bytes).
    Removing stm32f10x_tim.o(i.TIM_SetCompare1), (4 bytes).
    Removing stm32f10x_tim.o(i.TIM_SetCompare2), (4 bytes).
    Removing stm32f10x_tim.o(i.TIM_SetCompare3), (4 bytes).
    Removing stm32f10x_tim.o(i.TIM_SetCompare4), (6 bytes).
    Removing stm32f10x_tim.o(i.TIM_SetCounter), (4 bytes).
    Removing stm32f10x_tim.o(i.TIM_SetIC1Prescaler), (18 bytes).
    Removing stm32f10x_tim.o(i.TIM_SetIC2Prescaler), (26 bytes).
    Removing stm32f10x_tim.o(i.TIM_SetIC3Prescaler), (18 bytes).
    Removing stm32f10x_tim.o(i.TIM_SetIC4Prescaler), (26 bytes).
    Removing stm32f10x_tim.o(i.TIM_TIxExternalClockConfig), (62 bytes).
    Removing stm32f10x_tim.o(i.TIM_TimeBaseInit), (164 bytes).
    Removing stm32f10x_tim.o(i.TIM_TimeBaseStructInit), (18 bytes).
    Removing stm32f10x_tim.o(i.TIM_UpdateDisableConfig), (24 bytes).
    Removing stm32f10x_tim.o(i.TIM_UpdateRequestConfig), (24 bytes).
    Removing stm32f10x_usart.o(i.USART_ClearFlag), (18 bytes).
    Removing stm32f10x_usart.o(i.USART_ClearITPendingBit), (30 bytes).
    Removing stm32f10x_usart.o(i.USART_ClockInit), (34 bytes).
    Removing stm32f10x_usart.o(i.USART_ClockStructInit), (12 bytes).
    Removing stm32f10x_usart.o(i.USART_Cmd), (24 bytes).
    Removing stm32f10x_usart.o(i.USART_DMACmd), (18 bytes).
    Removing stm32f10x_usart.o(i.USART_DeInit), (156 bytes).
    Removing stm32f10x_usart.o(i.USART_GetFlagStatus), (26 bytes).
    Removing stm32f10x_usart.o(i.USART_GetITStatus), (84 bytes).
    Removing stm32f10x_usart.o(i.USART_HalfDuplexCmd), (24 bytes).
    Removing stm32f10x_usart.o(i.USART_ITConfig), (74 bytes).
    Removing stm32f10x_usart.o(i.USART_Init), (216 bytes).
    Removing stm32f10x_usart.o(i.USART_IrDACmd), (24 bytes).
    Removing stm32f10x_usart.o(i.USART_IrDAConfig), (18 bytes).
    Removing stm32f10x_usart.o(i.USART_LINBreakDetectLengthConfig), (18 bytes).
    Removing stm32f10x_usart.o(i.USART_LINCmd), (24 bytes).
    Removing stm32f10x_usart.o(i.USART_OneBitMethodCmd), (24 bytes).
    Removing stm32f10x_usart.o(i.USART_OverSampling8Cmd), (22 bytes).
    Removing stm32f10x_usart.o(i.USART_ReceiveData), (10 bytes).
    Removing stm32f10x_usart.o(i.USART_ReceiverWakeUpCmd), (24 bytes).
    Removing stm32f10x_usart.o(i.USART_SendBreak), (10 bytes).
    Removing stm32f10x_usart.o(i.USART_SendData), (8 bytes).
    Removing stm32f10x_usart.o(i.USART_SetAddress), (18 bytes).
    Removing stm32f10x_usart.o(i.USART_SetGuardTime), (16 bytes).
    Removing stm32f10x_usart.o(i.USART_SetPrescaler), (16 bytes).
    Removing stm32f10x_usart.o(i.USART_SmartCardCmd), (24 bytes).
    Removing stm32f10x_usart.o(i.USART_SmartCardNACKCmd), (24 bytes).
    Removing stm32f10x_usart.o(i.USART_StructInit), (24 bytes).
    Removing stm32f10x_usart.o(i.USART_WakeUpConfig), (18 bytes).
    Removing stm32f10x_wwdg.o(i.WWDG_ClearFlag), (12 bytes).
    Removing stm32f10x_wwdg.o(i.WWDG_DeInit), (22 bytes).
    Removing stm32f10x_wwdg.o(i.WWDG_Enable), (16 bytes).
    Removing stm32f10x_wwdg.o(i.WWDG_EnableIT), (12 bytes).
    Removing stm32f10x_wwdg.o(i.WWDG_GetFlagStatus), (12 bytes).
    Removing stm32f10x_wwdg.o(i.WWDG_SetCounter), (16 bytes).
    Removing stm32f10x_wwdg.o(i.WWDG_SetPrescaler), (24 bytes).
    Removing stm32f10x_wwdg.o(i.WWDG_SetWindowValue), (40 bytes).
    Removing os_app_hooks.o(i.App_OS_ClrAllHooks), (100 bytes).
    Removing os_app_hooks.o(i.App_OS_IdleTaskHook), (2 bytes).
    Removing os_app_hooks.o(i.App_OS_InitHook), (2 bytes).
    Removing os_app_hooks.o(i.App_OS_SetAllHooks), (140 bytes).
    Removing os_app_hooks.o(i.App_OS_StatTaskHook), (2 bytes).
    Removing os_app_hooks.o(i.App_OS_TaskCreateHook), (2 bytes).
    Removing os_app_hooks.o(i.App_OS_TaskDelHook), (2 bytes).
    Removing os_app_hooks.o(i.App_OS_TaskReturnHook), (2 bytes).
    Removing os_app_hooks.o(i.App_OS_TaskSwHook), (2 bytes).
    Removing os_app_hooks.o(i.App_OS_TimeTickHook), (2 bytes).
    Removing bsp.o(i.BSP_CPU_ClkFreq), (16 bytes).
    Removing bsp.o(i.BSP_Init), (2 bytes).
    Removing bsp.o(i.BSP_StatusRd), (32 bytes).
    Removing bsp.o(i.CPU_TS_TmrInit), (52 bytes).
    Removing bsp.o(.data), (4 bytes).
    Removing cpu_core.o(i.CPU_CntLeadZeros08), (18 bytes).
    Removing cpu_core.o(i.CPU_CntLeadZeros16), (18 bytes).
    Removing cpu_core.o(i.CPU_CntLeadZeros32), (18 bytes).
    Removing cpu_core.o(i.CPU_CntLeadZeros64), (192 bytes).
    Removing cpu_core.o(i.CPU_CntTrailZeros08), (22 bytes).
    Removing cpu_core.o(i.CPU_CntTrailZeros16), (22 bytes).
    Removing cpu_core.o(i.CPU_CntTrailZeros32), (22 bytes).
    Removing cpu_core.o(i.CPU_CntTrailZeros64), (62 bytes).
    Removing cpu_core.o(i.CPU_Init), (16 bytes).
    Removing cpu_core.o(i.CPU_IntDisMeasInit), (132 bytes).
    Removing cpu_core.o(i.CPU_IntDisMeasMaxGet), (44 bytes).
    Removing cpu_core.o(i.CPU_NameClr), (56 bytes).
    Removing cpu_core.o(i.CPU_NameGet), (84 bytes).
    Removing cpu_core.o(i.CPU_NameInit), (8 bytes).
    Removing cpu_core.o(i.CPU_NameSet), (108 bytes).
    Removing cpu_core.o(i.CPU_SW_Exception), (4 bytes).
    Removing cpu_core.o(i.CPU_TS_Get32), (12 bytes).
    Removing cpu_core.o(i.CPU_TS_Init), (20 bytes).
    Removing cpu_core.o(i.CPU_TS_TmrFreqGet), (36 bytes).
    Removing cpu_core.o(i.CPU_TS_TmrFreqSet), (12 bytes).
    Removing cpu_core.o(i.CPU_TS_Update), (2 bytes).
    Removing cpu_core.o(.bss), (16 bytes).
    Removing cpu_core.o(.constdata), (256 bytes).
    Removing cpu_c.o(i.CPU_BitBandClr), (68 bytes).
    Removing cpu_c.o(i.CPU_BitBandSet), (68 bytes).
    Removing cpu_c.o(i.CPU_IntSrcDis), (376 bytes).
    Removing cpu_c.o(i.CPU_IntSrcEn), (376 bytes).
    Removing cpu_c.o(i.CPU_IntSrcPendClr), (172 bytes).
    Removing cpu_c.o(i.CPU_IntSrcPrioGet), (520 bytes).
    Removing cpu_c.o(i.CPU_IntSrcPrioSet), (576 bytes).
    Removing lib_ascii.o(i.ASCII_Cmp), (38 bytes).
    Removing lib_ascii.o(i.ASCII_IsAlpha), (48 bytes).
    Removing lib_ascii.o(i.ASCII_IsAlphaNum), (76 bytes).
    Removing lib_ascii.o(i.ASCII_IsBlank), (20 bytes).
    Removing lib_ascii.o(i.ASCII_IsCtrl), (26 bytes).
    Removing lib_ascii.o(i.ASCII_IsDig), (20 bytes).
    Removing lib_ascii.o(i.ASCII_IsDigHex), (36 bytes).
    Removing lib_ascii.o(i.ASCII_IsDigOct), (20 bytes).
    Removing lib_ascii.o(i.ASCII_IsGraph), (20 bytes).
    Removing lib_ascii.o(i.ASCII_IsLower), (20 bytes).
    Removing lib_ascii.o(i.ASCII_IsPrint), (20 bytes).
    Removing lib_ascii.o(i.ASCII_IsPunct), (134 bytes).
    Removing lib_ascii.o(i.ASCII_IsSpace), (36 bytes).
    Removing lib_ascii.o(i.ASCII_IsUpper), (20 bytes).
    Removing lib_ascii.o(i.ASCII_ToLower), (32 bytes).
    Removing lib_ascii.o(i.ASCII_ToUpper), (32 bytes).
    Removing lib_math.o(i.Math_Init), (10 bytes).
    Removing lib_math.o(i.Math_Rand), (64 bytes).
    Removing lib_math.o(i.Math_RandSeed), (24 bytes).
    Removing lib_math.o(i.Math_RandSetSeed), (52 bytes).
    Removing lib_math.o(.data), (4 bytes).
    Removing lib_mem.o(i.Mem_Clr), (18 bytes).
    Removing lib_mem.o(i.Mem_Cmp), (192 bytes).
    Removing lib_mem.o(i.Mem_HeapAlloc), (264 bytes).
    Removing lib_mem.o(i.Mem_HeapGetSizeRem), (28 bytes).
    Removing lib_mem.o(i.Mem_Init), (72 bytes).
    Removing lib_mem.o(i.Mem_Move), (204 bytes).
    Removing lib_mem.o(i.Mem_PoolBlkFree), (352 bytes).
    Removing lib_mem.o(i.Mem_PoolBlkGet), (252 bytes).
    Removing lib_mem.o(i.Mem_PoolBlkGetNbrAvail), (152 bytes).
    Removing lib_mem.o(i.Mem_PoolBlkGetUsedAtIx), (240 bytes).
    Removing lib_mem.o(i.Mem_PoolBlkIsValidAddr), (102 bytes).
    Removing lib_mem.o(i.Mem_PoolBlkIxGet), (348 bytes).
    Removing lib_mem.o(i.Mem_PoolClr), (80 bytes).
    Removing lib_mem.o(i.Mem_PoolCreate), (1124 bytes).
    Removing lib_mem.o(i.Mem_SegAlloc), (80 bytes).
    Removing lib_mem.o(i.Mem_SegCalcTotSize), (164 bytes).
    Removing lib_mem.o(i.Mem_SegGetSizeRem), (244 bytes).
    Removing lib_mem.o(i.Mem_Set), (98 bytes).
    Removing lib_mem.o(.bss), (27720 bytes).
    Removing lib_mem.o(.data), (4 bytes).
    Removing lib_str.o(i.Str_Cat), (24 bytes).
    Removing lib_str.o(i.Str_Cat_N), (90 bytes).
    Removing lib_str.o(i.Str_Char), (24 bytes).
    Removing lib_str.o(i.Str_Char_Last), (24 bytes).
    Removing lib_str.o(i.Str_Char_Last_N), (76 bytes).
    Removing lib_str.o(i.Str_Char_N), (74 bytes).
    Removing lib_str.o(i.Str_Char_Replace), (28 bytes).
    Removing lib_str.o(i.Str_Char_Replace_N), (52 bytes).
    Removing lib_str.o(i.Str_Cmp), (24 bytes).
    Removing lib_str.o(i.Str_CmpIgnoreCase), (24 bytes).
    Removing lib_str.o(i.Str_CmpIgnoreCase_N), (264 bytes).
    Removing lib_str.o(i.Str_Cmp_N), (156 bytes).
    Removing lib_str.o(i.Str_Copy), (24 bytes).
    Removing lib_str.o(i.Str_Copy_N), (70 bytes).
    Removing lib_str.o(i.Str_FmtNbr_Int32), (474 bytes).
    Removing lib_str.o(i.Str_FmtNbr_Int32S), (62 bytes).
    Removing lib_str.o(i.Str_FmtNbr_Int32U), (46 bytes).
    Removing lib_str.o(i.Str_Len), (20 bytes).
    Removing lib_str.o(i.Str_Len_N), (28 bytes).
    Removing lib_str.o(i.Str_ParseNbr_Int32), (452 bytes).
    Removing lib_str.o(i.Str_ParseNbr_Int32S), (74 bytes).
    Removing lib_str.o(i.Str_ParseNbr_Int32U), (30 bytes).
    Removing lib_str.o(i.Str_Str), (24 bytes).
    Removing lib_str.o(i.Str_Str_N), (182 bytes).
    Removing lib_str.o(.constdata), (148 bytes).
    Removing lib_mem_a.o(.text), (544 bytes).
    Removing os_cfg_app.o(i.OSCfg_Init), (2 bytes).
    Removing os_core.o(i.OSInit), (396 bytes).
    Removing os_core.o(i.OSIntEnter), (44 bytes).
    Removing os_core.o(i.OSSched), (168 bytes).
    Removing os_core.o(i.OSSchedLock), (124 bytes).
    Removing os_core.o(i.OSSchedRoundRobinCfg), (108 bytes).
    Removing os_core.o(i.OSSchedRoundRobinYield), (200 bytes).
    Removing os_core.o(i.OSSchedUnlock), (160 bytes).
    Removing os_core.o(i.OSStart), (104 bytes).
    Removing os_core.o(i.OSVersion), (12 bytes).
    Removing os_core.o(i.OS_IdleTask), (76 bytes).
    Removing os_core.o(i.OS_IdleTaskInit), (112 bytes).
    Removing os_core.o(i.OS_Pend), (104 bytes).
    Removing os_core.o(i.OS_PendAbort), (166 bytes).
    Removing os_core.o(i.OS_PendAbort1), (36 bytes).
    Removing os_core.o(i.OS_PendDataInit), (38 bytes).
    Removing os_core.o(i.OS_PendDbgNameAdd), (92 bytes).
    Removing os_core.o(i.OS_PendDbgNameRemove), (36 bytes).
    Removing os_core.o(i.OS_PendListChangePrio), (70 bytes).
    Removing os_core.o(i.OS_PendListInit), (10 bytes).
    Removing os_core.o(i.OS_PendListInsertHead), (32 bytes).
    Removing os_core.o(i.OS_PendListInsertPrio), (102 bytes).
    Removing os_core.o(i.OS_PendListRemove), (48 bytes).
    Removing os_core.o(i.OS_PendListRemove1), (66 bytes).
    Removing os_core.o(i.OS_PendObjDel), (162 bytes).
    Removing os_core.o(i.OS_PendObjDel1), (36 bytes).
    Removing os_core.o(i.OS_Post), (192 bytes).
    Removing os_core.o(i.OS_Post1), (42 bytes).
    Removing os_core.o(i.OS_RdyListInit), (36 bytes).
    Removing os_core.o(i.OS_RdyListInsert), (44 bytes).
    Removing os_core.o(i.OS_RdyListInsertHead), (64 bytes).
    Removing os_core.o(i.OS_RdyListInsertTail), (60 bytes).
    Removing os_core.o(i.OS_RdyListMoveHeadToTail), (68 bytes).
    Removing os_core.o(i.OS_RdyListRemove), (92 bytes).
    Removing os_core.o(i.OS_Sched0), (92 bytes).
    Removing os_core.o(i.OS_SchedLockTimeMeasStart), (28 bytes).
    Removing os_core.o(i.OS_SchedLockTimeMeasStop), (60 bytes).
    Removing os_core.o(i.OS_SchedRoundRobin), (236 bytes).
    Removing os_core.o(i.OS_TaskBlock), (56 bytes).
    Removing os_core.o(i.OS_TaskRdy), (28 bytes).
    Removing os_dbg.o(i.OS_Dbg_Init), (436 bytes).
    Removing os_dbg.o(.constdata), (364 bytes).
    Removing os_flag.o(i.OSFlagCreate), (228 bytes).
    Removing os_flag.o(i.OSFlagDel), (712 bytes).
    Removing os_flag.o(i.OSFlagPend), (1680 bytes).
    Removing os_flag.o(i.OSFlagPendAbort), (348 bytes).
    Removing os_flag.o(i.OSFlagPendGetFlagsRdy), (84 bytes).
    Removing os_flag.o(i.OSFlagPost), (156 bytes).
    Removing os_flag.o(i.OS_FlagBlock), (64 bytes).
    Removing os_flag.o(i.OS_FlagClr), (40 bytes).
    Removing os_flag.o(i.OS_FlagDbgListAdd), (48 bytes).
    Removing os_flag.o(i.OS_FlagDbgListRemove), (48 bytes).
    Removing os_flag.o(i.OS_FlagInit), (24 bytes).
    Removing os_flag.o(i.OS_FlagPost), (636 bytes).
    Removing os_flag.o(i.OS_FlagTaskRdy), (86 bytes).
    Removing os_int.o(i.OS_IntQRePost), (420 bytes).
    Removing os_int.o(i.OS_IntQTask), (200 bytes).
    Removing os_int.o(i.OS_IntQTaskInit), (296 bytes).
    Removing os_mem.o(i.OSMemCreate), (344 bytes).
    Removing os_mem.o(i.OSMemGet), (112 bytes).
    Removing os_mem.o(i.OSMemPut), (124 bytes).
    Removing os_mem.o(i.OS_MemDbgListAdd), (40 bytes).
    Removing os_mem.o(i.OS_MemInit), (24 bytes).
    Removing os_msg.o(i.OS_MsgPoolInit), (124 bytes).
    Removing os_msg.o(i.OS_MsgQFreeAll), (68 bytes).
    Removing os_msg.o(i.OS_MsgQGet), (104 bytes).
    Removing os_msg.o(i.OS_MsgQInit), (14 bytes).
    Removing os_msg.o(i.OS_MsgQPut), (260 bytes).
    Removing os_mutex.o(i.OSMutexCreate), (232 bytes).
    Removing os_mutex.o(i.OSMutexDel), (940 bytes).
    Removing os_mutex.o(i.OSMutexPend), (808 bytes).
    Removing os_mutex.o(i.OSMutexPendAbort), (348 bytes).
    Removing os_mutex.o(i.OSMutexPost), (672 bytes).
    Removing os_mutex.o(i.OS_MutexClr), (52 bytes).
    Removing os_mutex.o(i.OS_MutexDbgListAdd), (48 bytes).
    Removing os_mutex.o(i.OS_MutexDbgListRemove), (48 bytes).
    Removing os_mutex.o(i.OS_MutexInit), (24 bytes).
    Removing os_pend_multi.o(i.OSPendMulti), (492 bytes).
    Removing os_pend_multi.o(i.OS_PendMultiGetRdy), (148 bytes).
    Removing os_pend_multi.o(i.OS_PendMultiValidate), (76 bytes).
    Removing os_pend_multi.o(i.OS_PendMultiWait), (140 bytes).
    Removing os_prio.o(i.OS_PrioInit), (24 bytes).
    Removing os_prio.o(i.OS_PrioRemove), (36 bytes).
    Removing os_q.o(i.OSQCreate), (240 bytes).
    Removing os_q.o(i.OSQDel), (432 bytes).
    Removing os_q.o(i.OSQFlush), (268 bytes).
    Removing os_q.o(i.OSQPend), (576 bytes).
    Removing os_q.o(i.OSQPendAbort), (348 bytes).
    Removing os_q.o(i.OSQPost), (184 bytes).
    Removing os_q.o(i.OS_QClr), (48 bytes).
    Removing os_q.o(i.OS_QDbgListAdd), (48 bytes).
    Removing os_q.o(i.OS_QDbgListRemove), (48 bytes).
    Removing os_q.o(i.OS_QInit), (24 bytes).
    Removing os_q.o(i.OS_QPost), (392 bytes).
    Removing os_sem.o(i.OSSemCreate), (228 bytes).
    Removing os_sem.o(i.OSSemDel), (432 bytes).
    Removing os_sem.o(i.OSSemPend), (540 bytes).
    Removing os_sem.o(i.OSSemPendAbort), (348 bytes).
    Removing os_sem.o(i.OSSemPost), (152 bytes).
    Removing os_sem.o(i.OSSemSet), (136 bytes).
    Removing os_sem.o(i.OS_SemClr), (40 bytes).
    Removing os_sem.o(i.OS_SemDbgListAdd), (48 bytes).
    Removing os_sem.o(i.OS_SemDbgListRemove), (48 bytes).
    Removing os_sem.o(i.OS_SemInit), (24 bytes).
    Removing os_sem.o(i.OS_SemPost), (408 bytes).
    Removing os_stat.o(i.OSStatReset), (360 bytes).
    Removing os_stat.o(i.OSStatTaskCPUUsageInit), (256 bytes).
    Removing os_stat.o(i.OS_StatTask), (952 bytes).
    Removing os_stat.o(i.OS_StatTaskInit), (204 bytes).
    Removing os_task.o(i.OSTaskChangePrio), (500 bytes).
    Removing os_task.o(i.OSTaskCreate), (660 bytes).
    Removing os_task.o(i.OSTaskDel), (520 bytes).
    Removing os_task.o(i.OSTaskQFlush), (280 bytes).
    Removing os_task.o(i.OSTaskQPend), (584 bytes).
    Removing os_task.o(i.OSTaskQPendAbort), (300 bytes).
    Removing os_task.o(i.OSTaskQPost), (124 bytes).
    Removing os_task.o(i.OSTaskRegGet), (92 bytes).
    Removing os_task.o(i.OSTaskRegGetID), (100 bytes).
    Removing os_task.o(i.OSTaskRegSet), (92 bytes).
    Removing os_task.o(i.OSTaskResume), (136 bytes).
    Removing os_task.o(i.OSTaskSemPend), (592 bytes).
    Removing os_task.o(i.OSTaskSemPendAbort), (336 bytes).
    Removing os_task.o(i.OSTaskSemPost), (108 bytes).
    Removing os_task.o(i.OSTaskSemSet), (96 bytes).
    Removing os_task.o(i.OSTaskStkChk), (228 bytes).
    Removing os_task.o(i.OSTaskSuspend), (96 bytes).
    Removing os_task.o(i.OSTaskTimeQuantaSet), (116 bytes).
    Removing os_task.o(i.OS_TaskDbgListAdd), (48 bytes).
    Removing os_task.o(i.OS_TaskDbgListRemove), (68 bytes).
    Removing os_task.o(i.OS_TaskInit), (32 bytes).
    Removing os_task.o(i.OS_TaskInitTCB), (208 bytes).
    Removing os_task.o(i.OS_TaskQPost), (620 bytes).
    Removing os_task.o(i.OS_TaskResume), (380 bytes).
    Removing os_task.o(i.OS_TaskReturn), (24 bytes).
    Removing os_task.o(i.OS_TaskSemPost), (1448 bytes).
    Removing os_task.o(i.OS_TaskSuspend), (400 bytes).
    Removing os_tick.o(i.OS_TickListInit), (40 bytes).
    Removing os_tick.o(i.OS_TickListInsert), (444 bytes).
    Removing os_tick.o(i.OS_TickListRemove), (56 bytes).
    Removing os_tick.o(i.OS_TickListResetPeak), (36 bytes).
    Removing os_tick.o(i.OS_TickListUpdate), (544 bytes).
    Removing os_tick.o(i.OS_TickTask), (44 bytes).
    Removing os_tick.o(i.OS_TickTaskInit), (184 bytes).
    Removing os_time.o(i.OSTimeDly), (336 bytes).
    Removing os_time.o(i.OSTimeDlyHMSM), (556 bytes).
    Removing os_time.o(i.OSTimeDlyResume), (564 bytes).
    Removing os_time.o(i.OSTimeGet), (60 bytes).
    Removing os_time.o(i.OSTimeSet), (60 bytes).
    Removing os_tmr.o(i.OSTmrCreate), (304 bytes).
    Removing os_tmr.o(i.OSTmrDel), (196 bytes).
    Removing os_tmr.o(i.OSTmrRemainGet), (200 bytes).
    Removing os_tmr.o(i.OSTmrStart), (180 bytes).
    Removing os_tmr.o(i.OSTmrStateGet), (152 bytes).
    Removing os_tmr.o(i.OSTmrStop), (256 bytes).
    Removing os_tmr.o(i.OS_TmrClr), (48 bytes).
    Removing os_tmr.o(i.OS_TmrDbgListAdd), (40 bytes).
    Removing os_tmr.o(i.OS_TmrDbgListRemove), (48 bytes).
    Removing os_tmr.o(i.OS_TmrInit), (296 bytes).
    Removing os_tmr.o(i.OS_TmrLink), (208 bytes).
    Removing os_tmr.o(i.OS_TmrResetPeak), (36 bytes).
    Removing os_tmr.o(i.OS_TmrTask), (192 bytes).
    Removing os_tmr.o(i.OS_TmrUnlink), (80 bytes).
    Removing os_cpu_c.o(i.OSIdleTaskHook), (20 bytes).
    Removing os_cpu_c.o(i.OSInitHook), (56 bytes).
    Removing os_cpu_c.o(i.OSStatTaskHook), (20 bytes).
    Removing os_cpu_c.o(i.OSTaskCreateHook), (24 bytes).
    Removing os_cpu_c.o(i.OSTaskDelHook), (24 bytes).
    Removing os_cpu_c.o(i.OSTaskReturnHook), (24 bytes).
    Removing os_cpu_c.o(i.OSTaskStkInit), (192 bytes).
    Removing os_cpu_c.o(i.OS_CPU_SysTickInit), (48 bytes).

766 unused section(s) (total 94496 bytes) removed from the image.

==============================================================================

Image Symbol Table

    Local Symbols

    Symbol Name                              Value     Ov Type        Size  Object(Section)

    ../clib/angel/boardlib.s                 0x00000000   Number         0  boardshut.o ABSOLUTE
    ../clib/angel/boardlib.s                 0x00000000   Number         0  boardinit3.o ABSOLUTE
    ../clib/angel/boardlib.s                 0x00000000   Number         0  boardinit2.o ABSOLUTE
    ../clib/angel/boardlib.s                 0x00000000   Number         0  boardinit1.o ABSOLUTE
    ../clib/angel/handlers.s                 0x00000000   Number         0  __scatter_zi.o ABSOLUTE
    ../clib/angel/handlers.s                 0x00000000   Number         0  __scatter_copy.o ABSOLUTE
    ../clib/angel/kernel.s                   0x00000000   Number         0  __rtentry2.o ABSOLUTE
    ../clib/angel/kernel.s                   0x00000000   Number         0  rtexit.o ABSOLUTE
    ../clib/angel/kernel.s                   0x00000000   Number         0  __rtentry4.o ABSOLUTE
    ../clib/angel/kernel.s                   0x00000000   Number         0  __rtentry.o ABSOLUTE
    ../clib/angel/kernel.s                   0x00000000   Number         0  rtexit2.o ABSOLUTE
    ../clib/angel/rt.s                       0x00000000   Number         0  rt_raise.o ABSOLUTE
    ../clib/angel/scatter.s                  0x00000000   Number         0  __scatter.o ABSOLUTE
    ../clib/angel/startup.s                  0x00000000   Number         0  __main.o ABSOLUTE
    ../clib/angel/sys.s                      0x00000000   Number         0  sys_stackheap_outer.o ABSOLUTE
    ../clib/angel/sys.s                      0x00000000   Number         0  use_no_semi.o ABSOLUTE
    ../clib/angel/sys.s                      0x00000000   Number         0  indicate_semi.o ABSOLUTE
    ../clib/angel/sys.s                      0x00000000   Number         0  libspace.o ABSOLUTE
    ../clib/angel/sysapp.c                   0x00000000   Number         0  sys_exit.o ABSOLUTE
    ../clib/angel/sysapp.c                   0x00000000   Number         0  sys_wrch.o ABSOLUTE
    ../clib/angel/sysapp.c                   0x00000000   Number         0  sys_command.o ABSOLUTE
    ../clib/armsys.c                         0x00000000   Number         0  _get_argv_nomalloc.o ABSOLUTE
    ../clib/armsys.c                         0x00000000   Number         0  no_argv.o ABSOLUTE
    ../clib/armsys.c                         0x00000000   Number         0  argv_veneer.o ABSOLUTE
    ../clib/armsys.c                         0x00000000   Number         0  argv_veneer.o ABSOLUTE
    ../clib/heapalloc.c                      0x00000000   Number         0  hrguard.o ABSOLUTE
    ../clib/heapaux.c                        0x00000000   Number         0  heapauxi.o ABSOLUTE
    ../clib/libinit.s                        0x00000000   Number         0  libinit.o ABSOLUTE
    ../clib/libinit.s                        0x00000000   Number         0  libinit2.o ABSOLUTE
    ../clib/libinit.s                        0x00000000   Number         0  libshutdown.o ABSOLUTE
    ../clib/libinit.s                        0x00000000   Number         0  libshutdown2.o ABSOLUTE
    ../clib/signal.c                         0x00000000   Number         0  defsig_other.o ABSOLUTE
    ../clib/signal.c                         0x00000000   Number         0  defsig_rtred_inner.o ABSOLUTE
    ../clib/signal.c                         0x00000000   Number         0  defsig_fpe_inner.o ABSOLUTE
    ../clib/signal.c                         0x00000000   Number         0  defsig_abrt_inner.o ABSOLUTE
    ../clib/signal.c                         0x00000000   Number         0  __raise.o ABSOLUTE
    ../clib/signal.c                         0x00000000   Number         0  defsig_rtmem_inner.o ABSOLUTE
    ../clib/signal.c                         0x00000000   Number         0  defsig_exit.o ABSOLUTE
    ../clib/signal.c                         0x00000000   Number         0  defsig_rtmem_formal.o ABSOLUTE
    ../clib/signal.c                         0x00000000   Number         0  defsig_segv_inner.o ABSOLUTE
    ../clib/signal.c                         0x00000000   Number         0  defsig_cppl_inner.o ABSOLUTE
    ../clib/signal.c                         0x00000000   Number         0  defsig_pvfn_inner.o ABSOLUTE
    ../clib/signal.c                         0x00000000   Number         0  defsig_rtmem_outer.o ABSOLUTE
    ../clib/signal.c                         0x00000000   Number         0  defsig_stak_inner.o ABSOLUTE
    ../clib/signal.c                         0x00000000   Number         0  defsig_general.o ABSOLUTE
    ../clib/signal.s                         0x00000000   Number         0  defsig.o ABSOLUTE
    ../clib/stdlib.c                         0x00000000   Number         0  exit.o ABSOLUTE
    ../fplib/fpinit.s                        0x00000000   Number         0  fpinit.o ABSOLUTE
    ..\\sys\\CoreSupport\\core_cm3.c         0x00000000   Number         0  core_cm3.o ABSOLUTE
    ..\library\src\misc.c                    0x00000000   Number         0  misc.o ABSOLUTE
    ..\library\src\stm32f10x_adc.c           0x00000000   Number         0  stm32f10x_adc.o ABSOLUTE
    ..\library\src\stm32f10x_bkp.c           0x00000000   Number         0  stm32f10x_bkp.o ABSOLUTE
    ..\library\src\stm32f10x_can.c           0x00000000   Number         0  stm32f10x_can.o ABSOLUTE
    ..\library\src\stm32f10x_cec.c           0x00000000   Number         0  stm32f10x_cec.o ABSOLUTE
    ..\library\src\stm32f10x_crc.c           0x00000000   Number         0  stm32f10x_crc.o ABSOLUTE
    ..\library\src\stm32f10x_dac.c           0x00000000   Number         0  stm32f10x_dac.o ABSOLUTE
    ..\library\src\stm32f10x_dbgmcu.c        0x00000000   Number         0  stm32f10x_dbgmcu.o ABSOLUTE
    ..\library\src\stm32f10x_dma.c           0x00000000   Number         0  stm32f10x_dma.o ABSOLUTE
    ..\library\src\stm32f10x_exti.c          0x00000000   Number         0  stm32f10x_exti.o ABSOLUTE
    ..\library\src\stm32f10x_flash.c         0x00000000   Number         0  stm32f10x_flash.o ABSOLUTE
    ..\library\src\stm32f10x_fsmc.c          0x00000000   Number         0  stm32f10x_fsmc.o ABSOLUTE
    ..\library\src\stm32f10x_gpio.c          0x00000000   Number         0  stm32f10x_gpio.o ABSOLUTE
    ..\library\src\stm32f10x_i2c.c           0x00000000   Number         0  stm32f10x_i2c.o ABSOLUTE
    ..\library\src\stm32f10x_iwdg.c          0x00000000   Number         0  stm32f10x_iwdg.o ABSOLUTE
    ..\library\src\stm32f10x_pwr.c           0x00000000   Number         0  stm32f10x_pwr.o ABSOLUTE
    ..\library\src\stm32f10x_rcc.c           0x00000000   Number         0  stm32f10x_rcc.o ABSOLUTE
    ..\library\src\stm32f10x_rtc.c           0x00000000   Number         0  stm32f10x_rtc.o ABSOLUTE
    ..\library\src\stm32f10x_sdio.c          0x00000000   Number         0  stm32f10x_sdio.o ABSOLUTE
    ..\library\src\stm32f10x_spi.c           0x00000000   Number         0  stm32f10x_spi.o ABSOLUTE
    ..\library\src\stm32f10x_tim.c           0x00000000   Number         0  stm32f10x_tim.o ABSOLUTE
    ..\library\src\stm32f10x_usart.c         0x00000000   Number         0  stm32f10x_usart.o ABSOLUTE
    ..\library\src\stm32f10x_wwdg.c          0x00000000   Number         0  stm32f10x_wwdg.o ABSOLUTE
    ..\sys\CoreSupport\core_cm3.c            0x00000000   Number         0  core_cm3.o ABSOLUTE
    ..\sys\arm\startup_stm32f10x_cl.s        0x00000000   Number         0  startup_stm32f10x_cl.o ABSOLUTE
    ..\sys\stm32f10x_it.c                    0x00000000   Number         0  stm32f10x_it.o ABSOLUTE
    ..\sys\system_stm32f10x.c                0x00000000   Number         0  system_stm32f10x.o ABSOLUTE
    ..\uCos-III\uC-CPU\ARM-Cortex-M3\RealView\cpu_a.asm 0x00000000   Number         0  cpu_a.o ABSOLUTE
    ..\uCos-III\uC-CPU\ARM-Cortex-M3\RealView\cpu_c.c 0x00000000   Number         0  cpu_c.o ABSOLUTE
    ..\uCos-III\uC-CPU\cpu_core.c            0x00000000   Number         0  cpu_core.o ABSOLUTE
    ..\uCos-III\uC-LIB\Ports\ARM-Cortex-M3\RealView\lib_mem_a.asm 0x00000000   Number         0  lib_mem_a.o ABSOLUTE
    ..\uCos-III\uC-LIB\lib_ascii.c           0x00000000   Number         0  lib_ascii.o ABSOLUTE
    ..\uCos-III\uC-LIB\lib_math.c            0x00000000   Number         0  lib_math.o ABSOLUTE
    ..\uCos-III\uC-LIB\lib_mem.c             0x00000000   Number         0  lib_mem.o ABSOLUTE
    ..\uCos-III\uC-LIB\lib_str.c             0x00000000   Number         0  lib_str.o ABSOLUTE
    ..\uCos-III\uCOS-III\Ports\ARM-Cortex-M3\Generic\RealView\os_cpu_a.s 0x00000000   Number         0  os_cpu_a.o ABSOLUTE
    ..\uCos-III\uCOS-III\Ports\ARM-Cortex-M3\Generic\RealView\os_cpu_c.c 0x00000000   Number         0  os_cpu_c.o ABSOLUTE
    ..\uCos-III\uCOS-III\Source\os_cfg_app.c 0x00000000   Number         0  os_cfg_app.o ABSOLUTE
    ..\uCos-III\uCOS-III\Source\os_core.c    0x00000000   Number         0  os_core.o ABSOLUTE
    ..\uCos-III\uCOS-III\Source\os_dbg.c     0x00000000   Number         0  os_dbg.o ABSOLUTE
    ..\uCos-III\uCOS-III\Source\os_flag.c    0x00000000   Number         0  os_flag.o ABSOLUTE
    ..\uCos-III\uCOS-III\Source\os_int.c     0x00000000   Number         0  os_int.o ABSOLUTE
    ..\uCos-III\uCOS-III\Source\os_mem.c     0x00000000   Number         0  os_mem.o ABSOLUTE
    ..\uCos-III\uCOS-III\Source\os_msg.c     0x00000000   Number         0  os_msg.o ABSOLUTE
    ..\uCos-III\uCOS-III\Source\os_mutex.c   0x00000000   Number         0  os_mutex.o ABSOLUTE
    ..\uCos-III\uCOS-III\Source\os_pend_multi.c 0x00000000   Number         0  os_pend_multi.o ABSOLUTE
    ..\uCos-III\uCOS-III\Source\os_prio.c    0x00000000   Number         0  os_prio.o ABSOLUTE
    ..\uCos-III\uCOS-III\Source\os_q.c       0x00000000   Number         0  os_q.o ABSOLUTE
    ..\uCos-III\uCOS-III\Source\os_sem.c     0x00000000   Number         0  os_sem.o ABSOLUTE
    ..\uCos-III\uCOS-III\Source\os_stat.c    0x00000000   Number         0  os_stat.o ABSOLUTE
    ..\uCos-III\uCOS-III\Source\os_task.c    0x00000000   Number         0  os_task.o ABSOLUTE
    ..\uCos-III\uCOS-III\Source\os_tick.c    0x00000000   Number         0  os_tick.o ABSOLUTE
    ..\uCos-III\uCOS-III\Source\os_time.c    0x00000000   Number         0  os_time.o ABSOLUTE
    ..\uCos-III\uCOS-III\Source\os_tmr.c     0x00000000   Number         0  os_tmr.o ABSOLUTE
    ..\uCos-III\uCOS-III\Source\os_var.c     0x00000000   Number         0  os_var.o ABSOLUTE
    APP\app.c                                0x00000000   Number         0  app.o ABSOLUTE
    APP\os_app_hooks.c                       0x00000000   Number         0  os_app_hooks.o ABSOLUTE
    BSP\bsp.c                                0x00000000   Number         0  bsp.o ABSOLUTE
    dc.s                                     0x00000000   Number         0  dc.o ABSOLUTE
    RESET                                    0x08000000   Section      336  startup_stm32f10x_cl.o(RESET)
    !!!main                                  0x08000150   Section        8  __main.o(!!!main)
    !!!scatter                               0x08000158   Section       52  __scatter.o(!!!scatter)
    !!handler_copy                           0x0800018c   Section       26  __scatter_copy.o(!!handler_copy)
    !!handler_zi                             0x080001a8   Section       28  __scatter_zi.o(!!handler_zi)
    .ARM.Collect$$libinit$$00000000          0x080001c4   Section        2  libinit.o(.ARM.Collect$$libinit$$00000000)
    .ARM.Collect$$libinit$$00000002          0x080001c6   Section        0  libinit2.o(.ARM.Collect$$libinit$$00000002)
    .ARM.Collect$$libinit$$00000004          0x080001c6   Section        0  libinit2.o(.ARM.Collect$$libinit$$00000004)
    .ARM.Collect$$libinit$$0000000A          0x080001c6   Section        0  libinit2.o(.ARM.Collect$$libinit$$0000000A)
    .ARM.Collect$$libinit$$0000000C          0x080001c6   Section        0  libinit2.o(.ARM.Collect$$libinit$$0000000C)
    .ARM.Collect$$libinit$$0000000E          0x080001c6   Section        0  libinit2.o(.ARM.Collect$$libinit$$0000000E)
    .ARM.Collect$$libinit$$00000011          0x080001c6   Section        0  libinit2.o(.ARM.Collect$$libinit$$00000011)
    .ARM.Collect$$libinit$$00000013          0x080001c6   Section        0  libinit2.o(.ARM.Collect$$libinit$$00000013)
    .ARM.Collect$$libinit$$00000015          0x080001c6   Section        0  libinit2.o(.ARM.Collect$$libinit$$00000015)
    .ARM.Collect$$libinit$$00000017          0x080001c6   Section        0  libinit2.o(.ARM.Collect$$libinit$$00000017)
    .ARM.Collect$$libinit$$00000019          0x080001c6   Section        0  libinit2.o(.ARM.Collect$$libinit$$00000019)
    .ARM.Collect$$libinit$$0000001B          0x080001c6   Section        0  libinit2.o(.ARM.Collect$$libinit$$0000001B)
    .ARM.Collect$$libinit$$0000001D          0x080001c6   Section        0  libinit2.o(.ARM.Collect$$libinit$$0000001D)
    .ARM.Collect$$libinit$$0000001F          0x080001c6   Section        0  libinit2.o(.ARM.Collect$$libinit$$0000001F)
    .ARM.Collect$$libinit$$00000021          0x080001c6   Section        0  libinit2.o(.ARM.Collect$$libinit$$00000021)
    .ARM.Collect$$libinit$$00000023          0x080001c6   Section        0  libinit2.o(.ARM.Collect$$libinit$$00000023)
    .ARM.Collect$$libinit$$00000025          0x080001c6   Section        0  libinit2.o(.ARM.Collect$$libinit$$00000025)
    .ARM.Collect$$libinit$$0000002C          0x080001c6   Section        0  libinit2.o(.ARM.Collect$$libinit$$0000002C)
    .ARM.Collect$$libinit$$0000002E          0x080001c6   Section        0  libinit2.o(.ARM.Collect$$libinit$$0000002E)
    .ARM.Collect$$libinit$$00000030          0x080001c6   Section        0  libinit2.o(.ARM.Collect$$libinit$$00000030)
    .ARM.Collect$$libinit$$00000032          0x080001c6   Section        0  libinit2.o(.ARM.Collect$$libinit$$00000032)
    .ARM.Collect$$libinit$$00000033          0x080001c6   Section        2  libinit2.o(.ARM.Collect$$libinit$$00000033)
    .ARM.Collect$$libshutdown$$00000000      0x080001c8   Section        2  libshutdown.o(.ARM.Collect$$libshutdown$$00000000)
    .ARM.Collect$$libshutdown$$00000002      0x080001ca   Section        0  libshutdown2.o(.ARM.Collect$$libshutdown$$00000002)
    .ARM.Collect$$libshutdown$$00000004      0x080001ca   Section        0  libshutdown2.o(.ARM.Collect$$libshutdown$$00000004)
    .ARM.Collect$$libshutdown$$00000007      0x080001ca   Section        0  libshutdown2.o(.ARM.Collect$$libshutdown$$00000007)
    .ARM.Collect$$libshutdown$$0000000A      0x080001ca   Section        0  libshutdown2.o(.ARM.Collect$$libshutdown$$0000000A)
    .ARM.Collect$$libshutdown$$0000000C      0x080001ca   Section        0  libshutdown2.o(.ARM.Collect$$libshutdown$$0000000C)
    .ARM.Collect$$libshutdown$$0000000F      0x080001ca   Section        0  libshutdown2.o(.ARM.Collect$$libshutdown$$0000000F)
    .ARM.Collect$$libshutdown$$00000010      0x080001ca   Section        2  libshutdown2.o(.ARM.Collect$$libshutdown$$00000010)
    .ARM.Collect$$rtentry$$00000000          0x080001cc   Section        0  __rtentry.o(.ARM.Collect$$rtentry$$00000000)
    .ARM.Collect$$rtentry$$00000002          0x080001cc   Section        0  __rtentry2.o(.ARM.Collect$$rtentry$$00000002)
    .ARM.Collect$$rtentry$$00000004          0x080001cc   Section        6  __rtentry4.o(.ARM.Collect$$rtentry$$00000004)
    .ARM.Collect$$rtentry$$00000009          0x080001d2   Section        0  __rtentry2.o(.ARM.Collect$$rtentry$$00000009)
    .ARM.Collect$$rtentry$$0000000A          0x080001d2   Section        4  __rtentry2.o(.ARM.Collect$$rtentry$$0000000A)
    .ARM.Collect$$rtentry$$0000000C          0x080001d6   Section        0  __rtentry2.o(.ARM.Collect$$rtentry$$0000000C)
    .ARM.Collect$$rtentry$$0000000D          0x080001d6   Section        8  __rtentry2.o(.ARM.Collect$$rtentry$$0000000D)
    .ARM.Collect$$rtexit$$00000000           0x080001de   Section        2  rtexit.o(.ARM.Collect$$rtexit$$00000000)
    .ARM.Collect$$rtexit$$00000002           0x080001e0   Section        0  rtexit2.o(.ARM.Collect$$rtexit$$00000002)
    .ARM.Collect$$rtexit$$00000003           0x080001e0   Section        4  rtexit2.o(.ARM.Collect$$rtexit$$00000003)
    .ARM.Collect$$rtexit$$00000004           0x080001e4   Section        6  rtexit2.o(.ARM.Collect$$rtexit$$00000004)
    .text                                    0x080001ec   Section       64  startup_stm32f10x_cl.o(.text)
    .text                                    0x0800022c   Section       52  cpu_a.o(.text)
    .text                                    0x08000260   Section        0  heapauxi.o(.text)
    .text                                    0x08000266   Section       74  sys_stackheap_outer.o(.text)
    .text                                    0x080002b0   Section        0  exit.o(.text)
    .text                                    0x080002c4   Section        8  libspace.o(.text)
    .text                                    0x080002cc   Section        0  sys_exit.o(.text)
    .text                                    0x080002d8   Section        2  use_no_semi.o(.text)
    .text                                    0x080002da   Section        0  indicate_semi.o(.text)
    CODE                                     0x080002dc   Section      132  os_cpu_a.o(CODE)
    i.ADC1_2_IRQHandler                      0x08000360   Section        0  stm32f10x_it.o(i.ADC1_2_IRQHandler)
    i.ADC_GetConversionValue                 0x08000378   Section        0  stm32f10x_adc.o(i.ADC_GetConversionValue)
    i.BusFault_Handler                       0x08000380   Section        0  stm32f10x_it.o(i.BusFault_Handler)
    i.CPU_IntDisMeasMaxCalc                  0x08000384   Section        0  cpu_core.o(i.CPU_IntDisMeasMaxCalc)
    CPU_IntDisMeasMaxCalc                    0x08000385   Thumb Code    24  cpu_core.o(i.CPU_IntDisMeasMaxCalc)
    i.CPU_IntDisMeasMaxCurGet                0x080003a0   Section        0  cpu_core.o(i.CPU_IntDisMeasMaxCurGet)
    i.CPU_IntDisMeasMaxCurReset              0x080003cc   Section        0  cpu_core.o(i.CPU_IntDisMeasMaxCurReset)
    i.CPU_IntDisMeasStart                    0x080003f8   Section        0  cpu_core.o(i.CPU_IntDisMeasStart)
    i.CPU_IntDisMeasStop                     0x0800042c   Section        0  cpu_core.o(i.CPU_IntDisMeasStop)
    i.CPU_TS_TmrRd                           0x08000480   Section        0  bsp.o(i.CPU_TS_TmrRd)
    i.DebugMon_Handler                       0x0800048c   Section        0  stm32f10x_it.o(i.DebugMon_Handler)
    i.HardFault_Handler                      0x0800048e   Section        0  stm32f10x_it.o(i.HardFault_Handler)
    i.MemManage_Handler                      0x08000492   Section        0  stm32f10x_it.o(i.MemManage_Handler)
    i.NMI_Handler                            0x08000496   Section        0  stm32f10x_it.o(i.NMI_Handler)
    i.OSIntExit                              0x08000498   Section        0  os_core.o(i.OSIntExit)
    i.OSTaskSwHook                           0x0800057c   Section        0  os_cpu_c.o(i.OSTaskSwHook)
    i.OSTimeTick                             0x08000620   Section        0  os_time.o(i.OSTimeTick)
    i.OSTimeTickHook                         0x08000664   Section        0  os_cpu_c.o(i.OSTimeTickHook)
    i.OS_CPU_SysTickHandler                  0x08000678   Section        0  os_cpu_c.o(i.OS_CPU_SysTickHandler)
    i.OS_IntQPost                            0x080006b8   Section        0  os_int.o(i.OS_IntQPost)
    i.OS_PrioGetHighest                      0x080007bc   Section        0  os_prio.o(i.OS_PrioGetHighest)
    i.OS_PrioInsert                          0x080007e4   Section        0  os_prio.o(i.OS_PrioInsert)
    i.SVC_Handler                            0x08000808   Section        0  stm32f10x_it.o(i.SVC_Handler)
    i.SetSysClock                            0x0800080a   Section        0  system_stm32f10x.o(i.SetSysClock)
    SetSysClock                              0x0800080b   Thumb Code     8  system_stm32f10x.o(i.SetSysClock)
    i.SetSysClockTo72                        0x08000814   Section        0  system_stm32f10x.o(i.SetSysClockTo72)
    SetSysClockTo72                          0x08000815   Thumb Code   264  system_stm32f10x.o(i.SetSysClockTo72)
    i.SystemInit                             0x0800092c   Section        0  system_stm32f10x.o(i.SystemInit)
    i.UsageFault_Handler                     0x08000998   Section        0  stm32f10x_it.o(i.UsageFault_Handler)
    i.main                                   0x0800099c   Section        0  app.o(i.main)
    .constdata                               0x080009a0   Section      164  os_cfg_app.o(.constdata)
    .data                                    0x20000000   Section        2  stm32f10x_it.o(.data)
    .data                                    0x20000004   Section       28  cpu_core.o(.data)
    .data                                    0x20000020   Section        4  os_prio.o(.data)
    .data                                    0x20000024   Section      208  os_var.o(.data)
    .data                                    0x200000f4   Section        4  os_cpu_c.o(.data)
    .bss                                     0x200000f8   Section     5264  os_cfg_app.o(.bss)
    .bss                                     0x20001588   Section     1396  os_var.o(.bss)
    .bss                                     0x20001afc   Section       96  libspace.o(.bss)
    HEAP                                     0x20001b60   Section      512  startup_stm32f10x_cl.o(HEAP)
    Heap_Mem                                 0x20001b60   Data         512  startup_stm32f10x_cl.o(HEAP)
    STACK                                    0x20001d60   Section     1024  startup_stm32f10x_cl.o(STACK)
    Stack_Mem                                0x20001d60   Data        1024  startup_stm32f10x_cl.o(STACK)
    __initial_sp                             0x20002160   Data           0  startup_stm32f10x_cl.o(STACK)

    Global Symbols

    Symbol Name                              Value     Ov Type        Size  Object(Section)

    BuildAttributes$$THM_ISAv4$P$D$K$B$S$PE$A:L22UL41UL21$X:L11$S22US41US21$IEEE1$IW$USESV6$~STKCKD$USESV7$~SHL$OSPACE$ROPI$EBA8$UX$STANDARDLIB$REQ8$PRES8$EABIv2 0x00000000   Number         0  anon$$obj.o ABSOLUTE
    __ARM_use_no_argv                        0x00000000   Number         0  app.o ABSOLUTE
    __ARM_exceptions_init                     - Undefined Weak Reference
    __alloca_initialize                       - Undefined Weak Reference
    __arm_preinit_                            - Undefined Weak Reference
    __cpp_initialize__aeabi_                  - Undefined Weak Reference
    __cxa_finalize                            - Undefined Weak Reference
    __rt_locale                               - Undefined Weak Reference
    __sigvec_lookup                           - Undefined Weak Reference
    _atexit_init                              - Undefined Weak Reference
    _call_atexit_fns                          - Undefined Weak Reference
    _clock_init                               - Undefined Weak Reference
    _fp_trap_init                             - Undefined Weak Reference
    _fp_trap_shutdown                         - Undefined Weak Reference
    _get_lc_collate                           - Undefined Weak Reference
    _get_lc_ctype                             - Undefined Weak Reference
    _get_lc_monetary                          - Undefined Weak Reference
    _get_lc_numeric                           - Undefined Weak Reference
    _get_lc_time                              - Undefined Weak Reference
    _getenv_init                              - Undefined Weak Reference
    _handle_redirection                       - Undefined Weak Reference
    _init_alloc                               - Undefined Weak Reference
    _init_user_alloc                          - Undefined Weak Reference
    _initio                                   - Undefined Weak Reference
    _rand_init                                - Undefined Weak Reference
    _signal_finish                            - Undefined Weak Reference
    _signal_init                              - Undefined Weak Reference
    _terminate_alloc                          - Undefined Weak Reference
    _terminate_user_alloc                     - Undefined Weak Reference
    _terminateio                              - Undefined Weak Reference
    __Vectors_Size                           0x00000150   Number         0  startup_stm32f10x_cl.o ABSOLUTE
    __Vectors                                0x08000000   Data           4  startup_stm32f10x_cl.o(RESET)
    __Vectors_End                            0x08000150   Data           0  startup_stm32f10x_cl.o(RESET)
    __main                                   0x08000151   Thumb Code     8  __main.o(!!!main)
    __scatterload                            0x08000159   Thumb Code     0  __scatter.o(!!!scatter)
    __scatterload_rt2                        0x08000159   Thumb Code    44  __scatter.o(!!!scatter)
    __scatterload_rt2_thumb_only             0x08000159   Thumb Code     0  __scatter.o(!!!scatter)
    __scatterload_null                       0x08000167   Thumb Code     0  __scatter.o(!!!scatter)
    __scatterload_copy                       0x0800018d   Thumb Code    26  __scatter_copy.o(!!handler_copy)
    __scatterload_zeroinit                   0x080001a9   Thumb Code    28  __scatter_zi.o(!!handler_zi)
    __rt_lib_init                            0x080001c5   Thumb Code     0  libinit.o(.ARM.Collect$$libinit$$00000000)
    __rt_lib_init_alloca_1                   0x080001c7   Thumb Code     0  libinit2.o(.ARM.Collect$$libinit$$0000002E)
    __rt_lib_init_argv_1                     0x080001c7   Thumb Code     0  libinit2.o(.ARM.Collect$$libinit$$0000002C)
    __rt_lib_init_atexit_1                   0x080001c7   Thumb Code     0  libinit2.o(.ARM.Collect$$libinit$$0000001B)
    __rt_lib_init_clock_1                    0x080001c7   Thumb Code     0  libinit2.o(.ARM.Collect$$libinit$$00000021)
    __rt_lib_init_cpp_1                      0x080001c7   Thumb Code     0  libinit2.o(.ARM.Collect$$libinit$$00000032)
    __rt_lib_init_exceptions_1               0x080001c7   Thumb Code     0  libinit2.o(.ARM.Collect$$libinit$$00000030)
    __rt_lib_init_fp_1                       0x080001c7   Thumb Code     0  libinit2.o(.ARM.Collect$$libinit$$00000002)
    __rt_lib_init_fp_trap_1                  0x080001c7   Thumb Code     0  libinit2.o(.ARM.Collect$$libinit$$0000001F)
    __rt_lib_init_getenv_1                   0x080001c7   Thumb Code     0  libinit2.o(.ARM.Collect$$libinit$$00000023)
    __rt_lib_init_heap_1                     0x080001c7   Thumb Code     0  libinit2.o(.ARM.Collect$$libinit$$0000000A)
    __rt_lib_init_lc_collate_1               0x080001c7   Thumb Code     0  libinit2.o(.ARM.Collect$$libinit$$00000011)
    __rt_lib_init_lc_ctype_1                 0x080001c7   Thumb Code     0  libinit2.o(.ARM.Collect$$libinit$$00000013)
    __rt_lib_init_lc_monetary_1              0x080001c7   Thumb Code     0  libinit2.o(.ARM.Collect$$libinit$$00000015)
    __rt_lib_init_lc_numeric_1               0x080001c7   Thumb Code     0  libinit2.o(.ARM.Collect$$libinit$$00000017)
    __rt_lib_init_lc_time_1                  0x080001c7   Thumb Code     0  libinit2.o(.ARM.Collect$$libinit$$00000019)
    __rt_lib_init_preinit_1                  0x080001c7   Thumb Code     0  libinit2.o(.ARM.Collect$$libinit$$00000004)
    __rt_lib_init_rand_1                     0x080001c7   Thumb Code     0  libinit2.o(.ARM.Collect$$libinit$$0000000E)
    __rt_lib_init_return                     0x080001c7   Thumb Code     0  libinit2.o(.ARM.Collect$$libinit$$00000033)
    __rt_lib_init_signal_1                   0x080001c7   Thumb Code     0  libinit2.o(.ARM.Collect$$libinit$$0000001D)
    __rt_lib_init_stdio_1                    0x080001c7   Thumb Code     0  libinit2.o(.ARM.Collect$$libinit$$00000025)
    __rt_lib_init_user_alloc_1               0x080001c7   Thumb Code     0  libinit2.o(.ARM.Collect$$libinit$$0000000C)
    __rt_lib_shutdown                        0x080001c9   Thumb Code     0  libshutdown.o(.ARM.Collect$$libshutdown$$00000000)
    __rt_lib_shutdown_cpp_1                  0x080001cb   Thumb Code     0  libshutdown2.o(.ARM.Collect$$libshutdown$$00000002)
    __rt_lib_shutdown_fp_trap_1              0x080001cb   Thumb Code     0  libshutdown2.o(.ARM.Collect$$libshutdown$$00000007)
    __rt_lib_shutdown_heap_1                 0x080001cb   Thumb Code     0  libshutdown2.o(.ARM.Collect$$libshutdown$$0000000F)
    __rt_lib_shutdown_return                 0x080001cb   Thumb Code     0  libshutdown2.o(.ARM.Collect$$libshutdown$$00000010)
    __rt_lib_shutdown_signal_1               0x080001cb   Thumb Code     0  libshutdown2.o(.ARM.Collect$$libshutdown$$0000000A)
    __rt_lib_shutdown_stdio_1                0x080001cb   Thumb Code     0  libshutdown2.o(.ARM.Collect$$libshutdown$$00000004)
    __rt_lib_shutdown_user_alloc_1           0x080001cb   Thumb Code     0  libshutdown2.o(.ARM.Collect$$libshutdown$$0000000C)
    __rt_entry                               0x080001cd   Thumb Code     0  __rtentry.o(.ARM.Collect$$rtentry$$00000000)
    __rt_entry_presh_1                       0x080001cd   Thumb Code     0  __rtentry2.o(.ARM.Collect$$rtentry$$00000002)
    __rt_entry_sh                            0x080001cd   Thumb Code     0  __rtentry4.o(.ARM.Collect$$rtentry$$00000004)
    __rt_entry_li                            0x080001d3   Thumb Code     0  __rtentry2.o(.ARM.Collect$$rtentry$$0000000A)
    __rt_entry_postsh_1                      0x080001d3   Thumb Code     0  __rtentry2.o(.ARM.Collect$$rtentry$$00000009)
    __rt_entry_main                          0x080001d7   Thumb Code     0  __rtentry2.o(.ARM.Collect$$rtentry$$0000000D)
    __rt_entry_postli_1                      0x080001d7   Thumb Code     0  __rtentry2.o(.ARM.Collect$$rtentry$$0000000C)
    __rt_exit                                0x080001df   Thumb Code     0  rtexit.o(.ARM.Collect$$rtexit$$00000000)
    __rt_exit_ls                             0x080001e1   Thumb Code     0  rtexit2.o(.ARM.Collect$$rtexit$$00000003)
    __rt_exit_prels_1                        0x080001e1   Thumb Code     0  rtexit2.o(.ARM.Collect$$rtexit$$00000002)
    __rt_exit_exit                           0x080001e5   Thumb Code     0  rtexit2.o(.ARM.Collect$$rtexit$$00000004)
    Reset_Handler                            0x080001ed   Thumb Code     8  startup_stm32f10x_cl.o(.text)
    CAN1_RX0_IRQHandler                      0x08000207   Thumb Code     0  startup_stm32f10x_cl.o(.text)
    CAN1_RX1_IRQHandler                      0x08000207   Thumb Code     0  startup_stm32f10x_cl.o(.text)
    CAN1_SCE_IRQHandler                      0x08000207   Thumb Code     0  startup_stm32f10x_cl.o(.text)
    CAN1_TX_IRQHandler                       0x08000207   Thumb Code     0  startup_stm32f10x_cl.o(.text)
    CAN2_RX0_IRQHandler                      0x08000207   Thumb Code     0  startup_stm32f10x_cl.o(.text)
    CAN2_RX1_IRQHandler                      0x08000207   Thumb Code     0  startup_stm32f10x_cl.o(.text)
    CAN2_SCE_IRQHandler                      0x08000207   Thumb Code     0  startup_stm32f10x_cl.o(.text)
    CAN2_TX_IRQHandler                       0x08000207   Thumb Code     0  startup_stm32f10x_cl.o(.text)
    DMA1_Channel1_IRQHandler                 0x08000207   Thumb Code     0  startup_stm32f10x_cl.o(.text)
    DMA1_Channel2_IRQHandler                 0x08000207   Thumb Code     0  startup_stm32f10x_cl.o(.text)
    DMA1_Channel3_IRQHandler                 0x08000207   Thumb Code     0  startup_stm32f10x_cl.o(.text)
    DMA1_Channel4_IRQHandler                 0x08000207   Thumb Code     0  startup_stm32f10x_cl.o(.text)
    DMA1_Channel5_IRQHandler                 0x08000207   Thumb Code     0  startup_stm32f10x_cl.o(.text)
    DMA1_Channel6_IRQHandler                 0x08000207   Thumb Code     0  startup_stm32f10x_cl.o(.text)
    DMA1_Channel7_IRQHandler                 0x08000207   Thumb Code     0  startup_stm32f10x_cl.o(.text)
    DMA2_Channel1_IRQHandler                 0x08000207   Thumb Code     0  startup_stm32f10x_cl.o(.text)
    DMA2_Channel2_IRQHandler                 0x08000207   Thumb Code     0  startup_stm32f10x_cl.o(.text)
    DMA2_Channel3_IRQHandler                 0x08000207   Thumb Code     0  startup_stm32f10x_cl.o(.text)
    DMA2_Channel4_IRQHandler                 0x08000207   Thumb Code     0  startup_stm32f10x_cl.o(.text)
    DMA2_Channel5_IRQHandler                 0x08000207   Thumb Code     0  startup_stm32f10x_cl.o(.text)
    ETH_IRQHandler                           0x08000207   Thumb Code     0  startup_stm32f10x_cl.o(.text)
    ETH_WKUP_IRQHandler                      0x08000207   Thumb Code     0  startup_stm32f10x_cl.o(.text)
    EXTI0_IRQHandler                         0x08000207   Thumb Code     0  startup_stm32f10x_cl.o(.text)
    EXTI15_10_IRQHandler                     0x08000207   Thumb Code     0  startup_stm32f10x_cl.o(.text)
    EXTI1_IRQHandler                         0x08000207   Thumb Code     0  startup_stm32f10x_cl.o(.text)
    EXTI2_IRQHandler                         0x08000207   Thumb Code     0  startup_stm32f10x_cl.o(.text)
    EXTI3_IRQHandler                         0x08000207   Thumb Code     0  startup_stm32f10x_cl.o(.text)
    EXTI4_IRQHandler                         0x08000207   Thumb Code     0  startup_stm32f10x_cl.o(.text)
    EXTI9_5_IRQHandler                       0x08000207   Thumb Code     0  startup_stm32f10x_cl.o(.text)
    FLASH_IRQHandler                         0x08000207   Thumb Code     0  startup_stm32f10x_cl.o(.text)
    I2C1_ER_IRQHandler                       0x08000207   Thumb Code     0  startup_stm32f10x_cl.o(.text)
    I2C1_EV_IRQHandler                       0x08000207   Thumb Code     0  startup_stm32f10x_cl.o(.text)
    I2C2_ER_IRQHandler                       0x08000207   Thumb Code     0  startup_stm32f10x_cl.o(.text)
    I2C2_EV_IRQHandler                       0x08000207   Thumb Code     0  startup_stm32f10x_cl.o(.text)
    OTG_FS_IRQHandler                        0x08000207   Thumb Code     0  startup_stm32f10x_cl.o(.text)
    OTG_FS_WKUP_IRQHandler                   0x08000207   Thumb Code     0  startup_stm32f10x_cl.o(.text)
    PVD_IRQHandler                           0x08000207   Thumb Code     0  startup_stm32f10x_cl.o(.text)
    RCC_IRQHandler                           0x08000207   Thumb Code     0  startup_stm32f10x_cl.o(.text)
    RTCAlarm_IRQHandler                      0x08000207   Thumb Code     0  startup_stm32f10x_cl.o(.text)
    RTC_IRQHandler                           0x08000207   Thumb Code     0  startup_stm32f10x_cl.o(.text)
    SPI1_IRQHandler                          0x08000207   Thumb Code     0  startup_stm32f10x_cl.o(.text)
    SPI2_IRQHandler                          0x08000207   Thumb Code     0  startup_stm32f10x_cl.o(.text)
    SPI3_IRQHandler                          0x08000207   Thumb Code     0  startup_stm32f10x_cl.o(.text)
    TAMPER_IRQHandler                        0x08000207   Thumb Code     0  startup_stm32f10x_cl.o(.text)
    TIM1_BRK_IRQHandler                      0x08000207   Thumb Code     0  startup_stm32f10x_cl.o(.text)
    TIM1_CC_IRQHandler                       0x08000207   Thumb Code     0  startup_stm32f10x_cl.o(.text)
    TIM1_TRG_COM_IRQHandler                  0x08000207   Thumb Code     0  startup_stm32f10x_cl.o(.text)
    TIM1_UP_IRQHandler                       0x08000207   Thumb Code     0  startup_stm32f10x_cl.o(.text)
    TIM2_IRQHandler                          0x08000207   Thumb Code     0  startup_stm32f10x_cl.o(.text)
    TIM3_IRQHandler                          0x08000207   Thumb Code     0  startup_stm32f10x_cl.o(.text)
    TIM4_IRQHandler                          0x08000207   Thumb Code     0  startup_stm32f10x_cl.o(.text)
    TIM5_IRQHandler                          0x08000207   Thumb Code     0  startup_stm32f10x_cl.o(.text)
    TIM6_IRQHandler                          0x08000207   Thumb Code     0  startup_stm32f10x_cl.o(.text)
    TIM7_IRQHandler                          0x08000207   Thumb Code     0  startup_stm32f10x_cl.o(.text)
    UART4_IRQHandler                         0x08000207   Thumb Code     0  startup_stm32f10x_cl.o(.text)
    UART5_IRQHandler                         0x08000207   Thumb Code     0  startup_stm32f10x_cl.o(.text)
    USART1_IRQHandler                        0x08000207   Thumb Code     0  startup_stm32f10x_cl.o(.text)
    USART2_IRQHandler                        0x08000207   Thumb Code     0  startup_stm32f10x_cl.o(.text)
    USART3_IRQHandler                        0x08000207   Thumb Code     0  startup_stm32f10x_cl.o(.text)
    WWDG_IRQHandler                          0x08000207   Thumb Code     0  startup_stm32f10x_cl.o(.text)
    __user_initial_stackheap                 0x08000209   Thumb Code     0  startup_stm32f10x_cl.o(.text)
    CPU_IntDis                               0x0800022d   Thumb Code     0  cpu_a.o(.text)
    CPU_IntEn                                0x08000231   Thumb Code     0  cpu_a.o(.text)
    CPU_SR_Save                              0x08000235   Thumb Code     0  cpu_a.o(.text)
    CPU_SR_Restore                           0x0800023d   Thumb Code     0  cpu_a.o(.text)
    CPU_WaitForInt                           0x08000243   Thumb Code     0  cpu_a.o(.text)
    CPU_WaitForExcept                        0x08000247   Thumb Code     0  cpu_a.o(.text)
    CPU_CntLeadZeros                         0x0800024b   Thumb Code     0  cpu_a.o(.text)
    CPU_CntTrailZeros                        0x08000251   Thumb Code     0  cpu_a.o(.text)
    CPU_RevBits                              0x0800025b   Thumb Code     0  cpu_a.o(.text)
    __use_two_region_memory                  0x08000261   Thumb Code     2  heapauxi.o(.text)
    __rt_heap_escrow$2region                 0x08000263   Thumb Code     2  heapauxi.o(.text)
    __rt_heap_expand$2region                 0x08000265   Thumb Code     2  heapauxi.o(.text)
    __user_setup_stackheap                   0x08000267   Thumb Code    74  sys_stackheap_outer.o(.text)
    exit                                     0x080002b1   Thumb Code    18  exit.o(.text)
    __user_libspace                          0x080002c5   Thumb Code     8  libspace.o(.text)
    __user_perproc_libspace                  0x080002c5   Thumb Code     0  libspace.o(.text)
    __user_perthread_libspace                0x080002c5   Thumb Code     0  libspace.o(.text)
    _sys_exit                                0x080002cd   Thumb Code     8  sys_exit.o(.text)
    __I$use$semihosting                      0x080002d9   Thumb Code     0  use_no_semi.o(.text)
    __use_no_semihosting_swi                 0x080002d9   Thumb Code     2  use_no_semi.o(.text)
    __semihosting_library_function           0x080002db   Thumb Code     0  indicate_semi.o(.text)
    OSStartHighRdy                           0x080002dd   Thumb Code     0  os_cpu_a.o(CODE)
    OS_CPU_PendSVHandler                     0x080002ff   Thumb Code     0  os_cpu_a.o(CODE)
    ADC1_2_IRQHandler                        0x08000361   Thumb Code    14  stm32f10x_it.o(i.ADC1_2_IRQHandler)
    ADC_GetConversionValue                   0x08000379   Thumb Code     8  stm32f10x_adc.o(i.ADC_GetConversionValue)
    BusFault_Handler                         0x08000381   Thumb Code     4  stm32f10x_it.o(i.BusFault_Handler)
    CPU_IntDisMeasMaxCurGet                  0x080003a1   Thumb Code    40  cpu_core.o(i.CPU_IntDisMeasMaxCurGet)
    CPU_IntDisMeasMaxCurReset                0x080003cd   Thumb Code    40  cpu_core.o(i.CPU_IntDisMeasMaxCurReset)
    CPU_IntDisMeasStart                      0x080003f9   Thumb Code    38  cpu_core.o(i.CPU_IntDisMeasStart)
    CPU_IntDisMeasStop                       0x0800042d   Thumb Code    62  cpu_core.o(i.CPU_IntDisMeasStop)
    CPU_TS_TmrRd                             0x08000481   Thumb Code     6  bsp.o(i.CPU_TS_TmrRd)
    DebugMon_Handler                         0x0800048d   Thumb Code     2  stm32f10x_it.o(i.DebugMon_Handler)
    HardFault_Handler                        0x0800048f   Thumb Code     4  stm32f10x_it.o(i.HardFault_Handler)
    MemManage_Handler                        0x08000493   Thumb Code     4  stm32f10x_it.o(i.MemManage_Handler)
    NMI_Handler                              0x08000497   Thumb Code     2  stm32f10x_it.o(i.NMI_Handler)
    OSIntExit                                0x08000499   Thumb Code   192  os_core.o(i.OSIntExit)
    OSTaskSwHook                             0x0800057d   Thumb Code   146  os_cpu_c.o(i.OSTaskSwHook)
    OSTimeTick                               0x08000621   Thumb Code    54  os_time.o(i.OSTimeTick)
    OSTimeTickHook                           0x08000665   Thumb Code    16  os_cpu_c.o(i.OSTimeTickHook)
    OS_CPU_SysTickHandler                    0x08000679   Thumb Code    60  os_cpu_c.o(i.OS_CPU_SysTickHandler)
    OS_IntQPost                              0x080006b9   Thumb Code   224  os_int.o(i.OS_IntQPost)
    OS_PrioGetHighest                        0x080007bd   Thumb Code    36  os_prio.o(i.OS_PrioGetHighest)
    OS_PrioInsert                            0x080007e5   Thumb Code    32  os_prio.o(i.OS_PrioInsert)
    SVC_Handler                              0x08000809   Thumb Code     2  stm32f10x_it.o(i.SVC_Handler)
    SystemInit                               0x0800092d   Thumb Code    92  system_stm32f10x.o(i.SystemInit)
    UsageFault_Handler                       0x08000999   Thumb Code     4  stm32f10x_it.o(i.UsageFault_Handler)
    main                                     0x0800099d   Thumb Code     4  app.o(i.main)
    OSCfg_IdleTaskStkBasePtr                 0x080009a0   Data           4  os_cfg_app.o(.constdata)
    OSCfg_IdleTaskStkLimit                   0x080009a4   Data           4  os_cfg_app.o(.constdata)
    OSCfg_IdleTaskStkSize                    0x080009a8   Data           4  os_cfg_app.o(.constdata)
    OSCfg_IdleTaskStkSizeRAM                 0x080009ac   Data           4  os_cfg_app.o(.constdata)
    OSCfg_IntQBasePtr                        0x080009b0   Data           4  os_cfg_app.o(.constdata)
    OSCfg_IntQSize                           0x080009b4   Data           2  os_cfg_app.o(.constdata)
    OSCfg_IntQSizeRAM                        0x080009b8   Data           4  os_cfg_app.o(.constdata)
    OSCfg_IntQTaskStkBasePtr                 0x080009bc   Data           4  os_cfg_app.o(.constdata)
    OSCfg_IntQTaskStkLimit                   0x080009c0   Data           4  os_cfg_app.o(.constdata)
    OSCfg_IntQTaskStkSize                    0x080009c4   Data           4  os_cfg_app.o(.constdata)
    OSCfg_IntQTaskStkSizeRAM                 0x080009c8   Data           4  os_cfg_app.o(.constdata)
    OSCfg_ISRStkBasePtr                      0x080009cc   Data           4  os_cfg_app.o(.constdata)
    OSCfg_ISRStkSize                         0x080009d0   Data           4  os_cfg_app.o(.constdata)
    OSCfg_ISRStkSizeRAM                      0x080009d4   Data           4  os_cfg_app.o(.constdata)
    OSCfg_MsgPoolSize                        0x080009d8   Data           2  os_cfg_app.o(.constdata)
    OSCfg_MsgPoolSizeRAM                     0x080009dc   Data           4  os_cfg_app.o(.constdata)
    OSCfg_MsgPoolBasePtr                     0x080009e0   Data           4  os_cfg_app.o(.constdata)
    OSCfg_StatTaskPrio                       0x080009e4   Data           1  os_cfg_app.o(.constdata)
    OSCfg_StatTaskRate_Hz                    0x080009e8   Data           4  os_cfg_app.o(.constdata)
    OSCfg_StatTaskStkBasePtr                 0x080009ec   Data           4  os_cfg_app.o(.constdata)
    OSCfg_StatTaskStkLimit                   0x080009f0   Data           4  os_cfg_app.o(.constdata)
    OSCfg_StatTaskStkSize                    0x080009f4   Data           4  os_cfg_app.o(.constdata)
    OSCfg_StatTaskStkSizeRAM                 0x080009f8   Data           4  os_cfg_app.o(.constdata)
    OSCfg_StkSizeMin                         0x080009fc   Data           4  os_cfg_app.o(.constdata)
    OSCfg_TickRate_Hz                        0x08000a00   Data           4  os_cfg_app.o(.constdata)
    OSCfg_TickTaskPrio                       0x08000a04   Data           1  os_cfg_app.o(.constdata)
    OSCfg_TickTaskStkBasePtr                 0x08000a08   Data           4  os_cfg_app.o(.constdata)
    OSCfg_TickTaskStkLimit                   0x08000a0c   Data           4  os_cfg_app.o(.constdata)
    OSCfg_TickTaskStkSize                    0x08000a10   Data           4  os_cfg_app.o(.constdata)
    OSCfg_TickTaskStkSizeRAM                 0x08000a14   Data           4  os_cfg_app.o(.constdata)
    OSCfg_TickWheelSize                      0x08000a18   Data           2  os_cfg_app.o(.constdata)
    OSCfg_TickWheelSizeRAM                   0x08000a1c   Data           4  os_cfg_app.o(.constdata)
    OSCfg_TmrTaskPrio                        0x08000a20   Data           1  os_cfg_app.o(.constdata)
    OSCfg_TmrTaskRate_Hz                     0x08000a24   Data           4  os_cfg_app.o(.constdata)
    OSCfg_TmrTaskStkBasePtr                  0x08000a28   Data           4  os_cfg_app.o(.constdata)
    OSCfg_TmrTaskStkLimit                    0x08000a2c   Data           4  os_cfg_app.o(.constdata)
    OSCfg_TmrTaskStkSize                     0x08000a30   Data           4  os_cfg_app.o(.constdata)
    OSCfg_TmrTaskStkSizeRAM                  0x08000a34   Data           4  os_cfg_app.o(.constdata)
    OSCfg_TmrWheelSize                       0x08000a38   Data           2  os_cfg_app.o(.constdata)
    OSCfg_TmrWheelSizeRAM                    0x08000a3c   Data           4  os_cfg_app.o(.constdata)
    OSCfg_DataSizeRAM                        0x08000a40   Data           4  os_cfg_app.o(.constdata)
    Region$$Table$$Base                      0x08000a44   Number         0  anon$$obj.o(Region$$Table)
    Region$$Table$$Limit                     0x08000a64   Number         0  anon$$obj.o(Region$$Table)
    ADC2ConvertedValue                       0x20000000   Data           2  stm32f10x_it.o(.data)
    CPU_TS_TmrFreq_Hz                        0x20000004   Data           4  cpu_core.o(.data)
    CPU_IntDisMeasCtr                        0x20000008   Data           2  cpu_core.o(.data)
    CPU_IntDisNestCtr                        0x2000000a   Data           2  cpu_core.o(.data)
    CPU_IntDisMeasStart_cnts                 0x2000000c   Data           4  cpu_core.o(.data)
    CPU_IntDisMeasStop_cnts                  0x20000010   Data           4  cpu_core.o(.data)
    CPU_IntDisMeasOvrhd_cnts                 0x20000014   Data           4  cpu_core.o(.data)
    CPU_IntDisMeasMaxCur_cnts                0x20000018   Data           4  cpu_core.o(.data)
    CPU_IntDisMeasMax_cnts                   0x2000001c   Data           4  cpu_core.o(.data)
    OSPrioTbl                                0x20000020   Data           4  os_prio.o(.data)
    OS_AppTaskCreateHookPtr                  0x20000024   Data           4  os_var.o(.data)
    OS_AppTaskDelHookPtr                     0x20000028   Data           4  os_var.o(.data)
    OS_AppTaskReturnHookPtr                  0x2000002c   Data           4  os_var.o(.data)
    OS_AppIdleTaskHookPtr                    0x20000030   Data           4  os_var.o(.data)
    OS_AppStatTaskHookPtr                    0x20000034   Data           4  os_var.o(.data)
    OS_AppTaskSwHookPtr                      0x20000038   Data           4  os_var.o(.data)
    OS_AppTimeTickHookPtr                    0x2000003c   Data           4  os_var.o(.data)
    OSIdleTaskCtr                            0x20000040   Data           4  os_var.o(.data)
    OSIntNestingCtr                          0x20000044   Data           1  os_var.o(.data)
    OSIntDisTimeMax                          0x20000048   Data           4  os_var.o(.data)
    OSRunning                                0x2000004c   Data           1  os_var.o(.data)
    OSIntQInPtr                              0x20000050   Data           4  os_var.o(.data)
    OSIntQOutPtr                             0x20000054   Data           4  os_var.o(.data)
    OSIntQNbrEntries                         0x20000058   Data           2  os_var.o(.data)
    OSIntQNbrEntriesMax                      0x2000005a   Data           2  os_var.o(.data)
    OSIntQOvfCtr                             0x2000005c   Data           2  os_var.o(.data)
    OSIntQTaskTimeMax                        0x20000060   Data           4  os_var.o(.data)
    OSFlagDbgListPtr                         0x20000064   Data           4  os_var.o(.data)
    OSFlagQty                                0x20000068   Data           2  os_var.o(.data)
    OSMemDbgListPtr                          0x2000006c   Data           4  os_var.o(.data)
    OSMemQty                                 0x20000070   Data           2  os_var.o(.data)
    OSMutexDbgListPtr                        0x20000074   Data           4  os_var.o(.data)
    OSMutexQty                               0x20000078   Data           2  os_var.o(.data)
    OSPrioCur                                0x2000007a   Data           1  os_var.o(.data)
    OSPrioHighRdy                            0x2000007b   Data           1  os_var.o(.data)
    OSPrioSaved                              0x2000007c   Data           1  os_var.o(.data)
    OSQDbgListPtr                            0x20000080   Data           4  os_var.o(.data)
    OSQQty                                   0x20000084   Data           2  os_var.o(.data)
    OSSchedLockTimeBegin                     0x20000088   Data           4  os_var.o(.data)
    OSSchedLockTimeMax                       0x2000008c   Data           4  os_var.o(.data)
    OSSchedLockTimeMaxCur                    0x20000090   Data           4  os_var.o(.data)
    OSSchedLockNestingCtr                    0x20000094   Data           1  os_var.o(.data)
    OSSchedRoundRobinDfltTimeQuanta          0x20000098   Data           4  os_var.o(.data)
    OSSchedRoundRobinEn                      0x2000009c   Data           1  os_var.o(.data)
    OSSemDbgListPtr                          0x200000a0   Data           4  os_var.o(.data)
    OSSemQty                                 0x200000a4   Data           2  os_var.o(.data)
    OSStatResetFlag                          0x200000a6   Data           1  os_var.o(.data)
    OSStatTaskCPUUsage                       0x200000a8   Data           2  os_var.o(.data)
    OSStatTaskCPUUsageMax                    0x200000aa   Data           2  os_var.o(.data)
    OSStatTaskCtr                            0x200000ac   Data           4  os_var.o(.data)
    OSStatTaskCtrMax                         0x200000b0   Data           4  os_var.o(.data)
    OSStatTaskCtrRun                         0x200000b4   Data           4  os_var.o(.data)
    OSStatTaskRdy                            0x200000b8   Data           1  os_var.o(.data)
    OSStatTaskTimeMax                        0x200000bc   Data           4  os_var.o(.data)
    OSTaskCtxSwCtr                           0x200000c0   Data           4  os_var.o(.data)
    OSTaskDbgListPtr                         0x200000c4   Data           4  os_var.o(.data)
    OSTaskQty                                0x200000c8   Data           2  os_var.o(.data)
    OSTaskRegNextAvailID                     0x200000ca   Data           1  os_var.o(.data)
    OSTickCtr                                0x200000cc   Data           4  os_var.o(.data)
    OSTickTaskTimeMax                        0x200000d0   Data           4  os_var.o(.data)
    OSTmrDbgListPtr                          0x200000d4   Data           4  os_var.o(.data)
    OSTmrQty                                 0x200000d8   Data           2  os_var.o(.data)
    OSTmrTaskTimeMax                         0x200000dc   Data           4  os_var.o(.data)
    OSTmrTickCtr                             0x200000e0   Data           4  os_var.o(.data)
    OSTmrUpdateCnt                           0x200000e4   Data           4  os_var.o(.data)
    OSTmrUpdateCtr                           0x200000e8   Data           4  os_var.o(.data)
    OSTCBCurPtr                              0x200000ec   Data           4  os_var.o(.data)
    OSTCBHighRdyPtr                          0x200000f0   Data           4  os_var.o(.data)
    OS_CPU_ExceptStkBase                     0x200000f4   Data           4  os_cpu_c.o(.data)
    OSCfg_IdleTaskStk                        0x200000f8   Data         512  os_cfg_app.o(.bss)
    OSCfg_IntQ                               0x200002f8   Data         320  os_cfg_app.o(.bss)
    OSCfg_IntQTaskStk                        0x20000438   Data         512  os_cfg_app.o(.bss)
    OSCfg_ISRStk                             0x20000638   Data         512  os_cfg_app.o(.bss)
    OSCfg_MsgPool                            0x20000838   Data        1600  os_cfg_app.o(.bss)
    OSCfg_StatTaskStk                        0x20000e78   Data         512  os_cfg_app.o(.bss)
    OSCfg_TickTaskStk                        0x20001078   Data         512  os_cfg_app.o(.bss)
    OSCfg_TickWheel                          0x20001278   Data         136  os_cfg_app.o(.bss)
    OSCfg_TmrTaskStk                         0x20001300   Data         512  os_cfg_app.o(.bss)
    OSCfg_TmrWheel                           0x20001500   Data         136  os_cfg_app.o(.bss)
    OSIdleTaskTCB                            0x20001588   Data         200  os_var.o(.bss)
    OSIntQTaskTCB                            0x20001650   Data         200  os_var.o(.bss)
    OSMsgPool                                0x20001718   Data          12  os_var.o(.bss)
    OSRdyList                                0x20001724   Data         384  os_var.o(.bss)
    OSStatTaskTCB                            0x200018a4   Data         200  os_var.o(.bss)
    OSTickTaskTCB                            0x2000196c   Data         200  os_var.o(.bss)
    OSTmrTaskTCB                             0x20001a34   Data         200  os_var.o(.bss)
    __libspace_start                         0x20001afc   Data          96  libspace.o(.bss)
    __temporary_stack_top$libspace           0x20001b5c   Data           0  libspace.o(.bss)



==============================================================================

Memory Map of the image

  Image Entry point : 0x08000151

  Load Region LR_IROM1 (Base: 0x08000000, Size: 0x00000b5c, Max: 0x00040000, ABSOLUTE)

    Execution Region ER_IROM1 (Exec base: 0x08000000, Load base: 0x08000000, Size: 0x00000a64, Max: 0x00040000, ABSOLUTE)

    Exec Addr    Load Addr    Size         Type   Attr      Idx    E Section Name        Object

    0x08000000   0x08000000   0x00000150   Data   RO          196    RESET               startup_stm32f10x_cl.o
    0x08000150   0x08000150   0x00000008   Code   RO         5250  * !!!main             c_w.l(__main.o)
    0x08000158   0x08000158   0x00000034   Code   RO         5407    !!!scatter          c_w.l(__scatter.o)
    0x0800018c   0x0800018c   0x0000001a   Code   RO         5409    !!handler_copy      c_w.l(__scatter_copy.o)
    0x080001a6   0x080001a6   0x00000002   PAD
    0x080001a8   0x080001a8   0x0000001c   Code   RO         5411    !!handler_zi        c_w.l(__scatter_zi.o)
    0x080001c4   0x080001c4   0x00000002   Code   RO         5277    .ARM.Collect$$libinit$$00000000  c_w.l(libinit.o)
    0x080001c6   0x080001c6   0x00000000   Code   RO         5284    .ARM.Collect$$libinit$$00000002  c_w.l(libinit2.o)
    0x080001c6   0x080001c6   0x00000000   Code   RO         5286    .ARM.Collect$$libinit$$00000004  c_w.l(libinit2.o)
    0x080001c6   0x080001c6   0x00000000   Code   RO         5289    .ARM.Collect$$libinit$$0000000A  c_w.l(libinit2.o)
    0x080001c6   0x080001c6   0x00000000   Code   RO         5291    .ARM.Collect$$libinit$$0000000C  c_w.l(libinit2.o)
    0x080001c6   0x080001c6   0x00000000   Code   RO         5293    .ARM.Collect$$libinit$$0000000E  c_w.l(libinit2.o)
    0x080001c6   0x080001c6   0x00000000   Code   RO         5296    .ARM.Collect$$libinit$$00000011  c_w.l(libinit2.o)
    0x080001c6   0x080001c6   0x00000000   Code   RO         5298    .ARM.Collect$$libinit$$00000013  c_w.l(libinit2.o)
    0x080001c6   0x080001c6   0x00000000   Code   RO         5300    .ARM.Collect$$libinit$$00000015  c_w.l(libinit2.o)
    0x080001c6   0x080001c6   0x00000000   Code   RO         5302    .ARM.Collect$$libinit$$00000017  c_w.l(libinit2.o)
    0x080001c6   0x080001c6   0x00000000   Code   RO         5304    .ARM.Collect$$libinit$$00000019  c_w.l(libinit2.o)
    0x080001c6   0x080001c6   0x00000000   Code   RO         5306    .ARM.Collect$$libinit$$0000001B  c_w.l(libinit2.o)
    0x080001c6   0x080001c6   0x00000000   Code   RO         5308    .ARM.Collect$$libinit$$0000001D  c_w.l(libinit2.o)
    0x080001c6   0x080001c6   0x00000000   Code   RO         5310    .ARM.Collect$$libinit$$0000001F  c_w.l(libinit2.o)
    0x080001c6   0x080001c6   0x00000000   Code   RO         5312    .ARM.Collect$$libinit$$00000021  c_w.l(libinit2.o)
    0x080001c6   0x080001c6   0x00000000   Code   RO         5314    .ARM.Collect$$libinit$$00000023  c_w.l(libinit2.o)
    0x080001c6   0x080001c6   0x00000000   Code   RO         5316    .ARM.Collect$$libinit$$00000025  c_w.l(libinit2.o)
    0x080001c6   0x080001c6   0x00000000   Code   RO         5320    .ARM.Collect$$libinit$$0000002C  c_w.l(libinit2.o)
    0x080001c6   0x080001c6   0x00000000   Code   RO         5322    .ARM.Collect$$libinit$$0000002E  c_w.l(libinit2.o)
    0x080001c6   0x080001c6   0x00000000   Code   RO         5324    .ARM.Collect$$libinit$$00000030  c_w.l(libinit2.o)
    0x080001c6   0x080001c6   0x00000000   Code   RO         5326    .ARM.Collect$$libinit$$00000032  c_w.l(libinit2.o)
    0x080001c6   0x080001c6   0x00000002   Code   RO         5327    .ARM.Collect$$libinit$$00000033  c_w.l(libinit2.o)
    0x080001c8   0x080001c8   0x00000002   Code   RO         5347    .ARM.Collect$$libshutdown$$00000000  c_w.l(libshutdown.o)
    0x080001ca   0x080001ca   0x00000000   Code   RO         5360    .ARM.Collect$$libshutdown$$00000002  c_w.l(libshutdown2.o)
    0x080001ca   0x080001ca   0x00000000   Code   RO         5362    .ARM.Collect$$libshutdown$$00000004  c_w.l(libshutdown2.o)
    0x080001ca   0x080001ca   0x00000000   Code   RO         5365    .ARM.Collect$$libshutdown$$00000007  c_w.l(libshutdown2.o)
    0x080001ca   0x080001ca   0x00000000   Code   RO         5368    .ARM.Collect$$libshutdown$$0000000A  c_w.l(libshutdown2.o)
    0x080001ca   0x080001ca   0x00000000   Code   RO         5370    .ARM.Collect$$libshutdown$$0000000C  c_w.l(libshutdown2.o)
    0x080001ca   0x080001ca   0x00000000   Code   RO         5373    .ARM.Collect$$libshutdown$$0000000F  c_w.l(libshutdown2.o)
    0x080001ca   0x080001ca   0x00000002   Code   RO         5374    .ARM.Collect$$libshutdown$$00000010  c_w.l(libshutdown2.o)
    0x080001cc   0x080001cc   0x00000000   Code   RO         5252    .ARM.Collect$$rtentry$$00000000  c_w.l(__rtentry.o)
    0x080001cc   0x080001cc   0x00000000   Code   RO         5254    .ARM.Collect$$rtentry$$00000002  c_w.l(__rtentry2.o)
    0x080001cc   0x080001cc   0x00000006   Code   RO         5266    .ARM.Collect$$rtentry$$00000004  c_w.l(__rtentry4.o)
    0x080001d2   0x080001d2   0x00000000   Code   RO         5256    .ARM.Collect$$rtentry$$00000009  c_w.l(__rtentry2.o)
    0x080001d2   0x080001d2   0x00000004   Code   RO         5257    .ARM.Collect$$rtentry$$0000000A  c_w.l(__rtentry2.o)
    0x080001d6   0x080001d6   0x00000000   Code   RO         5259    .ARM.Collect$$rtentry$$0000000C  c_w.l(__rtentry2.o)
    0x080001d6   0x080001d6   0x00000008   Code   RO         5260    .ARM.Collect$$rtentry$$0000000D  c_w.l(__rtentry2.o)
    0x080001de   0x080001de   0x00000002   Code   RO         5281    .ARM.Collect$$rtexit$$00000000  c_w.l(rtexit.o)
    0x080001e0   0x080001e0   0x00000000   Code   RO         5329    .ARM.Collect$$rtexit$$00000002  c_w.l(rtexit2.o)
    0x080001e0   0x080001e0   0x00000004   Code   RO         5330    .ARM.Collect$$rtexit$$00000003  c_w.l(rtexit2.o)
    0x080001e4   0x080001e4   0x00000006   Code   RO         5331    .ARM.Collect$$rtexit$$00000004  c_w.l(rtexit2.o)
    0x080001ea   0x080001ea   0x00000002   PAD
    0x080001ec   0x080001ec   0x00000040   Code   RO          197    .text               startup_stm32f10x_cl.o
    0x0800022c   0x0800022c   0x00000034   Code   RO         3566    .text               cpu_a.o
    0x08000260   0x08000260   0x00000006   Code   RO         5248    .text               c_w.l(heapauxi.o)
    0x08000266   0x08000266   0x0000004a   Code   RO         5268    .text               c_w.l(sys_stackheap_outer.o)
    0x080002b0   0x080002b0   0x00000012   Code   RO         5270    .text               c_w.l(exit.o)
    0x080002c2   0x080002c2   0x00000002   PAD
    0x080002c4   0x080002c4   0x00000008   Code   RO         5278    .text               c_w.l(libspace.o)
    0x080002cc   0x080002cc   0x0000000c   Code   RO         5339    .text               c_w.l(sys_exit.o)
    0x080002d8   0x080002d8   0x00000002   Code   RO         5350    .text               c_w.l(use_no_semi.o)
    0x080002da   0x080002da   0x00000000   Code   RO         5352    .text               c_w.l(indicate_semi.o)
    0x080002da   0x080002da   0x00000002   PAD
    0x080002dc   0x080002dc   0x00000084   Code   RO         5165    CODE                os_cpu_a.o
    0x08000360   0x08000360   0x00000018   Code   RO           17    i.ADC1_2_IRQHandler  stm32f10x_it.o
    0x08000378   0x08000378   0x00000008   Code   RO          252    i.ADC_GetConversionValue  stm32f10x_adc.o
    0x08000380   0x08000380   0x00000004   Code   RO           18    i.BusFault_Handler  stm32f10x_it.o
    0x08000384   0x08000384   0x0000001c   Code   RO         3404    i.CPU_IntDisMeasMaxCalc  cpu_core.o
    0x080003a0   0x080003a0   0x0000002c   Code   RO         3405    i.CPU_IntDisMeasMaxCurGet  cpu_core.o
    0x080003cc   0x080003cc   0x0000002c   Code   RO         3406    i.CPU_IntDisMeasMaxCurReset  cpu_core.o
    0x080003f8   0x080003f8   0x00000034   Code   RO         3408    i.CPU_IntDisMeasStart  cpu_core.o
    0x0800042c   0x0800042c   0x00000054   Code   RO         3409    i.CPU_IntDisMeasStop  cpu_core.o
    0x08000480   0x08000480   0x0000000c   Code   RO         3346    i.CPU_TS_TmrRd      bsp.o
    0x0800048c   0x0800048c   0x00000002   Code   RO           19    i.DebugMon_Handler  stm32f10x_it.o
    0x0800048e   0x0800048e   0x00000004   Code   RO           20    i.HardFault_Handler  stm32f10x_it.o
    0x08000492   0x08000492   0x00000004   Code   RO           21    i.MemManage_Handler  stm32f10x_it.o
    0x08000496   0x08000496   0x00000002   Code   RO           22    i.NMI_Handler       stm32f10x_it.o
    0x08000498   0x08000498   0x000000e4   Code   RO         4057    i.OSIntExit         os_core.o
    0x0800057c   0x0800057c   0x000000a4   Code   RO         5175    i.OSTaskSwHook      os_cpu_c.o
    0x08000620   0x08000620   0x00000044   Code   RO         5024    i.OSTimeTick        os_time.o
    0x08000664   0x08000664   0x00000014   Code   RO         5176    i.OSTimeTickHook    os_cpu_c.o
    0x08000678   0x08000678   0x00000040   Code   RO         5177    i.OS_CPU_SysTickHandler  os_cpu_c.o
    0x080006b8   0x080006b8   0x00000104   Code   RO         4400    i.OS_IntQPost       os_int.o
    0x080007bc   0x080007bc   0x00000028   Code   RO         4592    i.OS_PrioGetHighest  os_prio.o
    0x080007e4   0x080007e4   0x00000024   Code   RO         4594    i.OS_PrioInsert     os_prio.o
    0x08000808   0x08000808   0x00000002   Code   RO           23    i.SVC_Handler       stm32f10x_it.o
    0x0800080a   0x0800080a   0x00000008   Code   RO          160    i.SetSysClock       system_stm32f10x.o
    0x08000812   0x08000812   0x00000002   PAD
    0x08000814   0x08000814   0x00000118   Code   RO          161    i.SetSysClockTo72   system_stm32f10x.o
    0x0800092c   0x0800092c   0x0000006c   Code   RO          163    i.SystemInit        system_stm32f10x.o
    0x08000998   0x08000998   0x00000004   Code   RO           24    i.UsageFault_Handler  stm32f10x_it.o
    0x0800099c   0x0800099c   0x00000004   Code   RO         3333    i.main              app.o
    0x080009a0   0x080009a0   0x000000a4   Data   RO         4034    .constdata          os_cfg_app.o
    0x08000a44   0x08000a44   0x00000020   Data   RO         5405    Region$$Table       anon$$obj.o


    Execution Region RW_IRAM1 (Exec base: 0x20000000, Load base: 0x08000a64, Size: 0x00002160, Max: 0x00010000, ABSOLUTE)

    Exec Addr    Load Addr    Size         Type   Attr      Idx    E Section Name        Object

    0x20000000   0x08000a64   0x00000002   Data   RW           25    .data               stm32f10x_it.o
    0x20000002   0x08000a66   0x00000002   PAD
    0x20000004   0x08000a68   0x0000001c   Data   RW         3422    .data               cpu_core.o
    0x20000020   0x08000a84   0x00000004   Data   RW         4596    .data               os_prio.o
    0x20000024   0x08000a88   0x000000d0   Data   RW         5152    .data               os_var.o
    0x200000f4   0x08000b58   0x00000004   Data   RW         5179    .data               os_cpu_c.o
    0x200000f8        -       0x00001490   Zero   RW         4033    .bss                os_cfg_app.o
    0x20001588        -       0x00000574   Zero   RW         5151    .bss                os_var.o
    0x20001afc        -       0x00000060   Zero   RW         5279    .bss                c_w.l(libspace.o)
    0x20001b5c   0x08000b5c   0x00000004   PAD
    0x20001b60        -       0x00000200   Zero   RW          195    HEAP                startup_stm32f10x_cl.o
    0x20001d60        -       0x00000400   Zero   RW          194    STACK               startup_stm32f10x_cl.o


==============================================================================

Image component sizes


      Code (inc. data)   RO Data    RW Data    ZI Data      Debug   Object Name

         4          0          0          0          0        391   app.o
        12          6          0          0          0        415   bsp.o
         0          0          0          0          0       4540   core_cm3.o
        52          0          0          0          0        336   cpu_a.o
       252         48          0         28          0      12769   cpu_core.o
         0          0          0          0          0      29143   os_app_hooks.o
         0          0        164          0       5264      20441   os_cfg_app.o
       228         36          0          0          0        604   os_core.o
       132         32          0          0          0        384   os_cpu_a.o
       248         26          0          4          0       2651   os_cpu_c.o
       260         36          0          0          0       1290   os_int.o
        76          8          0          4          0       1700   os_prio.o
        68         14          0          0          0        537   os_time.o
         0          0          0        208       1396      19453   os_var.o
        64         26        336          0       1536        808   startup_stm32f10x_cl.o
         8          0          0          0          0       2541   stm32f10x_adc.o
        46         10          0          2          0     232456   stm32f10x_it.o
       396         32          0          0          0       1841   system_stm32f10x.o

    ----------------------------------------------------------------------
      1848        274        532        248       8196     332300   Object Totals
         0          0         32          0          0          0   (incl. Generated)
         2          0          0          2          0          0   (incl. Padding)

    ----------------------------------------------------------------------

      Code (inc. data)   RO Data    RW Data    ZI Data      Debug   Library Member Name

         8          0          0          0          0         68   __main.o
         0          0          0          0          0          0   __rtentry.o
        12          0          0          0          0          0   __rtentry2.o
         6          0          0          0          0          0   __rtentry4.o
        52          8          0          0          0          0   __scatter.o
        26          0          0          0          0          0   __scatter_copy.o
        28          0          0          0          0          0   __scatter_zi.o
        18          0          0          0          0         80   exit.o
         6          0          0          0          0        152   heapauxi.o
         0          0          0          0          0          0   indicate_semi.o
         2          0          0          0          0          0   libinit.o
         2          0          0          0          0          0   libinit2.o
         2          0          0          0          0          0   libshutdown.o
         2          0          0          0          0          0   libshutdown2.o
         8          4          0          0         96         68   libspace.o
         2          0          0          0          0          0   rtexit.o
        10          0          0          0          0          0   rtexit2.o
        12          4          0          0          0         68   sys_exit.o
        74          0          0          0          0         80   sys_stackheap_outer.o
         2          0          0          0          0         68   use_no_semi.o

    ----------------------------------------------------------------------
       280         16          0          0        100        584   Library Totals
         8          0          0          0          4          0   (incl. Padding)

    ----------------------------------------------------------------------

      Code (inc. data)   RO Data    RW Data    ZI Data      Debug   Library Name

       272         16          0          0         96        584   c_w.l

    ----------------------------------------------------------------------
       280         16          0          0        100        584   Library Totals

    ----------------------------------------------------------------------

==============================================================================


      Code (inc. data)   RO Data    RW Data    ZI Data      Debug   

      2128        290        532        248       8296     331528   Grand Totals
      2128        290        532        248       8296     331528   ELF Image Totals
      2128        290        532        248          0          0   ROM Totals

==============================================================================

    Total RO  Size (Code + RO Data)                 2660 (   2.60kB)
    Total RW  Size (RW Data + ZI Data)              8544 (   8.34kB)
    Total ROM Size (Code + RO Data + RW Data)       2908 (   2.84kB)

==============================================================================

