Component: ARM Compiler 5.06 update 6 (build 750) Tool: armlink [4d35ed]

==============================================================================

Section Cross References

    stm32f10x_it.o(i.ADC1_2_IRQHandler) refers to stm32f10x_adc.o(i.ADC_GetConversionValue) for ADC_GetConversionValue
    stm32f10x_it.o(i.ADC1_2_IRQHandler) refers to stm32f10x_it.o(.data) for ADC2ConvertedValue
    system_stm32f10x.o(i.SetSysClock) refers to system_stm32f10x.o(i.SetSysClockTo72) for SetSysClockTo72
    system_stm32f10x.o(i.SystemCoreClockUpdate) refers to system_stm32f10x.o(.data) for SystemCoreClock
    system_stm32f10x.o(i.SystemInit) refers to system_stm32f10x.o(i.SetSysClock) for SetSysClock
    startup_stm32f10x_cl.o(STACK) refers (Special) to heapauxi.o(.text) for __use_two_region_memory
    startup_stm32f10x_cl.o(HEAP) refers (Special) to heapauxi.o(.text) for __use_two_region_memory
    startup_stm32f10x_cl.o(RESET) refers (Special) to heapauxi.o(.text) for __use_two_region_memory
    startup_stm32f10x_cl.o(RESET) refers to startup_stm32f10x_cl.o(STACK) for __initial_sp
    startup_stm32f10x_cl.o(RESET) refers to startup_stm32f10x_cl.o(.text) for Reset_Handler
    startup_stm32f10x_cl.o(RESET) refers to stm32f10x_it.o(i.NMI_Handler) for NMI_Handler
    startup_stm32f10x_cl.o(RESET) refers to stm32f10x_it.o(i.HardFault_Handler) for HardFault_Handler
    startup_stm32f10x_cl.o(RESET) refers to stm32f10x_it.o(i.MemManage_Handler) for MemManage_Handler
    startup_stm32f10x_cl.o(RESET) refers to stm32f10x_it.o(i.BusFault_Handler) for BusFault_Handler
    startup_stm32f10x_cl.o(RESET) refers to stm32f10x_it.o(i.UsageFault_Handler) for UsageFault_Handler
    startup_stm32f10x_cl.o(RESET) refers to stm32f10x_it.o(i.SVC_Handler) for SVC_Handler
    startup_stm32f10x_cl.o(RESET) refers to stm32f10x_it.o(i.DebugMon_Handler) for DebugMon_Handler
    startup_stm32f10x_cl.o(RESET) refers to os_cpu_a.o(CODE) for OS_CPU_PendSVHandler
    startup_stm32f10x_cl.o(RESET) refers to os_cpu_c.o(i.OS_CPU_SysTickHandler) for OS_CPU_SysTickHandler
    startup_stm32f10x_cl.o(RESET) refers to stm32f10x_it.o(i.ADC1_2_IRQHandler) for ADC1_2_IRQHandler
    startup_stm32f10x_cl.o(.text) refers (Special) to heapauxi.o(.text) for __use_two_region_memory
    startup_stm32f10x_cl.o(.text) refers to system_stm32f10x.o(i.SystemInit) for SystemInit
    startup_stm32f10x_cl.o(.text) refers to __main.o(!!!main) for __main
    startup_stm32f10x_cl.o(.text) refers to startup_stm32f10x_cl.o(HEAP) for Heap_Mem
    startup_stm32f10x_cl.o(.text) refers to startup_stm32f10x_cl.o(STACK) for Stack_Mem
    stm32f10x_adc.o(i.ADC_DeInit) refers to stm32f10x_rcc.o(i.RCC_APB2PeriphResetCmd) for RCC_APB2PeriphResetCmd
    stm32f10x_bkp.o(i.BKP_DeInit) refers to stm32f10x_rcc.o(i.RCC_BackupResetCmd) for RCC_BackupResetCmd
    stm32f10x_can.o(i.CAN_DeInit) refers to stm32f10x_rcc.o(i.RCC_APB1PeriphResetCmd) for RCC_APB1PeriphResetCmd
    stm32f10x_can.o(i.CAN_GetITStatus) refers to stm32f10x_can.o(i.CheckITStatus) for CheckITStatus
    stm32f10x_cec.o(i.CEC_DeInit) refers to stm32f10x_rcc.o(i.RCC_APB1PeriphResetCmd) for RCC_APB1PeriphResetCmd
    stm32f10x_dac.o(i.DAC_DeInit) refers to stm32f10x_rcc.o(i.RCC_APB1PeriphResetCmd) for RCC_APB1PeriphResetCmd
    stm32f10x_flash.o(i.FLASH_EnableWriteProtection) refers to stm32f10x_flash.o(i.FLASH_WaitForLastOperation) for FLASH_WaitForLastOperation
    stm32f10x_flash.o(i.FLASH_EraseAllBank1Pages) refers to stm32f10x_flash.o(i.FLASH_WaitForLastBank1Operation) for FLASH_WaitForLastBank1Operation
    stm32f10x_flash.o(i.FLASH_EraseAllPages) refers to stm32f10x_flash.o(i.FLASH_WaitForLastOperation) for FLASH_WaitForLastOperation
    stm32f10x_flash.o(i.FLASH_EraseOptionBytes) refers to stm32f10x_flash.o(i.FLASH_GetReadOutProtectionStatus) for FLASH_GetReadOutProtectionStatus
    stm32f10x_flash.o(i.FLASH_EraseOptionBytes) refers to stm32f10x_flash.o(i.FLASH_WaitForLastOperation) for FLASH_WaitForLastOperation
    stm32f10x_flash.o(i.FLASH_ErasePage) refers to stm32f10x_flash.o(i.FLASH_WaitForLastOperation) for FLASH_WaitForLastOperation
    stm32f10x_flash.o(i.FLASH_ProgramHalfWord) refers to stm32f10x_flash.o(i.FLASH_WaitForLastOperation) for FLASH_WaitForLastOperation
    stm32f10x_flash.o(i.FLASH_ProgramOptionByteData) refers to stm32f10x_flash.o(i.FLASH_WaitForLastOperation) for FLASH_WaitForLastOperation
    stm32f10x_flash.o(i.FLASH_ProgramWord) refers to stm32f10x_flash.o(i.FLASH_WaitForLastOperation) for FLASH_WaitForLastOperation
    stm32f10x_flash.o(i.FLASH_ReadOutProtection) refers to stm32f10x_flash.o(i.FLASH_WaitForLastOperation) for FLASH_WaitForLastOperation
    stm32f10x_flash.o(i.FLASH_UserOptionByteConfig) refers to stm32f10x_flash.o(i.FLASH_WaitForLastOperation) for FLASH_WaitForLastOperation
    stm32f10x_flash.o(i.FLASH_WaitForLastBank1Operation) refers to stm32f10x_flash.o(i.FLASH_GetBank1Status) for FLASH_GetBank1Status
[...]
    __scatterload                            0x08000159   Thumb Code     0  __scatter.o(!!!scatter)
    __scatterload_rt2                        0x08000159   Thumb Code    44  __scatter.o(!!!scatter)
    __scatterload_rt2_thumb_only             0x08000159   Thumb Code     0  __scatter.o(!!!scatter)
    __scatterload_null                       0x08000167   Thumb Code     0  __scatter.o(!!!scatter)
    __scatterload_copy                       0x0800018d   Thumb Code    26  __scatter_copy.o(!!handler_copy)
    __scatterload_zeroinit                   0x080001a9   Thumb Code    28  __scatter_zi.o(!!handler_zi)
    __rt_lib_init                            0x080001c5   Thumb Code     0  libinit.o(.ARM.Collect$$libinit$$00000000)
    __rt_lib_init_fp_1                       0x080001c7   Thumb Code     0  libinit2.o(.ARM.Collect$$libinit$$00000002)
    __rt_lib_init_heap_2                     0x080001c7   Thumb Code     0  libinit2.o(.ARM.Collect$$libinit$$00000005)
    __rt_lib_init_preinit_1                  0x080001c7   Thumb Code     0  libinit2.o(.ARM.Collect$$libinit$$00000004)
    __rt_lib_init_atexit_1                   0x080001cf   Thumb Code     0  libinit2.o(.ARM.Collect$$libinit$$0000001B)
    __rt_lib_init_clock_1                    0x080001cf   Thumb Code     0  libinit2.o(.ARM.Collect$$libinit$$00000021)
    __rt_lib_init_fp_trap_1                  0x080001cf   Thumb Code     0  libinit2.o(.ARM.Collect$$libinit$$0000001F)
    __rt_lib_init_getenv_1                   0x080001cf   Thumb Code     0  libinit2.o(.ARM.Collect$$libinit$$00000023)
    __rt_lib_init_heap_1                     0x080001cf   Thumb Code     0  libinit2.o(.ARM.Collect$$libinit$$0000000A)
    __rt_lib_init_lc_collate_1               0x080001cf   Thumb Code     0  libinit2.o(.ARM.Collect$$libinit$$00000011)
    __rt_lib_init_lc_ctype_1                 0x080001cf   Thumb Code     0  libinit2.o(.ARM.Collect$$libinit$$00000013)
    __rt_lib_init_lc_monetary_1              0x080001cf   Thumb Code     0  libinit2.o(.ARM.Collect$$libinit$$00000015)
    __rt_lib_init_lc_numeric_1               0x080001cf   Thumb Code     0  libinit2.o(.ARM.Collect$$libinit$$00000017)
    __rt_lib_init_lc_time_1                  0x080001cf   Thumb Code     0  libinit2.o(.ARM.Collect$$libinit$$00000019)
    __rt_lib_init_rand_1                     0x080001cf   Thumb Code     0  libinit2.o(.ARM.Collect$$libinit$$0000000E)
    __rt_lib_init_signal_1                   0x080001cf   Thumb Code     0  libinit2.o(.ARM.Collect$$libinit$$0000001D)
    __rt_lib_init_stdio_2                    0x080001cf   Thumb Code     0  libinit2.o(.ARM.Collect$$libinit$$00000024)
    __rt_lib_init_user_alloc_1               0x080001cf   Thumb Code     0  libinit2.o(.ARM.Collect$$libinit$$0000000C)
    __rt_lib_init_alloca_1                   0x080001d3   Thumb Code     0  libinit2.o(.ARM.Collect$$libinit$$0000002E)
    __rt_lib_init_argv_1                     0x080001d3   Thumb Code     0  libinit2.o(.ARM.Collect$$libinit$$0000002C)
    __rt_lib_init_cpp_1                      0x080001d3   Thumb Code     0  libinit2.o(.ARM.Collect$$libinit$$00000032)
    __rt_lib_init_exceptions_1               0x080001d3   Thumb Code     0  libinit2.o(.ARM.Collect$$libinit$$00000030)
    __rt_lib_init_return                     0x080001d3   Thumb Code     0  libinit2.o(.ARM.Collect$$libinit$$00000033)
    __rt_lib_init_stdio_1                    0x080001d3   Thumb Code     0  libinit2.o(.ARM.Collect$$libinit$$00000025)
    __rt_lib_shutdown                        0x080001d5   Thumb Code     0  libshutdown.o(.ARM.Collect$$libshutdown$$00000000)
    __rt_lib_shutdown_cpp_1                  0x080001d7   Thumb Code     0  libshutdown2.o(.ARM.Collect$$libshutdown$$00000002)
    __rt_lib_shutdown_stdio_2                0x080001d7   Thumb Code     0  libshutdown2.o(.ARM.Collect$$libshutdown$$00000003)
    __rt_lib_shutdown_fp_trap_1              0x080001db   Thumb Code     0  libshutdown2.o(.ARM.Collect$$libshutdown$$00000007)
    __rt_lib_shutdown_heap_1                 0x080001db   Thumb Code     0  libshutdown2.o(.ARM.Collect$$libshutdown$$0000000F)
    __rt_lib_shutdown_return                 0x080001db   Thumb Code     0  libshutdown2.o(.ARM.Collect$$libshutdown$$00000010)
    __rt_lib_shutdown_signal_1               0x080001db   Thumb Code     0  libshutdown2.o(.ARM.Collect$$libshutdown$$0000000A)
    __rt_lib_shutdown_stdio_1                0x080001db   Thumb Code     0  libshutdown2.o(.ARM.Collect$$libshutdown$$00000004)
    __rt_lib_shutdown_user_alloc_1           0x080001db   Thumb Code     0  libshutdown2.o(.ARM.Collect$$libshutdown$$0000000C)
    __rt_entry                               0x080001dd   Thumb Code     0  __rtentry.o(.ARM.Collect$$rtentry$$00000000)
    __rt_entry_presh_1                       0x080001dd   Thumb Code     0  __rtentry2.o(.ARM.Collect$$rtentry$$00000002)
    __rt_entry_sh                            0x080001dd   Thumb Code     0  __rtentry4.o(.ARM.Collect$$rtentry$$00000004)
    __rt_entry_li                            0x080001e3   Thumb Code     0  __rtentry2.o(.ARM.Collect$$rtentry$$0000000A)
    __rt_entry_postsh_1                      0x080001e3   Thumb Code     0  __rtentry2.o(.ARM.Collect$$rtentry$$00000009)
    __rt_entry_main                          0x080001e7   Thumb Code     0  __rtentry2.o(.ARM.Collect$$rtentry$$0000000D)
    __rt_entry_postli_1                      0x080001e7   Thumb Code     0  __rtentry2.o(.ARM.Collect$$rtentry$$0000000C)
    __rt_exit                                0x080001ef   Thumb Code     0  rtexit.o(.ARM.Collect$$rtexit$$00000000)
    __rt_exit_ls                             0x080001f1   Thumb Code     0  rtexit2.o(.ARM.Collect$$rtexit$$00000003)
    __rt_exit_prels_1                        0x080001f1   Thumb Code     0  rtexit2.o(.ARM.Collect$$rtexit$$00000002)
    __rt_exit_exit                           0x080001f5   Thumb Code     0  rtexit2.o(.ARM.Collect$$rtexit$$00000004)
    Reset_Handler                            0x080001fd   Thumb Code     8  startup_stm32f10x_cl.o(.text)
    _maybe_terminate_alloc                   0x080001fd   Thumb Code     0  maybetermalloc1.o(.emb_text)
    CAN1_RX0_IRQHandler                      0x08000217   Thumb Code     0  startup_stm32f10x_cl.o(.text)
    CAN1_RX1_IRQHandler                      0x08000217   Thumb Code     0  startup_stm32f10x_cl.o(.text)
    CAN1_SCE_IRQHandler                      0x08000217   Thumb Code     0  startup_stm32f10x_cl.o(.text)
    CAN1_TX_IRQHandler                       0x08000217   Thumb Code     0  startup_stm32f10x_cl.o(.text)
    CAN2_RX0_IRQHandler                      0x08000217   Thumb Code     0  startup_stm32f10x_cl.o(.text)
    CAN2_RX1_IRQHandler                      0x08000217   Thumb Code     0  startup_stm32f10x_cl.o(.text)
    CAN2_SCE_IRQHandler                      0x08000217   Thumb Code     0  startup_stm32f10x_cl.o(.text)
    CAN2_TX_IRQHandler                       0x08000217   Thumb Code     0  startup_stm32f10x_cl.o(.text)
    DMA1_Channel1_IRQHandler                 0x08000217   Thumb Code     0  startup_stm32f10x_cl.o(.text)
    DMA1_Channel2_IRQHandler                 0x08000217   Thumb Code     0  startup_stm32f10x_cl.o(.text)
    DMA1_Channel3_IRQHandler                 0x08000217   Thumb Code     0  startup_stm32f10x_cl.o(.text)
    DMA1_Channel4_IRQHandler                 0x08000217   Thumb Code     0  startup_stm32f10x_cl.o(.text)
    DMA1_Channel5_IRQHandler                 0x08000217   Thumb Code     0  startup_stm32f10x_cl.o(.text)
    DMA1_Channel6_IRQHandler                 0x08000217   Thumb Code     0  startup_stm32f10x_cl.o(.text)
    DMA1_Channel7_IRQHandler                 0x08000217   Thumb Code     0  startup_stm32f10x_cl.o(.text)
    DMA2_Channel1_IRQHandler                 0x08000217   Thumb Code     0  startup_stm32f10x_cl.o(.text)
    DMA2_Channel2_IRQHandler                 0x08000217   Thumb Code     0  startup_stm32f10x_cl.o(.text)
    DMA2_Channel3_IRQHandler                 0x08000217   Thumb Code     0  startup_stm32f10x_cl.o(.text)
    DMA2_Channel4_IRQHandler                 0x08000217   Thumb Code     0  startup_stm32f10x_cl.o(.text)
    DMA2_Channel5_IRQHandler                 0x08000217   Thumb Code     0  startup_stm32f10x_cl.o(.text)
    ETH_IRQHandler                           0x08000217   Thumb Code     0  startup_stm32f10x_cl.o(.text)
    ETH_WKUP_IRQHandler                      0x08000217   Thumb Code     0  startup_stm32f10x_cl.o(.text)
    EXTI0_IRQHandler                         0x08000217   Thumb Code     0  startup_stm32f10x_cl.o(.text)
    EXTI15_10_IRQHandler                     0x08000217   Thumb Code     0  startup_stm32f10x_cl.o(.text)
    EXTI1_IRQHandler                         0x08000217   Thumb Code     0  startup_stm32f10x_cl.o(.text)
    EXTI2_IRQHandler                         0x08000217   Thumb Code     0  startup_stm32f10x_cl.o(.text)
    EXTI3_IRQHandler                         0x08000217   Thumb Code     0  startup_stm32f10x_cl.o(.text)
    EXTI4_IRQHandler                         0x08000217   Thumb Code     0  startup_stm32f10x_cl.o(.text)
    EXTI9_5_IRQHandler                       0x08000217   Thumb Code     0  startup_stm32f10x_cl.o(.text)
    FLASH_IRQHandler                         0x08000217   Thumb Code     0  startup_stm32f10x_cl.o(.text)
    I2C1_ER_IRQHandler                       0x08000217   Thumb Code     0  startup_stm32f10x_cl.o(.text)
    I2C1_EV_IRQHandler                       0x08000217   Thumb Code     0  startup_stm32f10x_cl.o(.text)
    I2C2_ER_IRQHandler                       0x08000217   Thumb Code     0  startup_stm32f10x_cl.o(.text)
    I2C2_EV_IRQHandler                       0x08000217   Thumb Code     0  startup_stm32f10x_cl.o(.text)
    OTG_FS_IRQHandler                        0x08000217   Thumb Code     0  startup_stm32f10x_cl.o(.text)
    OTG_FS_WKUP_IRQHandler                   0x08000217   Thumb Code     0  startup_stm32f10x_cl.o(.text)
    PVD_IRQHandler                           0x08000217   Thumb Code     0  startup_stm32f10x_cl.o(.text)
    RCC_IRQHandler                           0x08000217   Thumb Code     0  startup_stm32f10x_cl.o(.text)
    RTCAlarm_IRQHandler                      0x08000217   Thumb Code     0  startup_stm32f10x_cl.o(.text)
    RTC_IRQHandler                           0x08000217   Thumb Code     0  startup_stm32f10x_cl.o(.text)
    SPI1_IRQHandler                          0x08000217   Thumb Code     0  startup_stm32f10x_cl.o(.text)
    SPI2_IRQHandler                          0x08000217   Thumb Code     0  startup_stm32f10x_cl.o(.text)
    SPI3_IRQHandler                          0x08000217   Thumb Code     0  startup_stm32f10x_cl.o(.text)
    TAMPER_IRQHandler                        0x08000217   Thumb Code     0  startup_stm32f10x_cl.o(.text)
    TIM1_BRK_IRQHandler                      0x08000217   Thumb Code     0  startup_stm32f10x_cl.o(.text)
    TIM1_CC_IRQHandler                       0x08000217   Thumb Code     0  startup_stm32f10x_cl.o(.text)
    TIM1_TRG_COM_IRQHandler                  0x08000217   Thumb Code     0  startup_stm32f10x_cl.o(.text)
    TIM1_UP_IRQHandler                       0x08000217   Thumb Code     0  startup_stm32f10x_cl.o(.text)
    TIM2_IRQHandler                          0x08000217   Thumb Code     0  startup_stm32f10x_cl.o(.text)
    TIM3_IRQHandler                          0x08000217   Thumb Code     0  startup_stm32f10x_cl.o(.text)
    TIM4_IRQHandler                          0x08000217   Thumb Code     0  startup_stm32f10x_cl.o(.text)
    TIM5_IRQHandler                          0x08000217   Thumb Code     0  startup_stm32f10x_cl.o(.text)
    TIM6_IRQHandler                          0x08000217   Thumb Code     0  startup_stm32f10x_cl.o(.text)
    TIM7_IRQHandler                          0x08000217   Thumb Code     0  startup_stm32f10x_cl.o(.text)
    UART4_IRQHandler                         0x08000217   Thumb Code     0  startup_stm32f10x_cl.o(.text)
    UART5_IRQHandler                         0x08000217   Thumb Code     0  startup_stm32f10x_cl.o(.text)
    USART1_IRQHandler                        0x08000217   Thumb Code     0  startup_stm32f10x_cl.o(.text)
    USART2_IRQHandler                        0x08000217   Thumb Code     0  startup_stm32f10x_cl.o(.text)
    USART3_IRQHandler                        0x08000217   Thumb Code     0  startup_stm32f10x_cl.o(.text)
    WWDG_IRQHandler                          0x08000217   Thumb Code     0  startup_stm32f10x_cl.o(.text)
    __user_initial_stackheap                 0x08000219   Thumb Code     0  startup_stm32f10x_cl.o(.text)
    CPU_IntDis                               0x0800023d   Thumb Code     0  cpu_a.o(.text)
    CPU_IntEn                                0x08000241   Thumb Code     0  cpu_a.o(.text)
    CPU_SR_Save                              0x08000245   Thumb Code     0  cpu_a.o(.text)
    CPU_SR_Restore                           0x0800024d   Thumb Code     0  cpu_a.o(.text)
    CPU_WaitForInt                           0x08000253   Thumb Code     0  cpu_a.o(.text)
    CPU_WaitForExcept                        0x08000257   Thumb Code     0  cpu_a.o(.text)
    CPU_CntLeadZeros                         0x0800025b   Thumb Code     0  cpu_a.o(.text)
    CPU_CntTrailZeros                        0x08000261   Thumb Code     0  cpu_a.o(.text)
    CPU_RevBits                              0x0800026b   Thumb Code     0  cpu_a.o(.text)
    __2printf                                0x08000271   Thumb Code    20  noretval__2printf.o(.text)
    __use_two_region_memory                  0x08000289   Thumb Code     2  heapauxi.o(.text)
    __rt_heap_escrow                         0x0800028b   Thumb Code     2  heapauxi.o(.text)
    __rt_heap_expand                         0x0800028d   Thumb Code     2  heapauxi.o(.text)
    _printf_char_file                        0x08000291   Thumb Code    32  _printf_char_file.o(.text)
    _printf_char_common                      0x080002bf   Thumb Code    32  _printf_char_common.o(.text)
    ferror                                   0x080002e5   Thumb Code     8  ferror.o(.text)
    _initio                                  0x080002ed   Thumb Code   210  initio.o(.text)
    _terminateio                             0x080003bf   Thumb Code    56  initio.o(.text)
    _sys_open                                0x08000425   Thumb Code    20  sys_io.o(.text)
    _sys_close                               0x08000439   Thumb Code    12  sys_io.o(.text)
    _sys_write                               0x08000445   Thumb Code    16  sys_io.o(.text)
    _sys_read                                0x08000455   Thumb Code    14  sys_io.o(.text)
    _sys_istty                               0x08000463   Thumb Code    12  sys_io.o(.text)
    _sys_seek                                0x0800046f   Thumb Code    14  sys_io.o(.text)
    _sys_ensure                              0x0800047d   Thumb Code     2  sys_io.o(.text)
    _sys_flen                                0x0800047f   Thumb Code    12  sys_io.o(.text)
    __user_setup_stackheap                   0x0800048b   Thumb Code    74  sys_stackheap_outer.o(.text)
    free                                     0x080004d5   Thumb Code    78  h1_free.o(.text)
    __printf                                 0x08000523   Thumb Code    40  __printf_nopercent.o(.text)
    setvbuf                                  0x0800054b   Thumb Code    70  setvbuf.o(.text)
    freopen                                  0x08000591   Thumb Code   158  fopen.o(.text)
    fopen                                    0x0800062f   Thumb Code    74  fopen.o(.text)
    _fclose_internal                         0x0800067d   Thumb Code    76  fclose.o(.text)
    fclose                                   0x0800067d   Thumb Code     0  fclose.o(.text)
    exit                                     0x080006c9   Thumb Code    18  exit.o(.text)
    __rt_SIGRTRED                            0x080006db   Thumb Code    14  defsig_rtred_outer.o(.text)
    __aeabi_memclr4                          0x080006e9   Thumb Code     0  rt_memclr_w.o(.text)
    __aeabi_memclr8                          0x080006e9   Thumb Code     0  rt_memclr_w.o(.text)
    __rt_memclr_w                            0x080006e9   Thumb Code    78  rt_memclr_w.o(.text)
    _memset_w                                0x080006ed   Thumb Code     0  rt_memclr_w.o(.text)
    __user_libspace                          0x08000739   Thumb Code     8  libspace.o(.text)
    __user_perproc_libspace                  0x08000739   Thumb Code     0  libspace.o(.text)
    __user_perthread_libspace                0x08000739   Thumb Code     0  libspace.o(.text)
    __I$use$semihosting                      0x08000741   Thumb Code     0  use_no_semi.o(.text)
    __use_no_semihosting_swi                 0x08000741   Thumb Code     2  use_no_semi.o(.text)
    __semihosting_library_function           0x08000743   Thumb Code     0  indicate_semi.o(.text)
    __rt_heap_descriptor                     0x08000745   Thumb Code     8  rt_heap_descriptor_intlibspace.o(.text)
    __use_no_heap                            0x0800074d   Thumb Code     2  hguard.o(.text)
    __heap$guard                             0x0800074f   Thumb Code     2  hguard.o(.text)
    _terminate_user_alloc                    0x08000751   Thumb Code     2  init_alloc.o(.text)
    _init_user_alloc                         0x08000753   Thumb Code     2  init_alloc.o(.text)
    __Heap_Full                              0x08000755   Thumb Code    34  init_alloc.o(.text)
    __Heap_Broken                            0x08000777   Thumb Code     6  init_alloc.o(.text)
    _init_alloc                              0x0800077d   Thumb Code    94  init_alloc.o(.text)
    malloc                                   0x080007db   Thumb Code    94  h1_alloc.o(.text)
    _fseek                                   0x08000839   Thumb Code   242  fseek.o(.text)
    fseek                                    0x08000839   Thumb Code     0  fseek.o(.text)
    _seterr                                  0x08000931   Thumb Code    20  stdio.o(.text)
    _writebuf                                0x08000945   Thumb Code    84  stdio.o(.text)
    _fflush                                  0x08000999   Thumb Code    70  stdio.o(.text)
    _deferredlazyseek                        0x080009df   Thumb Code    60  stdio.o(.text)
    __sig_exit                               0x08000a21   Thumb Code    10  defsig_exit.o(.text)
    __rt_SIGRTRED_inner                      0x08000a2d   Thumb Code    14  defsig_rtred_inner.o(.text)
    strlen                                   0x08000a61   Thumb Code    62  strlen.o(.text)
    _sys_exit                                0x08000aa1   Thumb Code     8  sys_exit.o(.text)
    __Heap_Initialize                        0x08000aad   Thumb Code    10  h1_init.o(.text)
    __Heap_DescSize                          0x08000ab7   Thumb Code     4  h1_init.o(.text)
    __Heap_ProvideMemory                     0x08000abb   Thumb Code    52  h1_extend.o(.text)
    _ftell_internal                          0x08000aef   Thumb Code    66  ftell.o(.text)
    ftell                                    0x08000aef   Thumb Code     0  ftell.o(.text)
    __default_signal_display                 0x08000b31   Thumb Code    50  defsig_general.o(.text)
    __rt_SIGRTMEM                            0x08000b63   Thumb Code    14  defsig_rtmem_outer.o(.text)
    _ttywrch                                 0x08000b71   Thumb Code    14  sys_wrch.o(.text)
    __aeabi_errno_addr                       0x08000b81   Thumb Code     8  rt_errno_addr_intlibspace.o(.text)
    __errno$intlibspace                      0x08000b81   Thumb Code     0  rt_errno_addr_intlibspace.o(.text)
    __rt_errno_addr$intlibspace              0x08000b81   Thumb Code     0  rt_errno_addr_intlibspace.o(.text)
    __rt_SIGRTMEM_inner                      0x08000b89   Thumb Code    22  defsig_rtmem_inner.o(.text)
    OSStartHighRdy                           0x08000bd9   Thumb Code     0  os_cpu_a.o(CODE)
    OS_CPU_PendSVHandler                     0x08000bfb   Thumb Code     0  os_cpu_a.o(CODE)
    ADC1_2_IRQHandler                        0x08000c5d   Thumb Code    14  stm32f10x_it.o(i.ADC1_2_IRQHandler)
    ADC_GetConversionValue                   0x08000c75   Thumb Code     8  stm32f10x_adc.o(i.ADC_GetConversionValue)
    BSP_CPU_ClkFreq                          0x08000e21   Thumb Code    16  bsp.o(i.BSP_CPU_ClkFreq)
    BSP_Init                                 0x08000e31   Thumb Code    16  bsp.o(i.BSP_Init)
    BSP_usart2Config                         0x08000e41   Thumb Code   140  bsp_usart2.o(i.BSP_usart2Config)
    BusFault_Handler                         0x08000ed5   Thumb Code     4  stm32f10x_it.o(i.BusFault_Handler)
    CPU_Init                                 0x08000ed9   Thumb Code    16  cpu_core.o(i.CPU_Init)
    CPU_IntDisMeasMaxCurGet                  0x08000f89   Thumb Code    40  cpu_core.o(i.CPU_IntDisMeasMaxCurGet)
    CPU_IntDisMeasMaxCurReset                0x08000fb5   Thumb Code    40  cpu_core.o(i.CPU_IntDisMeasMaxCurReset)
    CPU_IntDisMeasMaxGet                     0x08000fe1   Thumb Code    40  cpu_core.o(i.CPU_IntDisMeasMaxGet)
    CPU_IntDisMeasStart                      0x0800100d   Thumb Code    38  cpu_core.o(i.CPU_IntDisMeasStart)
    CPU_IntDisMeasStop                       0x08001041   Thumb Code    62  cpu_core.o(i.CPU_IntDisMeasStop)
    CPU_NameClr                              0x08001095   Thumb Code    50  cpu_core.o(i.CPU_NameClr)
    CPU_TS_TmrFreqSet                        0x080010e9   Thumb Code     6  cpu_core.o(i.CPU_TS_TmrFreqSet)
    CPU_TS_TmrInit                           0x080010f5   Thumb Code    44  bsp.o(i.CPU_TS_TmrInit)
    CPU_TS_TmrRd                             0x08001129   Thumb Code     6  bsp.o(i.CPU_TS_TmrRd)
    DebugMon_Handler                         0x08001135   Thumb Code     2  stm32f10x_it.o(i.DebugMon_Handler)
    GPIO_Init                                0x08001137   Thumb Code   278  stm32f10x_gpio.o(i.GPIO_Init)
    GPIO_PinRemapConfig                      0x0800124d   Thumb Code   138  stm32f10x_gpio.o(i.GPIO_PinRemapConfig)
    GPIO_ResetBits                           0x080012dd   Thumb Code     4  stm32f10x_gpio.o(i.GPIO_ResetBits)
    GPIO_SetBits                             0x080012e1   Thumb Code     4  stm32f10x_gpio.o(i.GPIO_SetBits)
    HardFault_Handler                        0x080012e5   Thumb Code     4  stm32f10x_it.o(i.HardFault_Handler)
    MemManage_Handler                        0x080012e9   Thumb Code     4  stm32f10x_it.o(i.MemManage_Handler)
    Mem_Clr                                  0x080012ed   Thumb Code    18  lib_mem.o(i.Mem_Clr)
    Mem_Init                                 0x08001301   Thumb Code    54  lib_mem.o(i.Mem_Init)
    Mem_Set                                  0x08001349   Thumb Code    98  lib_mem.o(i.Mem_Set)
    NMI_Handler                              0x080013ab   Thumb Code     2  stm32f10x_it.o(i.NMI_Handler)
    NVIC_Init                                0x080013d9   Thumb Code   100  misc.o(i.NVIC_Init)
    NVIC_PriorityGroupConfig                 0x08001449   Thumb Code    10  misc.o(i.NVIC_PriorityGroupConfig)
    OSCfg_Init                               0x0800145d   Thumb Code     2  os_cfg_app.o(i.OSCfg_Init)
    OSIdleTaskHook                           0x08001461   Thumb Code    16  os_cpu_c.o(i.OSIdleTaskHook)
    OSInit                                   0x08001475   Thumb Code   300  os_core.o(i.OSInit)
    OSInitHook                               0x08001601   Thumb Code    42  os_cpu_c.o(i.OSInitHook)
    OSIntExit                                0x08001639   Thumb Code   192  os_core.o(i.OSIntExit)
    OSSched                                  0x0800171d   Thumb Code   134  os_core.o(i.OSSched)
    OSSchedLock                              0x080017c5   Thumb Code   112  os_core.o(i.OSSchedLock)
    OSSchedRoundRobinCfg                     0x08001841   Thumb Code    96  os_core.o(i.OSSchedRoundRobinCfg)
    OSSchedUnlock                            0x080018ad   Thumb Code   148  os_core.o(i.OSSchedUnlock)
    OSStart                                  0x0800194d   Thumb Code    78  os_core.o(i.OSStart)
    OSStatReset                              0x080019b5   Thumb Code   316  os_stat.o(i.OSStatReset)
    OSStatTaskCPUUsageInit                   0x08001b1d   Thumb Code   228  os_stat.o(i.OSStatTaskCPUUsageInit)
    OSStatTaskHook                           0x08001c1d   Thumb Code    16  os_cpu_c.o(i.OSStatTaskHook)
    OSTaskCreate                             0x08001c31   Thumb Code   624  os_task.o(i.OSTaskCreate)
    OSTaskCreateHook                         0x08001ec5   Thumb Code    20  os_cpu_c.o(i.OSTaskCreateHook)
    OSTaskDel                                0x08001edd   Thumb Code   490  os_task.o(i.OSTaskDel)
    OSTaskDelHook                            0x080020e5   Thumb Code    20  os_cpu_c.o(i.OSTaskDelHook)
    OSTaskResume                             0x080020fd   Thumb Code   124  os_task.o(i.OSTaskResume)
    OSTaskReturnHook                         0x08002185   Thumb Code    20  os_cpu_c.o(i.OSTaskReturnHook)
    OSTaskSemPend                            0x0800219d   Thumb Code   578  os_task.o(i.OSTaskSemPend)
    OSTaskStkChk                             0x080023ed   Thumb Code   220  os_task.o(i.OSTaskStkChk)
    OSTaskStkInit                            0x080024d1   Thumb Code   188  os_cpu_c.o(i.OSTaskStkInit)
    OSTaskSuspend                            0x08002591   Thumb Code    78  os_task.o(i.OSTaskSuspend)
    OSTaskSwHook                             0x080025f1   Thumb Code   146  os_cpu_c.o(i.OSTaskSwHook)
    OSTimeDly                                0x08002695   Thumb Code   322  os_time.o(i.OSTimeDly)
    OSTimeTick                               0x080027e5   Thumb Code    54  os_time.o(i.OSTimeTick)
    OSTimeTickHook                           0x08002829   Thumb Code    16  os_cpu_c.o(i.OSTimeTickHook)
    OS_CPU_SysTickHandler                    0x0800283d   Thumb Code    60  os_cpu_c.o(i.OS_CPU_SysTickHandler)
    OS_CPU_SysTickInit                       0x0800287d   Thumb Code    44  os_cpu_c.o(i.OS_CPU_SysTickInit)
    OS_Dbg_Init                              0x080028ad   Thumb Code   150  os_dbg.o(i.OS_Dbg_Init)
    OS_FlagInit                              0x08002a61   Thumb Code    14  os_flag.o(i.OS_FlagInit)
    OS_FlagPost                              0x08002a79   Thumb Code   626  os_flag.o(i.OS_FlagPost)
    OS_FlagTaskRdy                           0x08002cf5   Thumb Code    86  os_flag.o(i.OS_FlagTaskRdy)
    OS_IdleTask                              0x08002d4d   Thumb Code    68  os_core.o(i.OS_IdleTask)
    OS_IdleTaskInit                          0x08002d99   Thumb Code    66  os_core.o(i.OS_IdleTaskInit)
    OS_IntQPost                              0x08002e09   Thumb Code   224  os_int.o(i.OS_IntQPost)
    OS_IntQRePost                            0x08002f0d   Thumb Code   360  os_int.o(i.OS_IntQRePost)
    OS_IntQTask                              0x080030b1   Thumb Code   182  os_int.o(i.OS_IntQTask)
    OS_IntQTaskInit                          0x08003179   Thumb Code   206  os_int.o(i.OS_IntQTaskInit)
    OS_MemInit                               0x080032a1   Thumb Code    14  os_mem.o(i.OS_MemInit)
    OS_MsgPoolInit                           0x080032b9   Thumb Code   110  os_msg.o(i.OS_MsgPoolInit)
    OS_MsgQFreeAll                           0x08003335   Thumb Code    62  os_msg.o(i.OS_MsgQFreeAll)
    OS_MsgQInit                              0x08003379   Thumb Code    14  os_msg.o(i.OS_MsgQInit)
    OS_MsgQPut                               0x08003389   Thumb Code   254  os_msg.o(i.OS_MsgQPut)
    OS_MutexInit                             0x0800348d   Thumb Code    14  os_mutex.o(i.OS_MutexInit)
    OS_Pend                                  0x080034a5   Thumb Code    98  os_core.o(i.OS_Pend)
    OS_PendDataInit                          0x0800350d   Thumb Code    38  os_core.o(i.OS_PendDataInit)
    OS_PendDbgNameAdd                        0x08003535   Thumb Code    66  os_core.o(i.OS_PendDbgNameAdd)
    OS_PendDbgNameRemove                     0x08003591   Thumb Code    30  os_core.o(i.OS_PendDbgNameRemove)
    OS_PendListInsertPrio                    0x080035b5   Thumb Code   102  os_core.o(i.OS_PendListInsertPrio)
    OS_PendListRemove                        0x0800361b   Thumb Code    48  os_core.o(i.OS_PendListRemove)
    OS_PendListRemove1                       0x0800364b   Thumb Code    66  os_core.o(i.OS_PendListRemove1)
    OS_Post                                  0x0800368d   Thumb Code   192  os_core.o(i.OS_Post)
    OS_Post1                                 0x0800374d   Thumb Code    42  os_core.o(i.OS_Post1)
    OS_PrioGetHighest                        0x08003779   Thumb Code    36  os_prio.o(i.OS_PrioGetHighest)
    OS_PrioInit                              0x080037a1   Thumb Code    20  os_prio.o(i.OS_PrioInit)
    OS_PrioInsert                            0x080037b9   Thumb Code    32  os_prio.o(i.OS_PrioInsert)
    OS_PrioRemove                            0x080037dd   Thumb Code    32  os_prio.o(i.OS_PrioRemove)
    OS_QInit                                 0x08003801   Thumb Code    14  os_q.o(i.OS_QInit)
    OS_QPost                                 0x08003819   Thumb Code   382  os_q.o(i.OS_QPost)
    OS_RdyListInit                           0x080039a1   Thumb Code    32  os_core.o(i.OS_RdyListInit)
    OS_RdyListInsert                         0x080039c5   Thumb Code    40  os_core.o(i.OS_RdyListInsert)
    OS_RdyListInsertHead                     0x080039f1   Thumb Code    58  os_core.o(i.OS_RdyListInsertHead)
    OS_RdyListInsertTail                     0x08003a31   Thumb Code    56  os_core.o(i.OS_RdyListInsertTail)
    OS_RdyListMoveHeadToTail                 0x08003a6d   Thumb Code    68  os_core.o(i.OS_RdyListMoveHeadToTail)
    OS_RdyListRemove                         0x08003ab1   Thumb Code    86  os_core.o(i.OS_RdyListRemove)
    OS_Sched0                                0x08003b0d   Thumb Code    72  os_core.o(i.OS_Sched0)
    OS_SchedLockTimeMeasStart                0x08003b69   Thumb Code    20  os_core.o(i.OS_SchedLockTimeMeasStart)
    OS_SchedLockTimeMeasStop                 0x08003b85   Thumb Code    44  os_core.o(i.OS_SchedLockTimeMeasStop)
    OS_SchedRoundRobin                       0x08003bc1   Thumb Code   218  os_core.o(i.OS_SchedRoundRobin)
    OS_SemInit                               0x08003cad   Thumb Code    14  os_sem.o(i.OS_SemInit)
    OS_SemPost                               0x08003cc5   Thumb Code   404  os_sem.o(i.OS_SemPost)
    OS_StatTask                              0x08003e5d   Thumb Code   878  os_stat.o(i.OS_StatTask)
    OS_StatTaskInit                          0x08004215   Thumb Code   136  os_stat.o(i.OS_StatTaskInit)
    OS_TaskBlock                             0x080042e1   Thumb Code    56  os_core.o(i.OS_TaskBlock)
    OS_TaskDbgListAdd                        0x08004319   Thumb Code    42  os_task.o(i.OS_TaskDbgListAdd)
    OS_TaskDbgListRemove                     0x08004349   Thumb Code    64  os_task.o(i.OS_TaskDbgListRemove)
    OS_TaskInit                              0x0800438d   Thumb Code    18  os_task.o(i.OS_TaskInit)
    OS_TaskInitTCB                           0x080043ad   Thumb Code   194  os_task.o(i.OS_TaskInitTCB)
    OS_TaskQPost                             0x0800447d   Thumb Code   606  os_task.o(i.OS_TaskQPost)
    OS_TaskRdy                               0x080046e9   Thumb Code    28  os_core.o(i.OS_TaskRdy)
    OS_TaskResume                            0x08004705   Thumb Code   374  os_task.o(i.OS_TaskResume)
    OS_TaskReturn                            0x08004881   Thumb Code    20  os_task.o(i.OS_TaskReturn)
    OS_TaskSemPost                           0x08004899   Thumb Code  1438  os_task.o(i.OS_TaskSemPost)
    OS_TaskSuspend                           0x08004e41   Thumb Code   392  os_task.o(i.OS_TaskSuspend)
    OS_TickListInit                          0x08004fd1   Thumb Code    32  os_tick.o(i.OS_TickListInit)
    OS_TickListInsert                        0x08004ff9   Thumb Code   430  os_tick.o(i.OS_TickListInsert)
    OS_TickListRemove                        0x080051b5   Thumb Code    56  os_tick.o(i.OS_TickListRemove)
    OS_TickListResetPeak                     0x080051ed   Thumb Code    28  os_tick.o(i.OS_TickListResetPeak)
    OS_TickListUpdate                        0x08005211   Thumb Code   520  os_tick.o(i.OS_TickListUpdate)
    OS_TickTask                              0x08005431   Thumb Code    38  os_tick.o(i.OS_TickTask)
    OS_TickTaskInit                          0x0800545d   Thumb Code   128  os_tick.o(i.OS_TickTaskInit)
    OS_TmrInit                               0x08005515   Thumb Code   206  os_tmr.o(i.OS_TmrInit)
    OS_TmrLink                               0x0800563d   Thumb Code   196  os_tmr.o(i.OS_TmrLink)
    OS_TmrResetPeak                          0x0800570d   Thumb Code    28  os_tmr.o(i.OS_TmrResetPeak)
    OS_TmrTask                               0x08005731   Thumb Code   176  os_tmr.o(i.OS_TmrTask)
    OS_TmrUnlink                             0x080057f1   Thumb Code    72  os_tmr.o(i.OS_TmrUnlink)
    RCC_APB1PeriphClockCmd                   0x08005841   Thumb Code    26  stm32f10x_rcc.o(i.RCC_APB1PeriphClockCmd)
    RCC_APB2PeriphClockCmd                   0x08005861   Thumb Code    26  stm32f10x_rcc.o(i.RCC_APB2PeriphClockCmd)
    RCC_GetClocksFreq                        0x08005881   Thumb Code   374  stm32f10x_rcc.o(i.RCC_GetClocksFreq)
    SVC_Handler                              0x08005a11   Thumb Code     2  stm32f10x_it.o(i.SVC_Handler)
    SystemInit                               0x08005b35   Thumb Code    92  system_stm32f10x.o(i.SystemInit)
    USART_Cmd                                0x08005ba1   Thumb Code    24  stm32f10x_usart.o(i.USART_Cmd)
    USART_GetFlagStatus                      0x08005bb9   Thumb Code    26  stm32f10x_usart.o(i.USART_GetFlagStatus)
    USART_ITConfig                           0x08005bd3   Thumb Code    74  stm32f10x_usart.o(i.USART_ITConfig)
    USART_Init                               0x08005c1d   Thumb Code   210  stm32f10x_usart.o(i.USART_Init)
    USART_SendData                           0x08005cf5   Thumb Code     8  stm32f10x_usart.o(i.USART_SendData)
    UsageFault_Handler                       0x08005cfd   Thumb Code     4  stm32f10x_it.o(i.UsageFault_Handler)
    bspLedInit                               0x08005d01   Thumb Code    50  bsp_led.o(i.bspLedInit)
    bspLedToggle                             0x08005d39   Thumb Code    44  bsp_led.o(i.bspLedToggle)
    fputc                                    0x08005d69   Thumb Code    32  bsp_usart2.o(i.fputc)
    main                                     0x08005d8d   Thumb Code    68  app.o(i.main)
    OSCfg_IdleTaskStkBasePtr                 0x08005dec   Data           4  os_cfg_app.o(.constdata)
    OSCfg_IdleTaskStkLimit                   0x08005df0   Data           4  os_cfg_app.o(.constdata)
    OSCfg_IdleTaskStkSize                    0x08005df4   Data           4  os_cfg_app.o(.constdata)
    OSCfg_IdleTaskStkSizeRAM                 0x08005df8   Data           4  os_cfg_app.o(.constdata)
    OSCfg_IntQBasePtr                        0x08005dfc   Data           4  os_cfg_app.o(.constdata)
    OSCfg_IntQSize                           0x08005e00   Data           2  os_cfg_app.o(.constdata)
    OSCfg_IntQSizeRAM                        0x08005e04   Data           4  os_cfg_app.o(.constdata)
    OSCfg_IntQTaskStkBasePtr                 0x08005e08   Data           4  os_cfg_app.o(.constdata)
    OSCfg_IntQTaskStkLimit                   0x08005e0c   Data           4  os_cfg_app.o(.constdata)
    OSCfg_IntQTaskStkSize                    0x08005e10   Data           4  os_cfg_app.o(.constdata)
    OSCfg_IntQTaskStkSizeRAM                 0x08005e14   Data           4  os_cfg_app.o(.constdata)
    OSCfg_ISRStkBasePtr                      0x08005e18   Data           4  os_cfg_app.o(.constdata)
    OSCfg_ISRStkSize                         0x08005e1c   Data           4  os_cfg_app.o(.constdata)
    OSCfg_ISRStkSizeRAM                      0x08005e20   Data           4  os_cfg_app.o(.constdata)
    OSCfg_MsgPoolSize                        0x08005e24   Data           2  os_cfg_app.o(.constdata)
    OSCfg_MsgPoolSizeRAM                     0x08005e28   Data           4  os_cfg_app.o(.constdata)
    OSCfg_MsgPoolBasePtr                     0x08005e2c   Data           4  os_cfg_app.o(.constdata)
    OSCfg_StatTaskPrio                       0x08005e30   Data           1  os_cfg_app.o(.constdata)
    OSCfg_StatTaskRate_Hz                    0x08005e34   Data           4  os_cfg_app.o(.constdata)
    OSCfg_StatTaskStkBasePtr                 0x08005e38   Data           4  os_cfg_app.o(.constdata)
    OSCfg_StatTaskStkLimit                   0x08005e3c   Data           4  os_cfg_app.o(.constdata)
    OSCfg_StatTaskStkSize                    0x08005e40   Data           4  os_cfg_app.o(.constdata)
    OSCfg_StatTaskStkSizeRAM                 0x08005e44   Data           4  os_cfg_app.o(.constdata)
    OSCfg_StkSizeMin                         0x08005e48   Data           4  os_cfg_app.o(.constdata)
    OSCfg_TickRate_Hz                        0x08005e4c   Data           4  os_cfg_app.o(.constdata)
    OSCfg_TickTaskPrio                       0x08005e50   Data           1  os_cfg_app.o(.constdata)
    OSCfg_TickTaskStkBasePtr                 0x08005e54   Data           4  os_cfg_app.o(.constdata)
    OSCfg_TickTaskStkLimit                   0x08005e58   Data           4  os_cfg_app.o(.constdata)
    OSCfg_TickTaskStkSize                    0x08005e5c   Data           4  os_cfg_app.o(.constdata)
    OSCfg_TickTaskStkSizeRAM                 0x08005e60   Data           4  os_cfg_app.o(.constdata)
    OSCfg_TickWheelSize                      0x08005e64   Data           2  os_cfg_app.o(.constdata)
    OSCfg_TickWheelSizeRAM                   0x08005e68   Data           4  os_cfg_app.o(.constdata)
    OSCfg_TmrTaskPrio                        0x08005e6c   Data           1  os_cfg_app.o(.constdata)
    OSCfg_TmrTaskRate_Hz                     0x08005e70   Data           4  os_cfg_app.o(.constdata)
    OSCfg_TmrTaskStkBasePtr                  0x08005e74   Data           4  os_cfg_app.o(.constdata)
    OSCfg_TmrTaskStkLimit                    0x08005e78   Data           4  os_cfg_app.o(.constdata)
    OSCfg_TmrTaskStkSize                     0x08005e7c   Data           4  os_cfg_app.o(.constdata)
    OSCfg_TmrTaskStkSizeRAM                  0x08005e80   Data           4  os_cfg_app.o(.constdata)
    OSCfg_TmrWheelSize                       0x08005e84   Data           2  os_cfg_app.o(.constdata)
    OSCfg_TmrWheelSizeRAM                    0x08005e88   Data           4  os_cfg_app.o(.constdata)
    OSCfg_DataSizeRAM                        0x08005e8c   Data           4  os_cfg_app.o(.constdata)
    OSDbg_DbgEn                              0x08005e90   Data           1  os_dbg.o(.constdata)
    OSDbg_ArgChkEn                           0x08005e91   Data           1  os_dbg.o(.constdata)
    OSDbg_AppHooksEn                         0x08005e92   Data           1  os_dbg.o(.constdata)
    OSDbg_EndiannessTest                     0x08005e94   Data           4  os_dbg.o(.constdata)
    OSDbg_CalledFromISRChkEn                 0x08005e98   Data           1  os_dbg.o(.constdata)
    OSDbg_FlagEn                             0x08005e99   Data           1  os_dbg.o(.constdata)
    OSDbg_FlagGrp                            0x08005e9c   Data          40  os_dbg.o(.constdata)
    OSDbg_FlagDelEn                          0x08005ec4   Data           1  os_dbg.o(.constdata)
    OSDbg_FlagModeClrEn                      0x08005ec5   Data           1  os_dbg.o(.constdata)
    OSDbg_FlagPendAbortEn                    0x08005ec6   Data           1  os_dbg.o(.constdata)
    OSDbg_FlagGrpSize                        0x08005ec8   Data           2  os_dbg.o(.constdata)
    OSDbg_FlagWidth                          0x08005eca   Data           2  os_dbg.o(.constdata)
    OSDbg_IntQ                               0x08005ecc   Data           2  os_dbg.o(.constdata)
    OSDbg_ISRPostDeferredEn                  0x08005ece   Data           1  os_dbg.o(.constdata)
    OSDbg_Mem                                0x08005ed0   Data          32  os_dbg.o(.constdata)
    OSDbg_MemEn                              0x08005ef0   Data           1  os_dbg.o(.constdata)
    OSDbg_MemSize                            0x08005ef2   Data           2  os_dbg.o(.constdata)
    OSDbg_MsgEn                              0x08005ef4   Data           1  os_dbg.o(.constdata)
    OSDbg_MsgSize                            0x08005ef6   Data           2  os_dbg.o(.constdata)
    OSDbg_MsgPoolSize                        0x08005ef8   Data           2  os_dbg.o(.constdata)
    OSDbg_MsgQSize                           0x08005efa   Data           2  os_dbg.o(.constdata)
    OSDbg_Mutex                              0x08005efc   Data          44  os_dbg.o(.constdata)
    OSDbg_MutexEn                            0x08005f28   Data           1  os_dbg.o(.constdata)
    OSDbg_MutexDelEn                         0x08005f29   Data           1  os_dbg.o(.constdata)
    OSDbg_MutexPendAbortEn                   0x08005f2a   Data           1  os_dbg.o(.constdata)
    OSDbg_MutexSize                          0x08005f2c   Data           2  os_dbg.o(.constdata)
    OSDbg_ObjTypeChkEn                       0x08005f2e   Data           1  os_dbg.o(.constdata)
    OSDbg_PendMultiEn                        0x08005f2f   Data           1  os_dbg.o(.constdata)
    OSDbg_PendDataSize                       0x08005f30   Data           2  os_dbg.o(.constdata)
    OSDbg_PendListSize                       0x08005f32   Data           2  os_dbg.o(.constdata)
    OSDbg_PendObjSize                        0x08005f34   Data           2  os_dbg.o(.constdata)
    OSDbg_PrioMax                            0x08005f36   Data           2  os_dbg.o(.constdata)
    OSDbg_PrioTblSize                        0x08005f38   Data           2  os_dbg.o(.constdata)
    OSDbg_PtrSize                            0x08005f3a   Data           2  os_dbg.o(.constdata)
    OSDbg_Q                                  0x08005f3c   Data          48  os_dbg.o(.constdata)
    OSDbg_QEn                                0x08005f6c   Data           1  os_dbg.o(.constdata)
    OSDbg_QDelEn                             0x08005f6d   Data           1  os_dbg.o(.constdata)
    OSDbg_QFlushEn                           0x08005f6e   Data           1  os_dbg.o(.constdata)
    OSDbg_QPendAbortEn                       0x08005f6f   Data           1  os_dbg.o(.constdata)
    OSDbg_QSize                              0x08005f70   Data           2  os_dbg.o(.constdata)
    OSDbg_SchedRoundRobinEn                  0x08005f72   Data           1  os_dbg.o(.constdata)
    OSDbg_Sem                                0x08005f74   Data          40  os_dbg.o(.constdata)
    OSDbg_SemEn                              0x08005f9c   Data           1  os_dbg.o(.constdata)
    OSDbg_SemDelEn                           0x08005f9d   Data           1  os_dbg.o(.constdata)
    OSDbg_SemPendAbortEn                     0x08005f9e   Data           1  os_dbg.o(.constdata)
    OSDbg_SemSetEn                           0x08005f9f   Data           1  os_dbg.o(.constdata)
    OSDbg_SemSize                            0x08005fa0   Data           2  os_dbg.o(.constdata)
    OSDbg_RdyList                            0x08005fa2   Data           2  os_dbg.o(.constdata)
    OSDbg_RdyListSize                        0x08005fa4   Data           4  os_dbg.o(.constdata)
    OSDbg_StkWidth                           0x08005fa8   Data           1  os_dbg.o(.constdata)
    OSDbg_StatTaskEn                         0x08005fa9   Data           1  os_dbg.o(.constdata)
    OSDbg_StatTaskStkChkEn                   0x08005faa   Data           1  os_dbg.o(.constdata)
    OSDbg_TaskChangePrioEn                   0x08005fab   Data           1  os_dbg.o(.constdata)
    OSDbg_TaskDelEn                          0x08005fac   Data           1  os_dbg.o(.constdata)
    OSDbg_TaskQEn                            0x08005fad   Data           1  os_dbg.o(.constdata)
    OSDbg_TaskQPendAbortEn                   0x08005fae   Data           1  os_dbg.o(.constdata)
    OSDbg_TaskProfileEn                      0x08005faf   Data           1  os_dbg.o(.constdata)
    OSDbg_TaskRegTblSize                     0x08005fb0   Data           2  os_dbg.o(.constdata)
    OSDbg_TaskSemPendAbortEn                 0x08005fb2   Data           1  os_dbg.o(.constdata)
    OSDbg_TaskSuspendEn                      0x08005fb3   Data           1  os_dbg.o(.constdata)
    OSDbg_TCBSize                            0x08005fb4   Data           2  os_dbg.o(.constdata)
    OSDbg_TickSpokeSize                      0x08005fb6   Data           2  os_dbg.o(.constdata)
    OSDbg_TimeDlyHMSMEn                      0x08005fb8   Data           1  os_dbg.o(.constdata)
    OSDbg_TimeDlyResumeEn                    0x08005fb9   Data           1  os_dbg.o(.constdata)
    OSDbg_TLS_TblSize                        0x08005fba   Data           2  os_dbg.o(.constdata)
    OSDbg_Tmr                                0x08005fbc   Data          52  os_dbg.o(.constdata)
    OSDbg_TmrEn                              0x08005ff0   Data           1  os_dbg.o(.constdata)
    OSDbg_TmrDelEn                           0x08005ff1   Data           1  os_dbg.o(.constdata)
    OSDbg_TmrSize                            0x08005ff2   Data           2  os_dbg.o(.constdata)
    OSDbg_TmrSpokeSize                       0x08005ff4   Data           2  os_dbg.o(.constdata)
    OSDbg_VersionNbr                         0x08005ff6   Data           2  os_dbg.o(.constdata)
    OSDbg_DataSize                           0x08005ff8   Data           4  os_dbg.o(.constdata)
    __stdin_name                             0x08005ffc   Data           4  sys_io.o(.constdata)
    __stdout_name                            0x08006000   Data           4  sys_io.o(.constdata)
    __stderr_name                            0x08006004   Data           4  sys_io.o(.constdata)
    Region$$Table$$Base                      0x08006008   Number         0  anon$$obj.o(Region$$Table)
    Region$$Table$$Limit                     0x08006028   Number         0  anon$$obj.o(Region$$Table)
    ADC2ConvertedValue                       0x20000000   Data           2  stm32f10x_it.o(.data)
    CPU_TS_TmrFreq_Hz                        0x2000001c   Data           4  cpu_core.o(.data)
    CPU_IntDisMeasCtr                        0x20000020   Data           2  cpu_core.o(.data)
    CPU_IntDisNestCtr                        0x20000022   Data           2  cpu_core.o(.data)
    CPU_IntDisMeasStart_cnts                 0x20000024   Data           4  cpu_core.o(.data)
    CPU_IntDisMeasStop_cnts                  0x20000028   Data           4  cpu_core.o(.data)
    CPU_IntDisMeasOvrhd_cnts                 0x2000002c   Data           4  cpu_core.o(.data)
    CPU_IntDisMeasMaxCur_cnts                0x20000030   Data           4  cpu_core.o(.data)
    CPU_IntDisMeasMax_cnts                   0x20000034   Data           4  cpu_core.o(.data)
    Mem_PoolTbl                              0x20000038   Data           4  lib_mem.o(.data)
    OSPrioTbl                                0x2000003c   Data           4  os_prio.o(.data)
    OS_AppTaskCreateHookPtr                  0x20000040   Data           4  os_var.o(.data)
    OS_AppTaskDelHookPtr                     0x20000044   Data           4  os_var.o(.data)
    OS_AppTaskReturnHookPtr                  0x20000048   Data           4  os_var.o(.data)
    OS_AppIdleTaskHookPtr                    0x2000004c   Data           4  os_var.o(.data)
    OS_AppStatTaskHookPtr                    0x20000050   Data           4  os_var.o(.data)
    OS_AppTaskSwHookPtr                      0x20000054   Data           4  os_var.o(.data)
    OS_AppTimeTickHookPtr                    0x20000058   Data           4  os_var.o(.data)
    OSIdleTaskCtr                            0x2000005c   Data           4  os_var.o(.data)
    OSIntNestingCtr                          0x20000060   Data           1  os_var.o(.data)
    OSIntDisTimeMax                          0x20000064   Data           4  os_var.o(.data)
    OSRunning                                0x20000068   Data           1  os_var.o(.data)
    OSIntQInPtr                              0x2000006c   Data           4  os_var.o(.data)
    OSIntQOutPtr                             0x20000070   Data           4  os_var.o(.data)
    OSIntQNbrEntries                         0x20000074   Data           2  os_var.o(.data)
    OSIntQNbrEntriesMax                      0x20000076   Data           2  os_var.o(.data)
    OSIntQOvfCtr                             0x20000078   Data           2  os_var.o(.data)
    OSIntQTaskTimeMax                        0x2000007c   Data           4  os_var.o(.data)
    OSFlagDbgListPtr                         0x20000080   Data           4  os_var.o(.data)
    OSFlagQty                                0x20000084   Data           2  os_var.o(.data)
    OSMemDbgListPtr                          0x20000088   Data           4  os_var.o(.data)
    OSMemQty                                 0x2000008c   Data           2  os_var.o(.data)
    OSMutexDbgListPtr                        0x20000090   Data           4  os_var.o(.data)
    OSMutexQty                               0x20000094   Data           2  os_var.o(.data)
    OSPrioCur                                0x20000096   Data           1  os_var.o(.data)
    OSPrioHighRdy                            0x20000097   Data           1  os_var.o(.data)
    OSPrioSaved                              0x20000098   Data           1  os_var.o(.data)
    OSQDbgListPtr                            0x2000009c   Data           4  os_var.o(.data)
    OSQQty                                   0x200000a0   Data           2  os_var.o(.data)
    OSSchedLockTimeBegin                     0x200000a4   Data           4  os_var.o(.data)
    OSSchedLockTimeMax                       0x200000a8   Data           4  os_var.o(.data)
    OSSchedLockTimeMaxCur                    0x200000ac   Data           4  os_var.o(.data)
    OSSchedLockNestingCtr                    0x200000b0   Data           1  os_var.o(.data)
    OSSchedRoundRobinDfltTimeQuanta          0x200000b4   Data           4  os_var.o(.data)
    OSSchedRoundRobinEn                      0x200000b8   Data           1  os_var.o(.data)
    OSSemDbgListPtr                          0x200000bc   Data           4  os_var.o(.data)
    OSSemQty                                 0x200000c0   Data           2  os_var.o(.data)
    OSStatResetFlag                          0x200000c2   Data           1  os_var.o(.data)
    OSStatTaskCPUUsage                       0x200000c4   Data           2  os_var.o(.data)
    OSStatTaskCPUUsageMax                    0x200000c6   Data           2  os_var.o(.data)
    OSStatTaskCtr                            0x200000c8   Data           4  os_var.o(.data)
    OSStatTaskCtrMax                         0x200000cc   Data           4  os_var.o(.data)
    OSStatTaskCtrRun                         0x200000d0   Data           4  os_var.o(.data)
    OSStatTaskRdy                            0x200000d4   Data           1  os_var.o(.data)
    OSStatTaskTimeMax                        0x200000d8   Data           4  os_var.o(.data)
    OSTaskCtxSwCtr                           0x200000dc   Data           4  os_var.o(.data)
    OSTaskDbgListPtr                         0x200000e0   Data           4  os_var.o(.data)
    OSTaskQty                                0x200000e4   Data           2  os_var.o(.data)
    OSTaskRegNextAvailID                     0x200000e6   Data           1  os_var.o(.data)
    OSTickCtr                                0x200000e8   Data           4  os_var.o(.data)
    OSTickTaskTimeMax                        0x200000ec   Data           4  os_var.o(.data)
    OSTmrDbgListPtr                          0x200000f0   Data           4  os_var.o(.data)
    OSTmrQty                                 0x200000f4   Data           2  os_var.o(.data)
    OSTmrTaskTimeMax                         0x200000f8   Data           4  os_var.o(.data)
    OSTmrTickCtr                             0x200000fc   Data           4  os_var.o(.data)
    OSTmrUpdateCnt                           0x20000100   Data           4  os_var.o(.data)
    OSTmrUpdateCtr                           0x20000104   Data           4  os_var.o(.data)
    OSTCBCurPtr                              0x20000108   Data           4  os_var.o(.data)
    OSTCBHighRdyPtr                          0x2000010c   Data           4  os_var.o(.data)
    OS_CPU_ExceptStkBase                     0x20000110   Data           4  os_cpu_c.o(.data)
    __aeabi_stdin                            0x20000114   Data           4  stdio_streams.o(.data)
    __aeabi_stdout                           0x20000118   Data           4  stdio_streams.o(.data)
    __aeabi_stderr                           0x2000011c   Data           4  stdio_streams.o(.data)
    CPU_Name                                 0x20001e40   Data          16  cpu_core.o(.bss)
    Mem_PoolHeap                             0x20001e50   Data          72  lib_mem.o(.bss)
    Mem_Heap                                 0x20001e98   Data       27648  lib_mem.o(.bss)
    OSCfg_IdleTaskStk                        0x20008a98   Data         512  os_cfg_app.o(.bss)
    OSCfg_IntQ                               0x20008c98   Data         320  os_cfg_app.o(.bss)
    OSCfg_IntQTaskStk                        0x20008dd8   Data         512  os_cfg_app.o(.bss)
    OSCfg_ISRStk                             0x20008fd8   Data         512  os_cfg_app.o(.bss)
    OSCfg_MsgPool                            0x200091d8   Data        1600  os_cfg_app.o(.bss)
    OSCfg_StatTaskStk                        0x20009818   Data         512  os_cfg_app.o(.bss)
    OSCfg_TickTaskStk                        0x20009a18   Data         512  os_cfg_app.o(.bss)
    OSCfg_TickWheel                          0x20009c18   Data         136  os_cfg_app.o(.bss)
    OSCfg_TmrTaskStk                         0x20009ca0   Data         512  os_cfg_app.o(.bss)
    OSCfg_TmrWheel                           0x20009ea0   Data         136  os_cfg_app.o(.bss)
    OSIdleTaskTCB                            0x20009f28   Data         200  os_var.o(.bss)
    OSIntQTaskTCB                            0x20009ff0   Data         200  os_var.o(.bss)
    OSMsgPool                                0x2000a0b8   Data          12  os_var.o(.bss)
    OSRdyList                                0x2000a0c4   Data         384  os_var.o(.bss)
    OSStatTaskTCB                            0x2000a244   Data         200  os_var.o(.bss)
    OSTickTaskTCB                            0x2000a30c   Data         200  os_var.o(.bss)
    OSTmrTaskTCB                             0x2000a3d4   Data         200  os_var.o(.bss)
    __stdin                                  0x2000a49c   Data          84  stdio_streams.o(.bss)
    __stdout                                 0x2000a4f0   Data          84  stdio_streams.o(.bss)
    __stderr                                 0x2000a544   Data          84  stdio_streams.o(.bss)
    __libspace_start                         0x2000a598   Data          96  libspace.o(.bss)
    __temporary_stack_top$libspace           0x2000a5f8   Data           0  libspace.o(.bss)



==============================================================================

Memory Map of the image

  Image Entry point : 0x08000151

  Load Region LR_IROM1 (Base: 0x08000000, Size: 0x00006148, Max: 0x00040000, ABSOLUTE)

    Execution Region ER_IROM1 (Exec base: 0x08000000, Load base: 0x08000000, Size: 0x00006028, Max: 0x00040000, ABSOLUTE)

    Exec Addr    Load Addr    Size         Type   Attr      Idx    E Section Name        Object

    0x08000000   0x08000000   0x00000150   Data   RO          196    RESET               startup_stm32f10x_cl.o
    0x08000150   0x08000150   0x00000008   Code   RO         5349  * !!!main             c_w.l(__main.o)
    0x08000158   0x08000158   0x00000034   Code   RO         5669    !!!scatter          c_w.l(__scatter.o)
    0x0800018c   0x0800018c   0x0000001a   Code   RO         5671    !!handler_copy      c_w.l(__scatter_copy.o)
    0x080001a6   0x080001a6   0x00000002   PAD
    0x080001a8   0x080001a8   0x0000001c   Code   RO         5673    !!handler_zi        c_w.l(__scatter_zi.o)
    0x080001c4   0x080001c4   0x00000002   Code   RO         5476    .ARM.Collect$$libinit$$00000000  c_w.l(libinit.o)
    0x080001c6   0x080001c6   0x00000000   Code   RO         5478    .ARM.Collect$$libinit$$00000002  c_w.l(libinit2.o)
    0x080001c6   0x080001c6   0x00000000   Code   RO         5480    .ARM.Collect$$libinit$$00000004  c_w.l(libinit2.o)
    0x080001c6   0x080001c6   0x00000008   Code   RO         5481    .ARM.Collect$$libinit$$00000005  c_w.l(libinit2.o)
    0x080001ce   0x080001ce   0x00000000   Code   RO         5483    .ARM.Collect$$libinit$$0000000A  c_w.l(libinit2.o)
    0x080001ce   0x080001ce   0x00000000   Code   RO         5485    .ARM.Collect$$libinit$$0000000C  c_w.l(libinit2.o)
    0x080001ce   0x080001ce   0x00000000   Code   RO         5487    .ARM.Collect$$libinit$$0000000E  c_w.l(libinit2.o)
    0x080001ce   0x080001ce   0x00000000   Code   RO         5490    .ARM.Collect$$libinit$$00000011  c_w.l(libinit2.o)
    0x080001ce   0x080001ce   0x00000000   Code   RO         5492    .ARM.Collect$$libinit$$00000013  c_w.l(libinit2.o)
    0x080001ce   0x080001ce   0x00000000   Code   RO         5494    .ARM.Collect$$libinit$$00000015  c_w.l(libinit2.o)
    0x080001ce   0x080001ce   0x00000000   Code   RO         5496    .ARM.Collect$$libinit$$00000017  c_w.l(libinit2.o)
    0x080001ce   0x080001ce   0x00000000   Code   RO         5498    .ARM.Collect$$libinit$$00000019  c_w.l(libinit2.o)
    0x080001ce   0x080001ce   0x00000000   Code   RO         5500    .ARM.Collect$$libinit$$0000001B  c_w.l(libinit2.o)
    0x080001ce   0x080001ce   0x00000000   Code   RO         5502    .ARM.Collect$$libinit$$0000001D  c_w.l(libinit2.o)
    0x080001ce   0x080001ce   0x00000000   Code   RO         5504    .ARM.Collect$$libinit$$0000001F  c_w.l(libinit2.o)
    0x080001ce   0x080001ce   0x00000000   Code   RO         5506    .ARM.Collect$$libinit$$00000021  c_w.l(libinit2.o)
    0x080001ce   0x080001ce   0x00000000   Code   RO         5508    .ARM.Collect$$libinit$$00000023  c_w.l(libinit2.o)
    0x080001ce   0x080001ce   0x00000004   Code   RO         5509    .ARM.Collect$$libinit$$00000024  c_w.l(libinit2.o)
    0x080001d2   0x080001d2   0x00000000   Code   RO         5510    .ARM.Collect$$libinit$$00000025  c_w.l(libinit2.o)
    0x080001d2   0x080001d2   0x00000000   Code   RO         5514    .ARM.Collect$$libinit$$0000002C  c_w.l(libinit2.o)
    0x080001d2   0x080001d2   0x00000000   Code   RO         5516    .ARM.Collect$$libinit$$0000002E  c_w.l(libinit2.o)
    0x080001d2   0x080001d2   0x00000000   Code   RO         5518    .ARM.Collect$$libinit$$00000030  c_w.l(libinit2.o)
    0x080001d2   0x080001d2   0x00000000   Code   RO         5520    .ARM.Collect$$libinit$$00000032  c_w.l(libinit2.o)
    0x080001d2   0x080001d2   0x00000002   Code   RO         5521    .ARM.Collect$$libinit$$00000033  c_w.l(libinit2.o)
    0x080001d4   0x080001d4   0x00000002   Code   RO         5648    .ARM.Collect$$libshutdown$$00000000  c_w.l(libshutdown.o)
    0x080001d6   0x080001d6   0x00000000   Code   RO         5523    .ARM.Collect$$libshutdown$$00000002  c_w.l(libshutdown2.o)
    0x080001d6   0x080001d6   0x00000004   Code   RO         5524    .ARM.Collect$$libshutdown$$00000003  c_w.l(libshutdown2.o)
    0x080001da   0x080001da   0x00000000   Code   RO         5525    .ARM.Collect$$libshutdown$$00000004  c_w.l(libshutdown2.o)
    0x080001da   0x080001da   0x00000000   Code   RO         5528    .ARM.Collect$$libshutdown$$00000007  c_w.l(libshutdown2.o)
    0x080001da   0x080001da   0x00000000   Code   RO         5531    .ARM.Collect$$libshutdown$$0000000A  c_w.l(libshutdown2.o)
    0x080001da   0x080001da   0x00000000   Code   RO         5533    .ARM.Collect$$libshutdown$$0000000C  c_w.l(libshutdown2.o)
    0x080001da   0x080001da   0x00000000   Code   RO         5536    .ARM.Collect$$libshutdown$$0000000F  c_w.l(libshutdown2.o)
    0x080001da   0x080001da   0x00000002   Code   RO         5537    .ARM.Collect$$libshutdown$$00000010  c_w.l(libshutdown2.o)
    0x080001dc   0x080001dc   0x00000000   Code   RO         5351    .ARM.Collect$$rtentry$$00000000  c_w.l(__rtentry.o)
    0x080001dc   0x080001dc   0x00000000   Code   RO         5361    .ARM.Collect$$rtentry$$00000002  c_w.l(__rtentry2.o)
    0x080001dc   0x080001dc   0x00000006   Code   RO         5373    .ARM.Collect$$rtentry$$00000004  c_w.l(__rtentry4.o)
    0x080001e2   0x080001e2   0x00000000   Code   RO         5363    .ARM.Collect$$rtentry$$00000009  c_w.l(__rtentry2.o)
    0x080001e2   0x080001e2   0x00000004   Code   RO         5364    .ARM.Collect$$rtentry$$0000000A  c_w.l(__rtentry2.o)
    0x080001e6   0x080001e6   0x00000000   Code   RO         5366    .ARM.Collect$$rtentry$$0000000C  c_w.l(__rtentry2.o)
    0x080001e6   0x080001e6   0x00000008   Code   RO         5367    .ARM.Collect$$rtentry$$0000000D  c_w.l(__rtentry2.o)
    0x080001ee   0x080001ee   0x00000002   Code   RO         5544    .ARM.Collect$$rtexit$$00000000  c_w.l(rtexit.o)
    0x080001f0   0x080001f0   0x00000000   Code   RO         5594    .ARM.Collect$$rtexit$$00000002  c_w.l(rtexit2.o)
    0x080001f0   0x080001f0   0x00000004   Code   RO         5595    .ARM.Collect$$rtexit$$00000003  c_w.l(rtexit2.o)
    0x080001f4   0x080001f4   0x00000006   Code   RO         5596    .ARM.Collect$$rtexit$$00000004  c_w.l(rtexit2.o)
    0x080001fa   0x080001fa   0x00000002   PAD
    0x080001fc   0x080001fc   0x00000000   Code   RO         5600    .emb_text           c_w.l(maybetermalloc1.o)
    0x080001fc   0x080001fc   0x00000040   Code   RO          197    .text               startup_stm32f10x_cl.o
    0x0800023c   0x0800023c   0x00000034   Code   RO         3661    .text               cpu_a.o
    0x08000270   0x08000270   0x00000018   Code   RO         5345    .text               c_w.l(noretval__2printf.o)
    0x08000288   0x08000288   0x00000006   Code   RO         5347    .text               c_w.l(heapauxi.o)
    0x0800028e   0x0800028e   0x00000002   PAD
    0x08000290   0x08000290   0x00000024   Code   RO         5352    .text               c_w.l(_printf_char_file.o)
    0x080002b4   0x080002b4   0x00000030   Code   RO         5375    .text               c_w.l(_printf_char_common.o)
    0x080002e4   0x080002e4   0x00000008   Code   RO         5377    .text               c_w.l(ferror.o)
    0x080002ec   0x080002ec   0x00000138   Code   RO         5379    .text               c_w.l(initio.o)
    0x08000424   0x08000424   0x00000066   Code   RO         5385    .text               c_w.l(sys_io.o)
    0x0800048a   0x0800048a   0x0000004a   Code   RO         5392    .text               c_w.l(sys_stackheap_outer.o)
    0x080004d4   0x080004d4   0x0000004e   Code   RO         5396    .text               c_w.l(h1_free.o)
    0x08000522   0x08000522   0x00000028   Code   RO         5450    .text               c_w.l(__printf_nopercent.o)
    0x0800054a   0x0800054a   0x00000046   Code   RO         5452    .text               c_w.l(setvbuf.o)
    0x08000590   0x08000590   0x000000ec   Code   RO         5455    .text               c_w.l(fopen.o)
    0x0800067c   0x0800067c   0x0000004c   Code   RO         5457    .text               c_w.l(fclose.o)
    0x080006c8   0x080006c8   0x00000012   Code   RO         5463    .text               c_w.l(exit.o)
    0x080006da   0x080006da   0x0000000e   Code   RO         5465    .text               c_w.l(defsig_rtred_outer.o)
    0x080006e8   0x080006e8   0x0000004e   Code   RO         5469    .text               c_w.l(rt_memclr_w.o)
    0x08000736   0x08000736   0x00000002   PAD
    0x08000738   0x08000738   0x00000008   Code   RO         5538    .text               c_w.l(libspace.o)
    0x08000740   0x08000740   0x00000002   Code   RO         5541    .text               c_w.l(use_no_semi.o)
    0x08000742   0x08000742   0x00000000   Code   RO         5543    .text               c_w.l(indicate_semi.o)
    0x08000742   0x08000742   0x00000002   PAD
    0x08000744   0x08000744   0x00000008   Code   RO         5551    .text               c_w.l(rt_heap_descriptor_intlibspace.o)
    0x0800074c   0x0800074c   0x00000004   Code   RO         5553    .text               c_w.l(hguard.o)
    0x08000750   0x08000750   0x0000008a   Code   RO         5555    .text               c_w.l(init_alloc.o)
    0x080007da   0x080007da   0x0000005e   Code   RO         5561    .text               c_w.l(h1_alloc.o)
    0x08000838   0x08000838   0x000000f8   Code   RO         5575    .text               c_w.l(fseek.o)
    0x08000930   0x08000930   0x000000f0   Code   RO         5577    .text               c_w.l(stdio.o)
    0x08000a20   0x08000a20   0x0000000a   Code   RO         5579    .text               c_w.l(defsig_exit.o)
    0x08000a2a   0x08000a2a   0x00000002   PAD
    0x08000a2c   0x08000a2c   0x00000034   Code   RO         5581    .text               c_w.l(defsig_rtred_inner.o)
    0x08000a60   0x08000a60   0x0000003e   Code   RO         5583    .text               c_w.l(strlen.o)
    0x08000a9e   0x08000a9e   0x00000002   PAD
    0x08000aa0   0x08000aa0   0x0000000c   Code   RO         5591    .text               c_w.l(sys_exit.o)
    0x08000aac   0x08000aac   0x0000000e   Code   RO         5602    .text               c_w.l(h1_init.o)
    0x08000aba   0x08000aba   0x00000034   Code   RO         5604    .text               c_w.l(h1_extend.o)
    0x08000aee   0x08000aee   0x00000042   Code   RO         5610    .text               c_w.l(ftell.o)
    0x08000b30   0x08000b30   0x00000032   Code   RO         5614    .text               c_w.l(defsig_general.o)
    0x08000b62   0x08000b62   0x0000000e   Code   RO         5616    .text               c_w.l(defsig_rtmem_outer.o)
    0x08000b70   0x08000b70   0x0000000e   Code   RO         5629    .text               c_w.l(sys_wrch.o)
    0x08000b7e   0x08000b7e   0x00000002   PAD
    0x08000b80   0x08000b80   0x00000008   Code   RO         5636    .text               c_w.l(rt_errno_addr_intlibspace.o)
    0x08000b88   0x08000b88   0x00000050   Code   RO         5642    .text               c_w.l(defsig_rtmem_inner.o)
    0x08000bd8   0x08000bd8   0x00000084   Code   RO         5260    CODE                os_cpu_a.o
    0x08000c5c   0x08000c5c   0x00000018   Code   RO           17    i.ADC1_2_IRQHandler  stm32f10x_it.o
    0x08000c74   0x08000c74   0x00000008   Code   RO          252    i.ADC_GetConversionValue  stm32f10x_adc.o
    0x08000c7c   0x08000c7c   0x00000020   Code   RO         3222    i.AppTaskLed1       app.o
    0x08000c9c   0x08000c9c   0x00000020   Code   RO         3223    i.AppTaskLed2       app.o
    0x08000cbc   0x08000cbc   0x00000134   Code   RO         3224    i.AppTaskStart      app.o
    0x08000df0   0x08000df0   0x00000030   Code   RO         3225    i.AppTaskUsart2     app.o
    0x08000e20   0x08000e20   0x00000010   Code   RO         3399    i.BSP_CPU_ClkFreq   bsp.o
    0x08000e30   0x08000e30   0x00000010   Code   RO         3400    i.BSP_Init          bsp.o
    0x08000e40   0x08000e40   0x00000094   Code   RO         3454    i.BSP_usart2Config  bsp_usart2.o
    0x08000ed4   0x08000ed4   0x00000004   Code   RO           18    i.BusFault_Handler  stm32f10x_it.o
    0x08000ed8   0x08000ed8   0x00000010   Code   RO         3497    i.CPU_Init          cpu_core.o
    0x08000ee8   0x08000ee8   0x00000084   Code   RO         3498    i.CPU_IntDisMeasInit  cpu_core.o
    0x08000f6c   0x08000f6c   0x0000001c   Code   RO         3499    i.CPU_IntDisMeasMaxCalc  cpu_core.o
    0x08000f88   0x08000f88   0x0000002c   Code   RO         3500    i.CPU_IntDisMeasMaxCurGet  cpu_core.o
    0x08000fb4   0x08000fb4   0x0000002c   Code   RO         3501    i.CPU_IntDisMeasMaxCurReset  cpu_core.o
    0x08000fe0   0x08000fe0   0x0000002c   Code   RO         3502    i.CPU_IntDisMeasMaxGet  cpu_core.o
    0x0800100c   0x0800100c   0x00000034   Code   RO         3503    i.CPU_IntDisMeasStart  cpu_core.o
    0x08001040   0x08001040   0x00000054   Code   RO         3504    i.CPU_IntDisMeasStop  cpu_core.o
    0x08001094   0x08001094   0x00000038   Code   RO         3505    i.CPU_NameClr       cpu_core.o
    0x080010cc   0x080010cc   0x00000008   Code   RO         3507    i.CPU_NameInit      cpu_core.o
    0x080010d4   0x080010d4   0x00000014   Code   RO         3511    i.CPU_TS_Init       cpu_core.o
    0x080010e8   0x080010e8   0x0000000c   Code   RO         3513    i.CPU_TS_TmrFreqSet  cpu_core.o
    0x080010f4   0x080010f4   0x00000034   Code   RO         3401    i.CPU_TS_TmrInit    bsp.o
    0x08001128   0x08001128   0x0000000c   Code   RO         3402    i.CPU_TS_TmrRd      bsp.o
    0x08001134   0x08001134   0x00000002   Code   RO           19    i.DebugMon_Handler  stm32f10x_it.o
    0x08001136   0x08001136   0x00000116   Code   RO         1352    i.GPIO_Init         stm32f10x_gpio.o
    0x0800124c   0x0800124c   0x00000090   Code   RO         1354    i.GPIO_PinRemapConfig  stm32f10x_gpio.o
    0x080012dc   0x080012dc   0x00000004   Code   RO         1359    i.GPIO_ResetBits    stm32f10x_gpio.o
    0x080012e0   0x080012e0   0x00000004   Code   RO         1360    i.GPIO_SetBits      stm32f10x_gpio.o
    0x080012e4   0x080012e4   0x00000004   Code   RO           20    i.HardFault_Handler  stm32f10x_it.o
    0x080012e8   0x080012e8   0x00000004   Code   RO           21    i.MemManage_Handler  stm32f10x_it.o
    0x080012ec   0x080012ec   0x00000012   Code   RO         3853    i.Mem_Clr           lib_mem.o
    0x080012fe   0x080012fe   0x00000002   PAD
    0x08001300   0x08001300   0x00000048   Code   RO         3857    i.Mem_Init          lib_mem.o
    0x08001348   0x08001348   0x00000062   Code   RO         3870    i.Mem_Set           lib_mem.o
    0x080013aa   0x080013aa   0x00000002   Code   RO           22    i.NMI_Handler       stm32f10x_it.o
    0x080013ac   0x080013ac   0x0000002a   Code   RO         3456    i.NVIC_Configuration  bsp_usart2.o
    0x080013d6   0x080013d6   0x00000002   PAD
    0x080013d8   0x080013d8   0x00000070   Code   RO          201    i.NVIC_Init         misc.o
    0x08001448   0x08001448   0x00000014   Code   RO          202    i.NVIC_PriorityGroupConfig  misc.o
    0x0800145c   0x0800145c   0x00000002   Code   RO         4127    i.OSCfg_Init        os_cfg_app.o
    0x0800145e   0x0800145e   0x00000002   PAD
    0x08001460   0x08001460   0x00000014   Code   RO         5263    i.OSIdleTaskHook    os_cpu_c.o
    0x08001474   0x08001474   0x0000018c   Code   RO         4150    i.OSInit            os_core.o
    0x08001600   0x08001600   0x00000038   Code   RO         5264    i.OSInitHook        os_cpu_c.o
    0x08001638   0x08001638   0x000000e4   Code   RO         4152    i.OSIntExit         os_core.o
    0x0800171c   0x0800171c   0x000000a8   Code   RO         4153    i.OSSched           os_core.o
    0x080017c4   0x080017c4   0x0000007c   Code   RO         4154    i.OSSchedLock       os_core.o
    0x08001840   0x08001840   0x0000006c   Code   RO         4155    i.OSSchedRoundRobinCfg  os_core.o
    0x080018ac   0x080018ac   0x000000a0   Code   RO         4157    i.OSSchedUnlock     os_core.o
    0x0800194c   0x0800194c   0x00000068   Code   RO         4158    i.OSStart           os_core.o
    0x080019b4   0x080019b4   0x00000168   Code   RO         4868    i.OSStatReset       os_stat.o
    0x08001b1c   0x08001b1c   0x00000100   Code   RO         4869    i.OSStatTaskCPUUsageInit  os_stat.o
    0x08001c1c   0x08001c1c   0x00000014   Code   RO         5265    i.OSStatTaskHook    os_cpu_c.o
    0x08001c30   0x08001c30   0x00000294   Code   RO         4899    i.OSTaskCreate      os_task.o
    0x08001ec4   0x08001ec4   0x00000018   Code   RO         5266    i.OSTaskCreateHook  os_cpu_c.o
    0x08001edc   0x08001edc   0x00000208   Code   RO         4900    i.OSTaskDel         os_task.o
    0x080020e4   0x080020e4   0x00000018   Code   RO         5267    i.OSTaskDelHook     os_cpu_c.o
    0x080020fc   0x080020fc   0x00000088   Code   RO         4908    i.OSTaskResume      os_task.o
    0x08002184   0x08002184   0x00000018   Code   RO         5268    i.OSTaskReturnHook  os_cpu_c.o
    0x0800219c   0x0800219c   0x00000250   Code   RO         4909    i.OSTaskSemPend     os_task.o
    0x080023ec   0x080023ec   0x000000e4   Code   RO         4913    i.OSTaskStkChk      os_task.o
    0x080024d0   0x080024d0   0x000000c0   Code   RO         5269    i.OSTaskStkInit     os_cpu_c.o
    0x08002590   0x08002590   0x00000060   Code   RO         4914    i.OSTaskSuspend     os_task.o
    0x080025f0   0x080025f0   0x000000a4   Code   RO         5270    i.OSTaskSwHook      os_cpu_c.o
    0x08002694   0x08002694   0x00000150   Code   RO         5114    i.OSTimeDly         os_time.o
    0x080027e4   0x080027e4   0x00000044   Code   RO         5119    i.OSTimeTick        os_time.o
    0x08002828   0x08002828   0x00000014   Code   RO         5271    i.OSTimeTickHook    os_cpu_c.o
    0x0800283c   0x0800283c   0x00000040   Code   RO         5272    i.OS_CPU_SysTickHandler  os_cpu_c.o
    0x0800287c   0x0800287c   0x00000030   Code   RO         5273    i.OS_CPU_SysTickInit  os_cpu_c.o
    0x080028ac   0x080028ac   0x000001b4   Code   RO         4396    i.OS_Dbg_Init       os_dbg.o
    0x08002a60   0x08002a60   0x00000018   Code   RO         4421    i.OS_FlagInit       os_flag.o
    0x08002a78   0x08002a78   0x0000027c   Code   RO         4422    i.OS_FlagPost       os_flag.o
    0x08002cf4   0x08002cf4   0x00000056   Code   RO         4423    i.OS_FlagTaskRdy    os_flag.o
    0x08002d4a   0x08002d4a   0x00000002   PAD
    0x08002d4c   0x08002d4c   0x0000004c   Code   RO         4160    i.OS_IdleTask       os_core.o
    0x08002d98   0x08002d98   0x00000070   Code   RO         4161    i.OS_IdleTaskInit   os_core.o
    0x08002e08   0x08002e08   0x00000104   Code   RO         4495    i.OS_IntQPost       os_int.o
    0x08002f0c   0x08002f0c   0x000001a4   Code   RO         4496    i.OS_IntQRePost     os_int.o
    0x080030b0   0x080030b0   0x000000c8   Code   RO         4497    i.OS_IntQTask       os_int.o
    0x08003178   0x08003178   0x00000128   Code   RO         4498    i.OS_IntQTaskInit   os_int.o
    0x080032a0   0x080032a0   0x00000018   Code   RO         4529    i.OS_MemInit        os_mem.o
    0x080032b8   0x080032b8   0x0000007c   Code   RO         4561    i.OS_MsgPoolInit    os_msg.o
    0x08003334   0x08003334   0x00000044   Code   RO         4562    i.OS_MsgQFreeAll    os_msg.o
    0x08003378   0x08003378   0x0000000e   Code   RO         4564    i.OS_MsgQInit       os_msg.o
    0x08003386   0x08003386   0x00000002   PAD
    0x08003388   0x08003388   0x00000104   Code   RO         4565    i.OS_MsgQPut        os_msg.o
    0x0800348c   0x0800348c   0x00000018   Code   RO         4605    i.OS_MutexInit      os_mutex.o
    0x080034a4   0x080034a4   0x00000068   Code   RO         4162    i.OS_Pend           os_core.o
    0x0800350c   0x0800350c   0x00000026   Code   RO         4165    i.OS_PendDataInit   os_core.o
    0x08003532   0x08003532   0x00000002   PAD
    0x08003534   0x08003534   0x0000005c   Code   RO         4166    i.OS_PendDbgNameAdd  os_core.o
    0x08003590   0x08003590   0x00000024   Code   RO         4167    i.OS_PendDbgNameRemove  os_core.o
    0x080035b4   0x080035b4   0x00000066   Code   RO         4171    i.OS_PendListInsertPrio  os_core.o
    0x0800361a   0x0800361a   0x00000030   Code   RO         4172    i.OS_PendListRemove  os_core.o
    0x0800364a   0x0800364a   0x00000042   Code   RO         4173    i.OS_PendListRemove1  os_core.o
    0x0800368c   0x0800368c   0x000000c0   Code   RO         4176    i.OS_Post           os_core.o
    0x0800374c   0x0800374c   0x0000002a   Code   RO         4177    i.OS_Post1          os_core.o
    0x08003776   0x08003776   0x00000002   PAD
    0x08003778   0x08003778   0x00000028   Code   RO         4687    i.OS_PrioGetHighest  os_prio.o
    0x080037a0   0x080037a0   0x00000018   Code   RO         4688    i.OS_PrioInit       os_prio.o
    0x080037b8   0x080037b8   0x00000024   Code   RO         4689    i.OS_PrioInsert     os_prio.o
    0x080037dc   0x080037dc   0x00000024   Code   RO         4690    i.OS_PrioRemove     os_prio.o
    0x08003800   0x08003800   0x00000018   Code   RO         4733    i.OS_QInit          os_q.o
    0x08003818   0x08003818   0x00000188   Code   RO         4734    i.OS_QPost          os_q.o
    0x080039a0   0x080039a0   0x00000024   Code   RO         4178    i.OS_RdyListInit    os_core.o
    0x080039c4   0x080039c4   0x0000002c   Code   RO         4179    i.OS_RdyListInsert  os_core.o
    0x080039f0   0x080039f0   0x00000040   Code   RO         4180    i.OS_RdyListInsertHead  os_core.o
    0x08003a30   0x08003a30   0x0000003c   Code   RO         4181    i.OS_RdyListInsertTail  os_core.o
    0x08003a6c   0x08003a6c   0x00000044   Code   RO         4182    i.OS_RdyListMoveHeadToTail  os_core.o
    0x08003ab0   0x08003ab0   0x0000005c   Code   RO         4183    i.OS_RdyListRemove  os_core.o
    0x08003b0c   0x08003b0c   0x0000005c   Code   RO         4184    i.OS_Sched0         os_core.o
    0x08003b68   0x08003b68   0x0000001c   Code   RO         4185    i.OS_SchedLockTimeMeasStart  os_core.o
    0x08003b84   0x08003b84   0x0000003c   Code   RO         4186    i.OS_SchedLockTimeMeasStop  os_core.o
    0x08003bc0   0x08003bc0   0x000000ec   Code   RO         4187    i.OS_SchedRoundRobin  os_core.o
    0x08003cac   0x08003cac   0x00000018   Code   RO         4805    i.OS_SemInit        os_sem.o
    0x08003cc4   0x08003cc4   0x00000198   Code   RO         4806    i.OS_SemPost        os_sem.o
    0x08003e5c   0x08003e5c   0x000003b8   Code   RO         4870    i.OS_StatTask       os_stat.o
    0x08004214   0x08004214   0x000000cc   Code   RO         4871    i.OS_StatTaskInit   os_stat.o
    0x080042e0   0x080042e0   0x00000038   Code   RO         4188    i.OS_TaskBlock      os_core.o
    0x08004318   0x08004318   0x00000030   Code   RO         4916    i.OS_TaskDbgListAdd  os_task.o
    0x08004348   0x08004348   0x00000044   Code   RO         4917    i.OS_TaskDbgListRemove  os_task.o
    0x0800438c   0x0800438c   0x00000020   Code   RO         4918    i.OS_TaskInit       os_task.o
    0x080043ac   0x080043ac   0x000000d0   Code   RO         4919    i.OS_TaskInitTCB    os_task.o
    0x0800447c   0x0800447c   0x0000026c   Code   RO         4920    i.OS_TaskQPost      os_task.o
    0x080046e8   0x080046e8   0x0000001c   Code   RO         4189    i.OS_TaskRdy        os_core.o
    0x08004704   0x08004704   0x0000017c   Code   RO         4921    i.OS_TaskResume     os_task.o
    0x08004880   0x08004880   0x00000018   Code   RO         4922    i.OS_TaskReturn     os_task.o
    0x08004898   0x08004898   0x000005a8   Code   RO         4923    i.OS_TaskSemPost    os_task.o
    0x08004e40   0x08004e40   0x00000190   Code   RO         4924    i.OS_TaskSuspend    os_task.o
    0x08004fd0   0x08004fd0   0x00000028   Code   RO         5066    i.OS_TickListInit   os_tick.o
    0x08004ff8   0x08004ff8   0x000001bc   Code   RO         5067    i.OS_TickListInsert  os_tick.o
    0x080051b4   0x080051b4   0x00000038   Code   RO         5068    i.OS_TickListRemove  os_tick.o
    0x080051ec   0x080051ec   0x00000024   Code   RO         5069    i.OS_TickListResetPeak  os_tick.o
    0x08005210   0x08005210   0x00000220   Code   RO         5070    i.OS_TickListUpdate  os_tick.o
    0x08005430   0x08005430   0x0000002c   Code   RO         5071    i.OS_TickTask       os_tick.o
    0x0800545c   0x0800545c   0x000000b8   Code   RO         5072    i.OS_TickTaskInit   os_tick.o
    0x08005514   0x08005514   0x00000128   Code   RO         5165    i.OS_TmrInit        os_tmr.o
    0x0800563c   0x0800563c   0x000000d0   Code   RO         5166    i.OS_TmrLink        os_tmr.o
    0x0800570c   0x0800570c   0x00000024   Code   RO         5167    i.OS_TmrResetPeak   os_tmr.o
    0x08005730   0x08005730   0x000000c0   Code   RO         5168    i.OS_TmrTask        os_tmr.o
    0x080057f0   0x080057f0   0x00000050   Code   RO         5169    i.OS_TmrUnlink      os_tmr.o
    0x08005840   0x08005840   0x00000020   Code   RO         1769    i.RCC_APB1PeriphClockCmd  stm32f10x_rcc.o
    0x08005860   0x08005860   0x00000020   Code   RO         1771    i.RCC_APB2PeriphClockCmd  stm32f10x_rcc.o
    0x08005880   0x08005880   0x00000190   Code   RO         1779    i.RCC_GetClocksFreq  stm32f10x_rcc.o
    0x08005a10   0x08005a10   0x00000002   Code   RO           23    i.SVC_Handler       stm32f10x_it.o
    0x08005a12   0x08005a12   0x00000008   Code   RO          160    i.SetSysClock       system_stm32f10x.o
    0x08005a1a   0x08005a1a   0x00000002   PAD
    0x08005a1c   0x08005a1c   0x00000118   Code   RO          161    i.SetSysClockTo72   system_stm32f10x.o
    0x08005b34   0x08005b34   0x0000006c   Code   RO          163    i.SystemInit        system_stm32f10x.o
    0x08005ba0   0x08005ba0   0x00000018   Code   RO         2992    i.USART_Cmd         stm32f10x_usart.o
    0x08005bb8   0x08005bb8   0x0000001a   Code   RO         2995    i.USART_GetFlagStatus  stm32f10x_usart.o
    0x08005bd2   0x08005bd2   0x0000004a   Code   RO         2998    i.USART_ITConfig    stm32f10x_usart.o
    0x08005c1c   0x08005c1c   0x000000d8   Code   RO         2999    i.USART_Init        stm32f10x_usart.o
    0x08005cf4   0x08005cf4   0x00000008   Code   RO         3009    i.USART_SendData    stm32f10x_usart.o
    0x08005cfc   0x08005cfc   0x00000004   Code   RO           24    i.UsageFault_Handler  stm32f10x_it.o
    0x08005d00   0x08005d00   0x00000038   Code   RO         3435    i.bspLedInit        bsp_led.o
    0x08005d38   0x08005d38   0x00000030   Code   RO         3436    i.bspLedToggle      bsp_led.o
    0x08005d68   0x08005d68   0x00000024   Code   RO         3458    i.fputc             bsp_usart2.o
    0x08005d8c   0x08005d8c   0x00000060   Code   RO         3226    i.main              app.o
    0x08005dec   0x08005dec   0x000000a4   Data   RO         4129    .constdata          os_cfg_app.o
    0x08005e90   0x08005e90   0x0000016c   Data   RO         4397    .constdata          os_dbg.o
    0x08005ffc   0x08005ffc   0x00000004   Data   RO         5386    .constdata          c_w.l(sys_io.o)
    0x08006000   0x08006000   0x00000004   Data   RO         5387    .constdata          c_w.l(sys_io.o)
    0x08006004   0x08006004   0x00000004   Data   RO         5388    .constdata          c_w.l(sys_io.o)
    0x08006008   0x08006008   0x00000020   Data   RO         5667    Region$$Table       anon$$obj.o


    Execution Region RW_IRAM1 (Exec base: 0x20000000, Load base: 0x08006028, Size: 0x0000abf8, Max: 0x00010000, ABSOLUTE)

    Exec Addr    Load Addr    Size         Type   Attr      Idx    E Section Name        Object

    0x20000000   0x08006028   0x00000002   Data   RW           25    .data               stm32f10x_it.o
    0x20000002   0x0800602a   0x00000014   Data   RW         1807    .data               stm32f10x_rcc.o
    0x20000016   0x0800603e   0x00000002   PAD
    0x20000018   0x08006040   0x00000004   Data   RW         3437    .data               bsp_led.o
    0x2000001c   0x08006044   0x0000001c   Data   RW         3517    .data               cpu_core.o
    0x20000038   0x08006060   0x00000004   Data   RW         3872    .data               lib_mem.o
    0x2000003c   0x08006064   0x00000004   Data   RW         4691    .data               os_prio.o
    0x20000040   0x08006068   0x000000d0   Data   RW         5247    .data               os_var.o
    0x20000110   0x08006138   0x00000004   Data   RW         5274    .data               os_cpu_c.o
    0x20000114   0x0800613c   0x00000004   Data   RW         5357    .data               c_w.l(stdio_streams.o)
    0x20000118   0x08006140   0x00000004   Data   RW         5358    .data               c_w.l(stdio_streams.o)
    0x2000011c   0x08006144   0x00000004   Data   RW         5359    .data               c_w.l(stdio_streams.o)
    0x20000120        -       0x00001d20   Zero   RW         3227    .bss                app.o
    0x20001e40        -       0x00000010   Zero   RW         3515    .bss                cpu_core.o
    0x20001e50        -       0x00006c48   Zero   RW         3871    .bss                lib_mem.o
    0x20008a98        -       0x00001490   Zero   RW         4128    .bss                os_cfg_app.o
    0x20009f28        -       0x00000574   Zero   RW         5246    .bss                os_var.o
    0x2000a49c        -       0x00000054   Zero   RW         5354    .bss                c_w.l(stdio_streams.o)
    0x2000a4f0        -       0x00000054   Zero   RW         5355    .bss                c_w.l(stdio_streams.o)
    0x2000a544        -       0x00000054   Zero   RW         5356    .bss                c_w.l(stdio_streams.o)
    0x2000a598        -       0x00000060   Zero   RW         5539    .bss                c_w.l(libspace.o)
    0x2000a5f8        -       0x00000200   Zero   RW          195    HEAP                startup_stm32f10x_cl.o
    0x2000a7f8        -       0x00000400   Zero   RW          194    STACK               startup_stm32f10x_cl.o


==============================================================================

Image component sizes


      Code (inc. data)   RO Data    RW Data    ZI Data      Debug   Object Name

       516        154          0          0       7456      45438   app.o
        96         14          0          0          0       1777   bsp.o
       104         10          0          4          0       1280   bsp_led.o
       226         12          0          0          0       1623   bsp_usart2.o
         0          0          0          0          0       4540   core_cm3.o
        52          0          0          0          0        332   cpu_a.o
       540         98          0         28         16      16185   cpu_core.o
       188         18          0          4      27720      13503   lib_mem.o
       132         22          0          0          0       1443   misc.o
         2          0        164          0       5264      20886   os_cfg_app.o
      3060        414          0          0          0      19707   os_core.o
       132         32          0          0          0        376   os_cpu_a.o
       656         68          0          4          0       7977   os_cpu_c.o
       436        286        364          0          0       4769   os_dbg.o
       746         28          0          0          0       3041   os_flag.o
      1176        204          0          0          0       3418   os_int.o
        24         10          0          0          0        845   os_mem.o
       466         26          0          0          0       3153   os_msg.o
        24         10          0          0          0        843   os_mutex.o
       136         16          0          4          0       2738   os_prio.o
       416         20          0          0          0       2162   os_q.o
       432         14          0          0          0       2190   os_sem.o
      1772        214          0          0          0       3995   os_stat.o
      5460        260          0          0          0      13612   os_task.o
      1348        124          0          0          0       5349   os_tick.o
       404         28          0          0          0       1713   os_time.o
       812        134          0          0          0       4052   os_tmr.o
         0          0          0        208       1396      19453   os_var.o
        64         26        336          0       1536        804   startup_stm32f10x_cl.o
         8          0          0          0          0       2541   stm32f10x_adc.o
       430          6          0          0          0       3726   stm32f10x_gpio.o
        46         10          0          2          0     261780   stm32f10x_it.o
       464         38          0         20          0       5090   stm32f10x_rcc.o
       348          6          0          0          0       4681   stm32f10x_usart.o
       396         32          0          0          0       1841   system_stm32f10x.o

    ----------------------------------------------------------------------
     21128       2334        896        276      43388     486863   Object Totals
         0          0         32          0          0          0   (incl. Generated)
        16          0          0          2          0          0   (incl. Padding)

    ----------------------------------------------------------------------

      Code (inc. data)   RO Data    RW Data    ZI Data      Debug   Library Member Name

         8          0          0          0          0         68   __main.o
        40          0          0          0          0         84   __printf_nopercent.o
         0          0          0          0          0          0   __rtentry.o
        12          0          0          0          0          0   __rtentry2.o
         6          0          0          0          0          0   __rtentry4.o
        52          8          0          0          0          0   __scatter.o
        26          0          0          0          0          0   __scatter_copy.o
        28          0          0          0          0          0   __scatter_zi.o
        48          6          0          0          0         96   _printf_char_common.o
        36          4          0          0          0         80   _printf_char_file.o
        10          0          0          0          0         68   defsig_exit.o
        50          0          0          0          0         88   defsig_general.o
        80         58          0          0          0         76   defsig_rtmem_inner.o
        14          0          0          0          0         80   defsig_rtmem_outer.o
        52         38          0          0          0         76   defsig_rtred_inner.o
        14          0          0          0          0         80   defsig_rtred_outer.o
        18          0          0          0          0         80   exit.o
        76          0          0          0          0         88   fclose.o
         8          0          0          0          0         68   ferror.o
       236          4          0          0          0        128   fopen.o
       248          6          0          0          0         84   fseek.o
        66          0          0          0          0         76   ftell.o
        94          0          0          0          0         80   h1_alloc.o
        52          0          0          0          0         68   h1_extend.o
        78          0          0          0          0         80   h1_free.o
        14          0          0          0          0         84   h1_init.o
         6          0          0          0          0        152   heapauxi.o
         4          0          0          0          0        136   hguard.o
         0          0          0          0          0          0   indicate_semi.o
       138          0          0          0          0        168   init_alloc.o
       312         46          0          0          0        112   initio.o
         2          0          0          0          0          0   libinit.o
        14          0          0          0          0          0   libinit2.o
         2          0          0          0          0          0   libshutdown.o
         6          0          0          0          0          0   libshutdown2.o
         8          4          0          0         96         68   libspace.o
         0          0          0          0          0          0   maybetermalloc1.o
        24          4          0          0          0         84   noretval__2printf.o
         8          4          0          0          0         68   rt_errno_addr_intlibspace.o
         8          4          0          0          0         68   rt_heap_descriptor_intlibspace.o
        78          0          0          0          0         80   rt_memclr_w.o
         2          0          0          0          0          0   rtexit.o
        10          0          0          0          0          0   rtexit2.o
        70          0          0          0          0         80   setvbuf.o
       240          6          0          0          0        156   stdio.o
         0          0          0         12        252          0   stdio_streams.o
        62          0          0          0          0         76   strlen.o
        12          4          0          0          0         68   sys_exit.o
       102          0         12          0          0        240   sys_io.o
        74          0          0          0          0         80   sys_stackheap_outer.o
        14          0          0          0          0         76   sys_wrch.o
         2          0          0          0          0         68   use_no_semi.o

    ----------------------------------------------------------------------
      2580        196         12         12        348       3412   Library Totals
        16          0          0          0          0          0   (incl. Padding)

    ----------------------------------------------------------------------

      Code (inc. data)   RO Data    RW Data    ZI Data      Debug   Library Name

      2564        196         12         12        348       3412   c_w.l

    ----------------------------------------------------------------------
      2580        196         12         12        348       3412   Library Totals

    ----------------------------------------------------------------------

==============================================================================


      Code (inc. data)   RO Data    RW Data    ZI Data      Debug   

     23708       2530        908        288      43736     480859   Grand Totals
     23708       2530        908        288      43736     480859   ELF Image Totals
     23708       2530        908        288          0          0   ROM Totals

==============================================================================

    Total RO  Size (Code + RO Data)                24616 (  24.04kB)
    Total RW  Size (RW Data + ZI Data)             44024 (  42.99kB)
    Total ROM Size (Code + RO Data + RW Data)      24904 (  24.32kB)

==============================================================================

